******************************************************************************
                  TI ARM Linker Unix v15.12.1                  
******************************************************************************
>> Linked Wed Dec 14 19:09:09 2016

OUTPUT FILE NAME:   <bin/tda2xx-evm/edma3_drv_arm_tda2xx_core0_sample_m4_debug.xem4>
ENTRY POINT SYMBOL: "ti_sysbios_family_arm_ducati_Core_reset"  address: 00000009


MEMORY CONFIGURATION

         name            origin    length      used     unused   attr    fill
----------------------  --------  ---------  --------  --------  ----  --------
  L2_ROM                00000000   00004000  000001a0  00003e60  RWIX
  L2_RAM                20000000   00010000  00000000  00010000  RWIX
  OCMC_RAM1             40300000   00080000  00000000  00080000  RWIX
  OCMC_RAM2             40400000   00100000  00000000  00100000  RWIX
  OCMC_RAM3             40500000   00100000  00000000  00100000  RWIX
  CODE_CORE_IPU1_0      84000000   01000000  00017c42  00fe83be  RW X
  PRIVATE_DATA_CORE_IPU 85000000   01800000  0003eea4  017c115c  RW X
  SHARED_FRAME_BUFFER   8a000000   04000000  00000000  04000000  RW X
  SHARED_CTRL           a0000000   01000000  00000000  01000000  RW X
  SHARED_LOG_MEM        a1000000   00700000  00000000  00700000  RW X
  HDVPSS_DESCRIPTOR_NON a1800000   00800000  00000000  00800000  RW X
  SHARED_MEM            a2000000   01000000  00000000  01000000  RW X


SEGMENT ALLOCATION MAP

run origin  load origin   length   init length attrs members
----------  ----------- ---------- ----------- ----- -------
00000000    00000000    00000050   00000050    r-x
  00000000    00000000    00000050   00000050    r-x .ducatiBoot
00000400    00000400    00000140   00000140    r--
  00000400    00000400    00000140   00000140    r-- .resetVecs
000007f0    000007f0    00000010   00000000    rw-
  000007f0    000007f0    00000010   00000000    rw- .ducatiGates
84000000    84000000    00017c42   00017c42    r-x
  84000000    84000000    00017c42   00017c42    r-x .text
85000000    85000000    00030788   00000000    rw-
  85000000    85000000    00030788   00000000    rw- .bss
85030788    85030788    000091d4   000051d2    rw-
  85030788    85030788    000051d2   000051d2    rw- .data
  8503595c    8503595c    00004000   00000000    rw- .stack
8503995c    8503995c    00002b8a   00002b8a    r--
  8503995c    8503995c    00002b8a   00002b8a    r-- .const
8503c500    8503c500    000029c0   00000000    rw-
  8503c500    8503c500    000021c0   00000000    rw- .my_sect_ddr
  8503e6c0    8503e6c0    00000800   00000000    rw- .bss:taskStackSection


SECTION ALLOCATION MAP

 output                                  attributes/
section   page    origin      length       input sections
--------  ----  ----------  ----------   ----------------
.bss       0    85000000    00030788     UNINITIALIZED
                  85000000    00015000     (.common:ti_sysbios_heaps_HeapMem_Instance_State_0_buf__A)
                  85015000    000088e0     (.common:edma3DrvChBoundRes)
                  8501d8e0    00005b40     edma3_lld_rm.aem4 : edma3resmgr.oem4 (.bss:edma3RmChBoundRes)
                  85023420    000047e0     (.common:drvInstance)
                  85027c00    00003ca0     (.common:resMgrInstanceArray)
                  8502b8a0    00001a40     (.common:userInstInitConfigArray)
                  8502d2e0    00000e74     (.common:drvObj)
                  8502e154    00000e74     (.common:resMgrObj)
                  8502efc8    00000a00                       : edma3resmgr.oem4 (.bss:edma3IntrParams)
                  8502f9c8    00000500                       : edma3resmgr.oem4 (.bss:edma3DmaChTccMapping)
                  8502fec8    00000400     (.common:xdc_runtime_SysMin_Module_State_0_outbuf__A)
                  850302c8    00000140     (.common:ti_sysbios_family_arm_m3_Hwi_dispatchTable)
                  85030408    00000120     rtsv7M4_T_le_eabi.lib : trgmsg.obj (.bss:_CIOBUF_)
                  85030528    000000a0     edma3_lld_rm.aem4 : edma3resmgr.oem4 (.bss:edma3QdmaChTccMapping)
                  850305c8    000000a0     (.common:__TI_tmpnams)
                  85030668    00000040                       : edma3resmgr.oem4 (.bss:contiguousParamRes)
                  850306a8    00000020     (.common:hwiTCErrInt)
                  850306c8    00000014     (.common:edma3_dma_ch_max_val)
                  850306dc    00000014     (.common:edma3_link_ch_max_val)
                  850306f0    00000014     (.common:edma3_link_ch_min_val)
                  85030704    00000014     (.common:edma3_log_ch_max_val)
                  85030718    00000014     (.common:edma3_qdma_ch_max_val)
                  8503072c    00000014     (.common:edma3_qdma_ch_min_val)
                  85030740    00000008     rtsv7M4_T_le_eabi.lib : trgdrv.obj (.bss:parmbuf)
                  85030748    00000004     (.common:dsp_num)
                  8503074c    00000004     (.common:dsp_num_tmp)
                  85030750    00000004     (.common:dstBuff1)
                  85030754    00000004     (.common:dstBuff2)
                  85030758    00000004     (.common:dstL1DBuff1)
                  8503075c    00000004     (.common:dstL1DBuff2)
                  85030760    00000004     (.common:hwiCCErrInt)
                  85030764    00000004     (.common:hwiCCXferCompInt)
                  85030768    00000004     (.common:myCoreNum)
                  8503076c    00000004     (.common:pingpongDestBuf)
                  85030770    00000004     (.common:pingpongDestBufCopy)
                  85030774    00000004     (.common:pingpongSrcBuf)
                  85030778    00000004     (.common:pingpongSrcBufCopy)
                  8503077c    00000004     (.common:region_id)
                  85030780    00000004     (.common:srcBuff1)
                  85030784    00000004     (.common:srcBuff2)

.neardata 
*          0    85030788    00000000     UNINITIALIZED

.rodata    0    85030788    00000000     UNINITIALIZED

.stack     0    8503595c    00004000     UNINITIALIZED
                  8503595c    00004000     --HOLE--

.cinit     0    84000000    00000000     UNINITIALIZED

.init_array 
*          0    84000000    00000000     UNINITIALIZED

.bootVecs 
*          0    00000000    00000008     DSECT
                  00000000    00000008     boot.aem4 : boot.oem4 (.bootVecs)

.resetVecs 
*          0    00000400    00000140     
                  00000400    00000140     edma3_drv_bios6_tda2xx_m4_c0_st_sample_pem4.oem4 (.resetVecs)

.vecs      0    00000400    00000000     DSECT

.ducatiBoot 
*          0    00000000    00000050     
                  00000000    00000050     sysbios.aem4 : ducati_Core_asm.obj (.ducatiBoot)

.ducatiGates 
*          0    000007f0    00000010     UNINITIALIZED
                  000007f0    00000010     edma3_drv_bios6_tda2xx_m4_c0_st_sample_pem4.oem4 (.ducatiGates)

.data      0    85030788    000051d2     
                  85030788    000017a0     edma3_lld_drv_sample.aem4 : sample_tda2xx_cfg.oem4 (.data:sampleXbarChanInitConfig)
                  85031f28    00000fc0     edma3_lld_rm.aem4 : edma3_tda2xx_cfg.oem4 (.data:defInstInitConfig)
                  85032ee8    00000fc0     edma3_lld_drv_sample.aem4 : sample_tda2xx_cfg.oem4 (.data:sampleInstInitConfig)
                  85033ea8    00000888     edma3_lld_rm.aem4 : edma3_tda2xx_cfg.oem4 (.data:edma3GblCfgParams)
                  85034730    00000888     edma3_lld_drv_sample.aem4 : sample_tda2xx_cfg.oem4 (.data:sampleEdma3GblCfgParams)
                  85034fb8    000000f0     rtsv7M4_T_le_eabi.lib : defs.obj (.data:_ftable)
                  850350a8    000000d0                           : lowlev.obj (.data:$O1$$)
                  85035178    00000080     edma3_drv_bios6_tda2xx_m4_c0_st_sample_pem4.oem4 (.data:ti_sysbios_knl_Swi_Module_State_0_readyQ__A)
                  850351f8    00000080     edma3_drv_bios6_tda2xx_m4_c0_st_sample_pem4.oem4 (.data:ti_sysbios_knl_Task_Module_State_0_readyQ__A)
                  85035278    00000072     edma3_drv_bios6_tda2xx_m4_c0_st_sample_pem4.oem4 (.data:ti_sysbios_family_shared_vayu_IntXbar_Module_State_0_intXbar__A)
                  850352ea    00000002     edma3_lld_drv.aem4 : edma3_drv_init.oem4 (.data)
                  850352ec    00000060     edma3_lld_drv_sample.aem4 : sample_tda2xx_cfg.oem4 (.data:ccCompEdmaXbarIndex)
                  8503534c    00000060                               : sample_tda2xx_cfg.oem4 (.data:ccXferCompInt)
                  850353ac    00000060                               : sample_tda2xx_cfg.oem4 (.data:ccXferCompIntXbarInstNo)
                  8503540c    00000060                               : sample_tda2xx_cfg.oem4 (.data:tcErrEdmaXbarIndex)
                  8503546c    00000060                               : sample_tda2xx_cfg.oem4 (.data:tcErrorInt)
                  850354cc    00000060                               : sample_tda2xx_cfg.oem4 (.data:tcErrorIntXbarInstNo)
                  8503552c    0000004c     edma3_drv_bios6_tda2xx_m4_c0_st_sample_pem4.oem4 (.data:ti_sysbios_knl_Task_Object__table__V)
                  85035578    00000044     edma3_drv_bios6_tda2xx_m4_c0_st_sample_pem4.oem4 (.data:ti_sysbios_knl_Task_Module__state__V)
                  850355bc    00000038     edma3_drv_bios6_tda2xx_m4_c0_st_sample_pem4.oem4 (.data:ti_sysbios_gates_GateMutex_Object__table__V)
                  850355f4    00000034     edma3_drv_bios6_tda2xx_m4_c0_st_sample_pem4.oem4 (.data:ti_sysbios_family_arm_ducati_Timer_Object__table__V)
                  85035628    00000034     edma3_drv_bios6_tda2xx_m4_c0_st_sample_pem4.oem4 (.data:ti_sysbios_family_arm_m3_Hwi_Module__state__V)
                  8503565c    00000030     edma3_drv_bios6_tda2xx_m4_c0_st_sample_pem4.oem4 (.data:ti_sysbios_family_arm_m3_Hwi_Object__table__V)
                  8503568c    00000030     edma3_drv_bios6_tda2xx_m4_c0_st_sample_pem4.oem4 (.data:ti_sysbios_knl_Swi_Object__table__V)
                  850356bc    0000002c     edma3_drv_bios6_tda2xx_m4_c0_st_sample_pem4.oem4 (.data:ti_sysbios_knl_Clock_Module__state__V)
                  850356e8    00000028     edma3_lld_rm.aem4 : edma3resmgr.oem4 (.data:allocatedTCCs)
                  85035710    00000024     edma3_drv_bios6_tda2xx_m4_c0_st_sample_pem4.oem4 (.data:ti_sysbios_BIOS_Module__state__V)
                  85035734    00000020     edma3_lld_drv_sample.aem4 : sample_tda2xx_arm_int_reg.oem4 (.data:ptrEdma3TcIsrHandler)
                  85035754    00000020     edma3_drv_bios6_tda2xx_m4_c0_st_sample_pem4.oem4 (.data:ti_sysbios_family_arm_ducati_GateDualCore_Object__table__V)
                  85035774    00000020     edma3_drv_bios6_tda2xx_m4_c0_st_sample_pem4.oem4 (.data:xdc_runtime_System_Module_State_0_atexitHandlers__A)
                  85035794    0000001c     edma3_drv_bios6_tda2xx_m4_c0_st_sample_pem4.oem4 (.data:ti_sysbios_knl_Swi_Module__state__V)
                  850357b0    00000018     edma3_drv_bios6_tda2xx_m4_c0_st_sample_pem4.oem4 (.data:ti_sysbios_heaps_HeapMem_Object__table__V)
                  850357c8    00000014     edma3_lld_rm.aem4 : edma3resmgr.oem4 (.data:masterExists)
                  850357dc    00000010                       : edma3_rm_gbl_data.oem4 (.data)
                  850357ec    00000010     qdma_link_test.oem4 (.data)
                  850357fc    00000010     rtsv7M4_T_le_eabi.lib : defs.obj (.data)
                  8503580c    0000000c                           : exit.obj (.data:$O1$$)
                  85035818    0000000c     edma3_lld_drv_sample.aem4 : sample_tda2xx_cfg.oem4 (.data:ccErrEdmaXbarIndex)
                  85035824    0000000c                               : sample_tda2xx_cfg.oem4 (.data:ccErrorInt)
                  85035830    0000000c                               : sample_tda2xx_cfg.oem4 (.data:ccErrorIntXbarInstNo)
                  8503583c    0000000c     common.oem4 (.data)
                  85035848    0000000c     edma3_lld_drv_sample.aem4 : sample_tda2xx_arm_int_reg.oem4 (.data)
                  85035854    0000000c                               : sample_tda2xx_cfg.oem4 (.data:numEdma3Tc)
                  85035860    0000000c                               : sample_tda2xx_cfg.oem4 (.data:semHandle)
                  8503586c    0000000c     edma3_drv_bios6_tda2xx_m4_c0_st_sample_pem4.oem4 (.data:ti_sysbios_family_arm_ducati_Timer_Module__state__V)
                  85035878    0000000c     edma3_drv_bios6_tda2xx_m4_c0_st_sample_pem4.oem4 (.data:xdc_runtime_SysMin_Module__state__V)
                  85035884    0000000a     edma3_lld_rm.aem4 : edma3resmgr.oem4 (.data)
                  8503588e    00000002     edma3_drv_bios6_tda2xx_m4_c0_st_sample_pem4.oem4 (.data:ti_sysbios_family_arm_m3_Hwi_Module_State_0_excActive__A)
                  85035890    00000008     rtsv7M4_T_le_eabi.lib : _lock.obj (.data:$O1$$)
                  85035898    00000008     edma3_lld_rm.aem4 : edma3resmgr.oem4 (.data:contiguousDmaRes)
                  850358a0    00000008                       : edma3resmgr.oem4 (.data:contiguousTccRes)
                  850358a8    00000008     qdma_test.oem4 (.data)
                  850358b0    00000008     edma3_drv_bios6_tda2xx_m4_c0_st_sample_pem4.oem4 (.data:ti_sysbios_family_arm_ducati_GateDualCore_Module__root__V)
                  850358b8    00000008     edma3_drv_bios6_tda2xx_m4_c0_st_sample_pem4.oem4 (.data:ti_sysbios_family_arm_ducati_Timer_Module__root__V)
                  850358c0    00000008     edma3_drv_bios6_tda2xx_m4_c0_st_sample_pem4.oem4 (.data:ti_sysbios_family_arm_m3_Hwi_Module__root__V)
                  850358c8    00000008     edma3_drv_bios6_tda2xx_m4_c0_st_sample_pem4.oem4 (.data:ti_sysbios_gates_GateHwi_Module__root__V)
                  850358d0    00000008     edma3_drv_bios6_tda2xx_m4_c0_st_sample_pem4.oem4 (.data:ti_sysbios_gates_GateMutex_Module__root__V)
                  850358d8    00000008     edma3_drv_bios6_tda2xx_m4_c0_st_sample_pem4.oem4 (.data:ti_sysbios_hal_Hwi_Module__root__V)
                  850358e0    00000008     edma3_drv_bios6_tda2xx_m4_c0_st_sample_pem4.oem4 (.data:ti_sysbios_heaps_HeapMem_Module__root__V)
                  850358e8    00000008     edma3_drv_bios6_tda2xx_m4_c0_st_sample_pem4.oem4 (.data:ti_sysbios_knl_Clock_Module__root__V)
                  850358f0    00000008     edma3_drv_bios6_tda2xx_m4_c0_st_sample_pem4.oem4 (.data:ti_sysbios_knl_Queue_Module__root__V)
                  850358f8    00000008     edma3_drv_bios6_tda2xx_m4_c0_st_sample_pem4.oem4 (.data:ti_sysbios_knl_Semaphore_Module__root__V)
                  85035900    00000008     edma3_drv_bios6_tda2xx_m4_c0_st_sample_pem4.oem4 (.data:ti_sysbios_knl_Swi_Module__root__V)
                  85035908    00000008     edma3_drv_bios6_tda2xx_m4_c0_st_sample_pem4.oem4 (.data:ti_sysbios_knl_Task_Module__root__V)
                  85035910    00000008     edma3_drv_bios6_tda2xx_m4_c0_st_sample_pem4.oem4 (.data:xdc_runtime_Registry_Module__state__V)
                  85035918    00000008     edma3_drv_bios6_tda2xx_m4_c0_st_sample_pem4.oem4 (.data:xdc_runtime_Startup_Module__state__V)
                  85035920    00000008     edma3_drv_bios6_tda2xx_m4_c0_st_sample_pem4.oem4 (.data:xdc_runtime_System_Module__state__V)
                  85035928    00000004     edma3_lld_rm.aem4 : edma3resmgr.oem4 (.data:contiguousQdmaRes)
                  8503592c    00000004     main.oem4 (.data)
                  85035930    00000004     rtsv7M4_T_le_eabi.lib : errno.obj (.data)
                  85035934    00000004                           : fopen.obj (.data)
                  85035938    00000004                           : stkdepth_vars.obj (.data)
                  8503593c    00000004     edma3_drv_bios6_tda2xx_m4_c0_st_sample_pem4.oem4 (.data:ti_sysbios_family_arm_ducati_GateDualCore_Module__state__V)
                  85035940    00000004     edma3_drv_bios6_tda2xx_m4_c0_st_sample_pem4.oem4 (.data:ti_sysbios_family_arm_m3_Hwi_Module_State_0_excContext__A)
                  85035944    00000004     edma3_drv_bios6_tda2xx_m4_c0_st_sample_pem4.oem4 (.data:ti_sysbios_family_arm_m3_Hwi_Module_State_0_excStack__A)
                  85035948    00000004     edma3_drv_bios6_tda2xx_m4_c0_st_sample_pem4.oem4 (.data:ti_sysbios_family_shared_vayu_IntXbar_Module__state__V)
                  8503594c    00000004     edma3_drv_bios6_tda2xx_m4_c0_st_sample_pem4.oem4 (.data:ti_sysbios_gates_GateHwi_Object__table__V)
                  85035950    00000004     edma3_drv_bios6_tda2xx_m4_c0_st_sample_pem4.oem4 (.data:ti_sysbios_knl_Task_Module_State_0_idleTask__A)
                  85035954    00000004     edma3_drv_bios6_tda2xx_m4_c0_st_sample_pem4.oem4 (.data:xdc_runtime_Memory_Module__state__V)
                  85035958    00000002     edma3_drv_bios6_tda2xx_m4_c0_st_sample_pem4.oem4 (.data:xdc_runtime_Error_Module__state__V)

.bss:taskStackSection 
*          0    8503e6c0    00000800     UNINITIALIZED
                  8503e6c0    00000800     edma3_drv_bios6_tda2xx_m4_c0_st_sample_pem4.oem4 (.bss:taskStackSection)

.my_sect_ddr 
*          0    8503c500    000021c0     UNINITIALIZED
                  8503c500    00001fc0     dma_ping_pong_test.oem4 (.my_sect_ddr)
                  8503e4c0    00000040     --HOLE--
                  8503e500    000001c0     common.oem4 (.my_sect_ddr)

xdc.meta   0    85000000    000001d8     COPY SECTION
                  85000000    000001d8     edma3_drv_bios6_tda2xx_m4_c0_st_sample_pem4.oem4 (xdc.meta)

.text      0    84000000    00017c42     
                  84000000    00004d9c     edma3_lld_rm.aem4 : edma3resmgr.oem4 (.text)
                  84004d9c    00002bdc     edma3_drv_bios6_tda2xx_m4_c0_st_sample_pem4.oem4 (.text)
                  84007978    00001ea4     edma3_lld_drv.aem4 : edma3_drv_basic.oem4 (.text)
                  8400981c    00001c88                        : edma3_drv_adv.oem4 (.text)
                  8400b4a4    000010fc     rtsv7M4_T_le_eabi.lib : _printfi.obj (.text)
                  8400c5a0    00000c64     main.oem4 (.text)
                  8400d204    0000091e     qdma_link_test.oem4 (.text)
                  8400db22    00000002     rtsv7M4_T_le_eabi.lib : i_div0.obj (.text)
                  8400db24    00000800     edma3_lld_drv.aem4 : edma3_drv_init.oem4 (.text)
                  8400e324    00000530     dma_ping_pong_test.oem4 (.text)
                  8400e854    0000050c     dma_link_test.oem4 (.text)
                  8400ed60    000004b4     dma_chain_test.oem4 (.text)
                  8400f214    00000474     qdma_test.oem4 (.text)
                  8400f688    00000430     sysbios.aem4 : BIOS.obj (.text:ti_sysbios_family_arm_m3_Hwi_excDumpRegs__I)
                  8400fab8    00000414     dma_test.oem4 (.text)
                  8400fecc    000003c0     edma3_lld_drv_sample.aem4 : sample_tda2xx_arm_int_reg.oem4 (.text)
                  8401028c    0000034c     ti.targets.arm.rtsarm.aem4 : System.oem4 (.text:xdc_runtime_System_doPrint__I)
                  840105d8    00000324     rtsv7M4_T_le_eabi.lib : trgdrv.obj (.text)
                  840108fc    00000004                           : remove.obj (.text:remove)
                  84010900    00000314     sysbios.aem4 : BIOS.obj (.text:ti_sysbios_knl_Semaphore_pend__E)
                  84010c14    0000030c     rtsv7M4_T_le_eabi.lib : lowlev.obj (.text)
                  84010f20    00000280     dma_poll_test.oem4 (.text)
                  840111a0    00000254     edma3_lld_drv_sample.aem4 : sample_arm_cs.oem4 (.text)
                  840113f4    00000004     ti.targets.arm.rtsarm.aem4 : Error.oem4 (.text:xdc_runtime_Error_getCode__E)
                  840113f8    0000024c     sysbios.aem4 : BIOS.obj (.text:ti_sysbios_heaps_HeapMem_freeUnprotected__E)
                  84011644    00000004     ti.targets.arm.rtsarm.aem4 : Error.oem4 (.text:xdc_runtime_Error_getSite__E)
                  84011648    0000022c     sysbios.aem4 : BIOS.obj (.text:ti_sysbios_knl_Task_Instance_finalize__E)
                  84011874    00000004     ti.targets.arm.rtsarm.aem4 : System.oem4 (.text:xdc_runtime_System_abortStd__E)
                  84011878    000001fc     sysbios.aem4 : BIOS.obj (.text:ti_sysbios_family_arm_m3_Hwi_excHandlerMax__I)
                  84011a74    000001f4     rtsv7M4_T_le_eabi.lib : ull_div_t2.obj (.text)
                  84011c68    000001f4     sysbios.aem4 : BIOS.obj (.text:ti_sysbios_heaps_HeapMem_allocUnprotected__E)
                  84011e5c    00000004     ti.targets.arm.rtsarm.aem4 : System.oem4 (.text:xdc_runtime_System_aprintf_va__F)
                  84011e60    000001f0     sysbios.aem4 : BIOS.obj (.text:ti_sysbios_hal_unicache_Cache_startup__I)
                  84012050    000001c8                  : BIOS.obj (.text:ti_sysbios_knl_Task_Instance_init__E)
                  84012218    000001c4     rtsv7M4_T_le_eabi.lib : fopen.obj (.text)
                  840123dc    00000004     ti.targets.arm.rtsarm.aem4 : System.oem4 (.text:xdc_runtime_System_asprintf_va__F)
                  840123e0    000001c4     sysbios.aem4 : BIOS.obj (.text:ti_sysbios_family_arm_ducati_Timer_Instance_init__E)
                  840125a4    000001b6     rtsv7M4_T_le_eabi.lib : fd_add_t2.obj (.text)
                  8401275a    00000006     sysbios.aem4 : m3_Hwi_asm_switch.obj (.text:ti_sysbios_family_arm_m3_Hwi_getTaskSP__E)
                  84012760    0000019c                  : BIOS.obj (.text:ti_sysbios_knl_Task_Module_startup__E)
                  840128fc    00000004     ti.targets.arm.rtsarm.aem4 : System.oem4 (.text:xdc_runtime_System_exitStd__E)
                  84012900    00000174     sysbios.aem4 : BIOS.obj (.text:ti_sysbios_family_arm_m3_Hwi_excBusFault__I)
                  84012a74    0000016c     edma3_lld_drv_sample.aem4 : sample_arm_init.oem4 (.text)
                  84012be0    00000164     sysbios.aem4 : BIOS.obj (.text:ti_sysbios_family_arm_m3_Hwi_excUsageFault__I)
                  84012d44    00000150     dma_misc_test.oem4 (.text)
                  84012e94    00000004     ti.targets.arm.rtsarm.aem4 : System.oem4 (.text:xdc_runtime_System_printf_va__F)
                  84012e98    0000014c     sysbios.aem4 : BIOS.obj (.text:ti_sysbios_family_shared_vayu_IntXbar_connect__E)
                  84012fe4    00000004     ti.targets.arm.rtsarm.aem4 : System.oem4 (.text:xdc_runtime_System_snprintf_va__F)
                  84012fe8    00000148     sysbios.aem4 : BIOS.obj (.text:ti_sysbios_family_arm_m3_Hwi_excMemFault__I)
                  84013130    00000140                  : BIOS.obj (.text:ti_sysbios_knl_Semaphore_post__E)
                  84013270    0000013c                  : BIOS.obj (.text:ti_sysbios_heaps_HeapMem_Instance_init__E)
                  840133ac    00000004     ti.targets.arm.rtsarm.aem4 : System.oem4 (.text:xdc_runtime_System_sprintf_va__F)
                  840133b0    00000138     sysbios.aem4 : BIOS.obj (.text:ti_sysbios_family_arm_m3_Hwi_dispatchC__I)
                  840134e8    00000136     rtsv7M4_T_le_eabi.lib : fd_div_t2.obj (.text)
                  8401361e    00000002     --HOLE-- [fill = 0]
                  84013620    00000134                           : fputs.obj (.text)
                  84013754    00000004     --HOLE-- [fill = 0]
                  84013758    00000134     sysbios.aem4 : BIOS.obj (.text:ti_sysbios_knl_Clock_workFunc__E)
                  8401388c    00000004     --HOLE-- [fill = 0]
                  84013890    00000128                  : BIOS.obj (.text:ti_sysbios_hal_unicache_Cache_inv__E)
                  840139b8    00000128                  : BIOS.obj (.text:ti_sysbios_hal_unicache_Cache_wbInv__E)
                  84013ae0    00000128                  : BIOS.obj (.text:ti_sysbios_hal_unicache_Cache_wb__E)
                  84013c08    0000011c                  : BIOS.obj (.text:ti_sysbios_knl_Clock_Instance_init__E)
                  84013d24    00000004     --HOLE-- [fill = 0]
                  84013d28    0000011c                  : BIOS.obj (.text:ti_sysbios_knl_Swi_run__I)
                  84013e44    00000118     ti.targets.arm.rtsarm.aem4 : Error.oem4 (.text:xdc_runtime_Error_policyDefault__E)
                  84013f5c    00000100                                : Core-mem.oem4 (.text:xdc_runtime_Core_createObject__I)
                  8401405c    000000fc     rtsv7M4_T_le_eabi.lib : fd_mul_t2.obj (.text)
                  84014158    000000f8     ti.targets.arm.rtsarm.aem4 : Startup.oem4 (.text:xdc_runtime_Startup_startMods__I)
                  84014250    000000dc     rtsv7M4_T_le_eabi.lib : setvbuf.obj (.text)
                  8401432c    00000004     --HOLE-- [fill = 0]
                  84014330    000000d4     sysbios.aem4 : BIOS.obj (.text:ti_sysbios_knl_Swi_Instance_init__E)
                  84014404    000000d0     rtsv7M4_T_le_eabi.lib : s_scalbn.obj (.text)
                  840144d4    00000004     --HOLE-- [fill = 0]
                  840144d8    000000d0     sysbios.aem4 : BIOS.obj (.text:ti_sysbios_family_arm_ducati_GateDualCore_enter__E)
                  840145a8    000000d0                  : BIOS.obj (.text:ti_sysbios_family_arm_m3_Hwi_Module_startup__E)
                  84014678    000000cc     ti.targets.arm.rtsarm.aem4 : Core-smem.oem4 (.text:xdc_runtime_Core_constructObject__I)
                  84014744    000000c8     rtsv7M4_T_le_eabi.lib : fflush.obj (.text)
                  8401480c    000000c8     sysbios.aem4 : m3_Hwi_asm.obj (.text:ti_sysbios_family_arm_m3_Hwi_dispatch__I)
                  840148d4    00000004     --HOLE-- [fill = 0]
                  840148d8    000000c4                  : BIOS.obj (.text:ti_sysbios_knl_Task_schedule__I)
                  8401499c    00000004     --HOLE-- [fill = 0]
                  840149a0    000000c0                  : BIOS.obj (.text:ti_sysbios_knl_Task_exit__E)
                  84014a60    000000bc                  : BIOS.obj (.text:ti_sysbios_family_arm_m3_Hwi_excDebugMon__I)
                  84014b1c    00000004     --HOLE-- [fill = 0]
                  84014b20    000000bc                  : BIOS.obj (.text:ti_sysbios_family_arm_m3_Hwi_excHardFault__I)
                  84014bdc    00000004     --HOLE-- [fill = 0]
                  84014be0    000000bc                  : BIOS.obj (.text:ti_sysbios_knl_Task_startCore__E)
                  84014c9c    00000004     --HOLE-- [fill = 0]
                  84014ca0    000000b4                  : BIOS.obj (.text:ti_sysbios_family_arm_ducati_Timer_startup__E)
                  84014d54    00000004     --HOLE-- [fill = 0]
                  84014d58    000000b4                  : BIOS.obj (.text:ti_sysbios_family_shared_vayu_IntXbar_initXbarRegs__I)
                  84014e0c    00000004     --HOLE-- [fill = 0]
                  84014e10    000000b4                  : BIOS.obj (.text:ti_sysbios_gates_GateMutex_enter__E)
                  84014ec4    000000ac     rtsv7M4_T_le_eabi.lib : _io_perm.obj (.text)
                  84014f70    000000ac     sysbios.aem4 : BIOS.obj (.text:ti_sysbios_knl_Swi_post__E)
                  8401501c    00000004     --HOLE-- [fill = 0]
                  84015020    000000a8                  : BIOS.obj (.text:ti_sysbios_knl_Task_blockI__E)
                  840150c8    000000a8                  : BIOS.obj (.text:ti_sysbios_knl_Task_postInit__I)
                  84015170    000000a4                  : BIOS.obj (.text:ti_sysbios_knl_Clock_Instance_finalize__E)
                  84015214    000000a0     auto_init.aem4 : auto_init.oem4 (.text)
                  840152b4    00000004     --HOLE-- [fill = 0]
                  840152b8    000000a0     sysbios.aem4 : BIOS.obj (.text:ti_sysbios_family_arm_ducati_Timer_trigger__E)
                  84015358    000000a0     ti.targets.arm.rtsarm.aem4 : Text.oem4 (.text:xdc_runtime_Text_putMod__E)
                  840153f8    0000009c     rtsv7M4_T_le_eabi.lib : memcpy_t2.obj (.text)
                  84015494    00000004     --HOLE-- [fill = 0]
                  84015498    0000009c     sysbios.aem4 : BIOS.obj (.text:ti_sysbios_knl_Semaphore_Instance_init__E)
                  84015534    0000009a     ti.targets.arm.rtsarm.aem4 : Text.oem4 (.text:xdc_runtime_Text_putSite__E)
                  840155ce    00000002     --HOLE-- [fill = 0]
                  840155d0    00000098     rtsv7M4_T_le_eabi.lib : fclose.obj (.text)
                  84015668    00000098                           : fputc.obj (.text)
                  84015700    00000094     common.oem4 (.text)
                  84015794    00000004     --HOLE-- [fill = 0]
                  84015798    00000094     sysbios.aem4 : BIOS.obj (.text:ti_sysbios_family_arm_m3_Hwi_Instance_init__E)
                  8401582c    00000090     edma3_lld_drv_sample.aem4 : sample_tda2xx_cfg.oem4 (.text)
                  840158bc    00000004     --HOLE-- [fill = 0]
                  840158c0    00000090     sysbios.aem4 : BIOS.obj (.text:ti_sysbios_family_arm_ducati_GateDualCore_Instance_init__E)
                  84015950    00000090                  : BIOS.obj (.text:ti_sysbios_knl_Task_unblockI__E)
                  840159e0    00000088                  : BIOS.obj (.text:ti_sysbios_family_arm_ducati_Timer_setPeriod__E)
                  84015a68    00000088                  : BIOS.obj (.text:ti_sysbios_family_arm_m3_Hwi_initNVIC__E)
                  84015af0    00000086     rtsv7M4_T_le_eabi.lib : fd_cmp_t2.obj (.text:__aeabi_cdcmple)
                  84015b76    00000086                           : fd_cmp_t2.obj (.text:__aeabi_cdrcmple)
                  84015bfc    00000004     --HOLE-- [fill = 0]
                  84015c00    00000084     sysbios.aem4 : BIOS.obj (.text:ti_sysbios_family_arm_m3_Hwi_postInit__I)
                  84015c84    00000004     --HOLE-- [fill = 0]
                  84015c88    00000080                  : BIOS.obj (.text:ti_sysbios_family_shared_vayu_IntXbar_initIntXbar__I)
                  84015d08    0000007c                  : BIOS.obj (.text:ti_sysbios_family_arm_ducati_GateDualCore_Module_startup__E)
                  84015d84    00000004     --HOLE-- [fill = 0]
                  84015d88    0000007c                  : BIOS.obj (.text:ti_sysbios_family_arm_ducati_Timer_getExpiredCounts__E)
                  84015e04    0000007a     rtsv7M4_T_le_eabi.lib : memset_t2.obj (.text)
                  84015e7e    00000002     --HOLE-- [fill = 0]
                  84015e80    00000078     sysbios.aem4 : BIOS.obj (.text:ti_sysbios_family_arm_ducati_Timer_start__E)
                  84015ef8    00000074                  : BIOS.obj (.text:ti_sysbios_knl_Clock_start__E)
                  84015f6c    00000070     rtsv7M4_T_le_eabi.lib : printf.obj (.text)
                  84015fdc    00000004     --HOLE-- [fill = 0]
                  84015fe0    00000070     sysbios.aem4 : BIOS.obj (.text:ti_sysbios_family_arm_ducati_Timer_setPeriodMicroSecs__E)
                  84016050    0000006c                  : BIOS.obj (.text:ti_sysbios_knl_Swi_restoreHwi__E)
                  840160bc    0000006c     ti.targets.arm.rtsarm.aem4 : Error.oem4 (.text:xdc_runtime_Error_print__E)
                  84016128    0000006c                                : Memory.oem4 (.text:xdc_runtime_Memory_alloc__E)
                  84016194    00000068     rtsv7M4_T_le_eabi.lib : trgmsg.obj (.text)
                  840161fc    00000004     --HOLE-- [fill = 0]
                  84016200    00000068     sysbios.aem4 : BIOS.obj (.text:ti_sysbios_family_arm_ducati_Timer_Module_startup__E)
                  84016268    00000068                  : BIOS.obj (.text:ti_sysbios_family_arm_ducati_Timer_getStatus__E)
                  840162d0    00000066     ti.targets.arm.rtsarm.aem4 : Core-mem.oem4 (.text:xdc_runtime_Core_deleteObject__I)
                  84016336    00000002     --HOLE-- [fill = 0]
                  84016338    00000064     rtsv7M4_T_le_eabi.lib : fseek.obj (.text)
                  8401639c    00000064     ti.targets.arm.rtsarm.aem4 : System.oem4 (.text:xdc_runtime_System_formatNum__I)
                  84016400    00000060     sysbios.aem4 : BIOS.obj (.text:ti_sysbios_family_arm_ducati_Timer_initDevice__I)
                  84016460    00000060                  : BIOS.obj (.text:ti_sysbios_knl_Clock_logTick__E)
                  840164c0    0000005c     rtsv7M4_T_le_eabi.lib : s_frexp.obj (.text)
                  8401651c    00000004     --HOLE-- [fill = 0]
                  84016520    0000005c     sysbios.aem4 : BIOS.obj (.text:ti_sysbios_family_arm_m3_Hwi_restoreInterrupt__E)
                  8401657c    00000004     --HOLE-- [fill = 0]
                  84016580    0000005c                  : BIOS.obj (.text:ti_sysbios_heaps_HeapMem_alloc__E)
                  840165dc    00000004     --HOLE-- [fill = 0]
                  840165e0    0000005c                  : BIOS.obj (.text:ti_sysbios_knl_Swi_schedule__I)
                  8401663c    0000005b     ti.targets.arm.rtsarm.aem4 : Text.oem4 (.text:xdc_runtime_Text_putLab__E)
                  84016697    00000001     --HOLE-- [fill = 0]
                  84016698    00000056     rtsv7M4_T_le_eabi.lib : ltoa.obj (.text)
                  840166ee    00000002     --HOLE-- [fill = 0]
                  840166f0    00000054                           : exit.obj (.text)
                  84016744    00000004     --HOLE-- [fill = 0]
                  84016748    00000054     sysbios.aem4 : BIOS.obj (.text:ti_sysbios_knl_Swi_Instance_finalize__E)
                  8401679c    00000054     ti.targets.arm.rtsarm.aem4 : Assert.oem4 (.text:xdc_runtime_Assert_raise__I)
                  840167f0    00000050                                : Startup.oem4 (.text:xdc_runtime_Startup_exec__E)
                  84016840    00000050                                : Text.oem4 (.text:xdc_runtime_Text_visitRope2__I)
                  84016890    0000004c     rtsv7M4_T_le_eabi.lib : atoi.obj (.text)
                  840168dc    0000004c                           : cpy_tbl.obj (.text)
                  84016928    0000004c     sysbios.aem4 : BIOS.obj (.text:ti_sysbios_family_arm_ducati_Timer_Instance_finalize__E)
                  84016974    0000004c                  : m3_TaskSupport_asm.obj (.text:ti_sysbios_family_arm_m3_TaskSupport_buildTaskStack)
                  840169c0    0000004c                  : BIOS.obj (.text:ti_sysbios_heaps_HeapMem_getStats__E)
                  84016a0c    00000004     --HOLE-- [fill = 0]
                  84016a10    0000004c                  : BIOS.obj (.text:ti_sysbios_knl_Swi_runLoop__I)
                  84016a5c    00000004     --HOLE-- [fill = 0]
                  84016a60    0000004c                  : BIOS.obj (.text:ti_sysbios_knl_Task_allBlockedFunction__I)
                  84016aac    00000048     rtsv7M4_T_le_eabi.lib : fd_toi_t2.obj (.text)
                  84016af4    00000004     --HOLE-- [fill = 0]
                  84016af8    00000048     sysbios.aem4 : BIOS.obj (.text:ti_sysbios_family_arm_m3_Hwi_disableInterrupt__E)
                  84016b40    00000048                  : BIOS.obj (.text:ti_sysbios_family_arm_m3_Hwi_enableInterrupt__E)
                  84016b88    00000048                  : BIOS.obj (.text:ti_sysbios_family_arm_m3_Hwi_excReserved__I)
                  84016bd0    00000048                  : m3_Hwi_asm_switch.obj (.text:ti_sysbios_family_arm_m3_Hwi_initStacks__E)
                  84016c18    00000048                  : BIOS.obj (.text:ti_sysbios_hal_unicache_Cache_wbInvAll__E)
                  84016c60    00000046     ti.targets.arm.rtsarm.aem4 : Core-params.oem4 (.text:xdc_runtime_Core_assignParams__I)
                  84016ca6    00000002     --HOLE-- [fill = 0]
                  84016ca8    00000044     boot.aem4 : boot.oem4 (.text)
                  84016cec    00000004     --HOLE-- [fill = 0]
                  84016cf0    00000044     sysbios.aem4 : BIOS.obj (.text:ti_sysbios_family_arm_ducati_Timer_oneShotStub__E)
                  84016d34    00000004     --HOLE-- [fill = 0]
                  84016d38    00000044                  : BIOS.obj (.text:ti_sysbios_family_arm_m3_Hwi_getStackInfo__E)
                  84016d7c    00000004     --HOLE-- [fill = 0]
                  84016d80    00000044                  : BIOS.obj (.text:ti_sysbios_hal_unicache_Cache_wbAll__E)
                  84016dc4    00000044     ti.targets.arm.rtsarm.aem4 : Error.oem4 (.text:xdc_runtime_Error_setX__E)
                  84016e08    00000044                                : SysMin.oem4 (.text:xdc_runtime_SysMin_flush__E)
                  84016e4c    00000044                                : Text.oem4 (.text:xdc_runtime_Text_xprintf__I)
                  84016e90    00000040     rtsv7M4_T_le_eabi.lib : u_divt2.obj (.text)
                  84016ed0    00000040     sysbios.aem4 : BIOS.obj (.text:ti_sysbios_family_arm_ducati_Timer_getFreq__E)
                  84016f10    00000040                  : BIOS.obj (.text:ti_sysbios_hal_unicache_Cache_seizeRegs__I)
                  84016f50    0000003c                  : BIOS.obj (.text:ti_sysbios_family_arm_ducati_Core_Module_startup__E)
                  84016f8c    00000004     --HOLE-- [fill = 0]
                  84016f90    0000003c                  : BIOS.obj (.text:ti_sysbios_family_arm_m3_Hwi_Instance_finalize__E)
                  84016fcc    00000004     --HOLE-- [fill = 0]
                  84016fd0    0000003c                  : BIOS.obj (.text:ti_sysbios_family_arm_m3_Hwi_excSvCall__I)
                  8401700c    00000004     --HOLE-- [fill = 0]
                  84017010    0000003c                  : BIOS.obj (.text:ti_sysbios_hal_unicache_Cache_disable__E)
                  8401704c    00000004     --HOLE-- [fill = 0]
                  84017050    0000003c                  : BIOS.obj (.text:ti_sysbios_hal_unicache_Cache_enable__E)
                  8401708c    00000004     --HOLE-- [fill = 0]
                  84017090    0000003c                  : BIOS.obj (.text:ti_sysbios_heaps_HeapMem_init__I)
                  840170cc    00000004     --HOLE-- [fill = 0]
                  840170d0    0000003c                  : BIOS.obj (.text:ti_sysbios_knl_Swi_startup__E)
                  8401710c    00000004     --HOLE-- [fill = 0]
                  84017110    00000038                  : BIOS.obj (.text:ti_sysbios_family_arm_m3_Hwi_excNoIsr__I)
                  84017148    00000038                  : BIOS.obj (.text:ti_sysbios_knl_Task_processVitalTaskFlag__I)
                  84017180    00000038     ti.targets.arm.rtsarm.aem4 : SysMin.oem4 (.text:xdc_runtime_SysMin_putch__E)
                  840171b8    00000038                                : System.oem4 (.text:xdc_runtime_System_atexit__E)
                  840171f0    00000034     sysbios.aem4 : BIOS.obj (.text:ti_sysbios_family_arm_m3_Hwi_excNmi__I)
                  84017224    00000034     ti.targets.arm.rtsarm.aem4 : Core-label.oem4 (.text:xdc_runtime_Core_assignLabel__I)
                  84017258    00000033                                : Text.oem4 (.text:xdc_runtime_Text_printVisFxn__I)
                  8401728b    00000005     --HOLE-- [fill = 0]
                  84017290    00000032     sysbios.aem4 : BIOS.obj (.text:ti_sysbios_knl_Semaphore_pendTimeout__I)
                  840172c2    00000030     rtsv7M4_T_le_eabi.lib : strncpy.obj (.text)
                  840172f2    00000006     ti.targets.arm.rtsarm.aem4 : System.oem4 (.text:xdc_runtime_System_Module_startup__E)
                  840172f8    00000030     sysbios.aem4 : BIOS.obj (.text:ti_sysbios_family_arm_ducati_Timer_stop__E)
                  84017328    00000030                  : BIOS.obj (.text:ti_sysbios_heaps_HeapMem_free__E)
                  84017358    00000030     ti.targets.arm.rtsarm.aem4 : SysMin.oem4 (.text:xdc_runtime_SysMin_abort__E)
                  84017388    00000030                                : System.oem4 (.text:xdc_runtime_System_processAtExit__E)
                  840173b8    0000002e     rtsv7M4_T_le_eabi.lib : i_tofd_t2.obj (.text)
                  840173e6    00000002     --HOLE-- [fill = 0]
                  840173e8    0000002c                           : assert.obj (.text)
                  84017414    00000004     --HOLE-- [fill = 0]
                  84017418    0000002c     sysbios.aem4 : BIOS.obj (.text:ti_sysbios_knl_Task_restore__E)
                  84017444    0000002c     ti.targets.arm.rtsarm.aem4 : Text.oem4 (.text:xdc_runtime_Text_cordText__E)
                  84017470    0000002a                                : System.oem4 (.text:xdc_runtime_System_putchar__I)
                  8401749a    00000006     --HOLE-- [fill = 0]
                  840174a0    00000028     sysbios.aem4 : BIOS.obj (.text:ti_sysbios_hal_Hwi_Instance_init__E)
                  840174c8    00000028                  : BIOS.obj (.text:ti_sysbios_hal_unicache_Cache_wait__E)
                  840174f0    00000028                  : BIOS.obj (.text:ti_sysbios_knl_Swi_Module_startup__E)
                  84017518    00000026     ti.targets.arm.rtsarm.aem4 : System.oem4 (.text:xdc_runtime_System_avprintf__E)
                  8401753e    00000002     --HOLE-- [fill = 0]
                  84017540    00000024     sysbios.aem4 : BIOS.obj (.text:ti_sysbios_family_arm_m3_Hwi_doTaskRestore__I)
                  84017564    00000004     --HOLE-- [fill = 0]
                  84017568    00000024                  : BIOS.obj (.text:ti_sysbios_knl_Clock_Module_startup__E)
                  8401758c    00000024     ti.targets.arm.rtsarm.aem4 : System.oem4 (.text:xdc_runtime_System_vprintf__E)
                  840175b0    00000020     rtsv7M4_T_le_eabi.lib : memchr.obj (.text)
                  840175d0    00000020     sysbios.aem4 : BIOS.obj (.text:ti_sysbios_family_arm_ducati_Timer_getCount__E)
                  840175f0    00000020                  : BIOS.obj (.text:ti_sysbios_family_arm_m3_Hwi_clearInterrupt__E)
                  84017610    00000020                  : m3_Hwi_asm.obj (.text:ti_sysbios_family_arm_m3_Hwi_excHandlerAsm__I)
                  84017630    00000020                  : BIOS.obj (.text:ti_sysbios_family_arm_m3_Hwi_excHandler__I)
                  84017650    00000020                  : BIOS.obj (.text:ti_sysbios_knl_Idle_run__E)
                  84017670    00000020     ti.targets.arm.rtsarm.aem4 : Registry.oem4 (.text:xdc_runtime_Registry_findById__E)
                  84017690    00000020                                : SysMin.oem4 (.text:xdc_runtime_SysMin_Module_startup__E)
                  840176b0    0000001e     sysbios.aem4 : m3_Hwi_asm_switch.obj (.text:ti_sysbios_family_xxx_Hwi_switchAndRunFunc)
                  840176ce    0000001c     rtsv7M4_T_le_eabi.lib : memccpy.obj (.text)
                  840176ea    00000006     --HOLE-- [fill = 0]
                  840176f0    0000001c     sysbios.aem4 : BIOS.obj (.text:ti_sysbios_family_arm_ducati_Timer_periodicStub__E)
                  8401770c    00000004     --HOLE-- [fill = 0]
                  84017710    0000001c                  : BIOS.obj (.text:ti_sysbios_family_arm_m3_TaskSupport_start__E)
                  8401772c    00000004     --HOLE-- [fill = 0]
                  84017730    0000001c                  : BIOS.obj (.text:ti_sysbios_gates_GateMutex_Instance_init__E)
                  8401774c    00000004     --HOLE-- [fill = 0]
                  84017750    0000001c                  : BIOS.obj (.text:ti_sysbios_knl_Task_enter__I)
                  8401776c    0000001c     ti.targets.arm.rtsarm.aem4 : Error.oem4 (.text:xdc_runtime_Error_raiseX__E)
                  84017788    0000001c                                : Memory.oem4 (.text:xdc_runtime_Memory_valloc__E)
                  840177a4    0000001c                                : SysMin.oem4 (.text:xdc_runtime_SysMin_exit__E)
                  840177c0    0000001c                                : System.oem4 (.text:xdc_runtime_System_abort__E)
                  840177dc    0000001a     sysbios.aem4 : m3_Hwi_asm.obj (.text:ti_sysbios_family_arm_m3_Hwi_pendSV__I)
                  840177f6    00000002     --HOLE-- [fill = 0]
                  840177f8    00000018     rtsv7M4_T_le_eabi.lib : args_main.obj (.text)
                  84017810    00000018                           : strcmp.obj (.text)
                  84017828    00000018     sysbios.aem4 : BIOS.obj (.text:ti_sysbios_family_arm_m3_TaskSupport_stackUsed__E)
                  84017840    00000018                  : BIOS.obj (.text:ti_sysbios_gates_GateMutex_leave__E)
                  84017858    00000018     ti.targets.arm.rtsarm.aem4 : Error.oem4 (.text:xdc_runtime_Error_check__E)
                  84017870    00000018                                : System.oem4 (.text:xdc_runtime_System_exit__E)
                  84017888    00000018                                : Text.oem4 (.text:xdc_runtime_Text_ropeText__E)
                  840178a0    00000016     rtsv7M4_T_le_eabi.lib : strchr.obj (.text)
                  840178b6    00000016     ti.targets.arm.rtsarm.aem4 : System.oem4 (.text:xdc_runtime_System_avsprintf__E)
                  840178cc    00000016                                : System.oem4 (.text:xdc_runtime_System_vsprintf__E)
                  840178e2    00000002     --HOLE-- [fill = 0]
                  840178e4    00000014     rtsv7M4_T_le_eabi.lib : _lock.obj (.text)
                  840178f8    00000014                           : strcpy.obj (.text)
                  8401790c    00000014                           : strlen.obj (.text)
                  84017920    00000014     sysbios.aem4 : BIOS.obj (.text:ti_sysbios_family_arm_m3_Hwi_switchFromBootStack__E)
                  84017934    00000004     --HOLE-- [fill = 0]
                  84017938    00000012                  : BIOS.obj (.text:ti_sysbios_family_arm_ducati_Timer_setFunc__E)
                  8401794a    00000006     --HOLE-- [fill = 0]
                  84017950    00000012                  : BIOS.obj (.text:ti_sysbios_hal_Hwi_Module_startup__E)
                  84017962    00000006     --HOLE-- [fill = 0]
                  84017968    00000010                  : BIOS.obj (.text:ti_sysbios_BIOS_setThreadType__E)
                  84017978    00000010                  : BIOS.obj (.text:ti_sysbios_BIOS_start__E)
                  84017988    00000010                  : BIOS.obj (.text:ti_sysbios_family_arm_m3_Hwi_post__E)
                  84017998    00000010                  : m3_TaskSupport_asm.obj (.text:ti_sysbios_family_arm_m3_TaskSupport_glue)
                  840179a8    00000010                  : m3_TaskSupport_asm.obj (.text:ti_sysbios_family_arm_m3_TaskSupport_swap__E)
                  840179b8    00000010                  : BIOS.obj (.text:ti_sysbios_gates_GateMutex_Instance_finalize__E)
                  840179c8    00000010                  : BIOS.obj (.text:ti_sysbios_knl_Semaphore_Instance_finalize__E)
                  840179d8    00000010                  : BIOS.obj (.text:ti_sysbios_knl_Swi_disable__E)
                  840179e8    00000010                  : BIOS.obj (.text:ti_sysbios_knl_Task_disable__E)
                  840179f8    00000010     ti.targets.arm.rtsarm.aem4 : Gate.oem4 (.text:xdc_runtime_Gate_leaveSystem__E)
                  84017a08    00000010                                : Memory.oem4 (.text:xdc_runtime_Memory_free__E)
                  84017a18    00000010                                : SysMin.oem4 (.text:xdc_runtime_SysMin_ready__E)
                  84017a28    00000010                                : System.oem4 (.text:xdc_runtime_System_vsnprintf__E)
                  84017a38    0000000e     sysbios.aem4 : BIOS.obj (.text:ti_sysbios_knl_Idle_loop__E)
                  84017a46    00000002     --HOLE-- [fill = 0]
                  84017a48    0000000e                  : BIOS.obj (.text:ti_sysbios_knl_Queue_empty__E)
                  84017a56    00000002     --HOLE-- [fill = 0]
                  84017a58    0000000c                  : BIOS.obj (.text:ti_sysbios_family_arm_ducati_Core_getIpuId__E)
                  84017a64    00000004     --HOLE-- [fill = 0]
                  84017a68    0000000c                  : BIOS.obj (.text:ti_sysbios_family_arm_ducati_Core_startCore1__I)
                  84017a74    00000004     --HOLE-- [fill = 0]
                  84017a78    0000000c                  : BIOS.obj (.text:ti_sysbios_family_arm_ducati_GateDualCore_leave__E)
                  84017a84    00000004     --HOLE-- [fill = 0]
                  84017a88    0000000c                  : BIOS.obj (.text:ti_sysbios_family_arm_m3_Hwi_disableFxn__E)
                  84017a94    00000004     --HOLE-- [fill = 0]
                  84017a98    0000000c                  : BIOS.obj (.text:ti_sysbios_family_arm_m3_Hwi_enableFxn__E)
                  84017aa4    00000004     --HOLE-- [fill = 0]
                  84017aa8    0000000c                  : BIOS.obj (.text:ti_sysbios_family_arm_m3_TaskSupport_checkStack__E)
                  84017ab4    00000004     --HOLE-- [fill = 0]
                  84017ab8    0000000c                  : BIOS.obj (.text:ti_sysbios_family_arm_m3_TaskSupport_getDefaultStackSize__E)
                  84017ac4    00000004     --HOLE-- [fill = 0]
                  84017ac8    0000000c                  : BIOS.obj (.text:ti_sysbios_family_arm_m3_TaskSupport_getStackAlignment__E)
                  84017ad4    00000004     --HOLE-- [fill = 0]
                  84017ad8    0000000c                  : BIOS.obj (.text:ti_sysbios_gates_GateHwi_enter__E)
                  84017ae4    0000000c     ti.targets.arm.rtsarm.aem4 : Error.oem4 (.text:xdc_runtime_Error_init__E)
                  84017af0    0000000c                                : Gate.oem4 (.text:xdc_runtime_Gate_enterSystem__E)
                  84017afc    0000000c                                : Memory.oem4 (.text:xdc_runtime_Memory_calloc__E)
                  84017b08    0000000c                                : Memory.oem4 (.text:xdc_runtime_Memory_getMaxDefaultTypeAlign__E)
                  84017b14    0000000c                                : Startup.oem4 (.text:xdc_runtime_Startup_rtsDone__E)
                  84017b20    0000000a     sysbios.aem4 : m3_IntrinsicsSupport_asm.obj (.text:ti_sysbios_family_arm_m3_IntrinsicsSupport_maxbit__E)
                  84017b2a    00000006     --HOLE-- [fill = 0]
                  84017b30    0000000a                  : BIOS.obj (.text:ti_sysbios_family_arm_m3_TaskSupport_getCheckValueAddr__E)
                  84017b3a    00000006     --HOLE-- [fill = 0]
                  84017b40    0000000a                  : BIOS.obj (.text:ti_sysbios_hal_Hwi_Instance_finalize__E)
                  84017b4a    00000008     rtsv7M4_T_le_eabi.lib : s_copysign.obj (.text)
                  84017b52    00000006     --HOLE-- [fill = 0]
                  84017b58    00000008     sysbios.aem4 : BIOS.obj (.text:ti_sysbios_family_arm_ducati_Timer_getFunc__E)
                  84017b60    00000008                  : BIOS.obj (.text:ti_sysbios_family_arm_m3_Hwi_doSwiRestore__I)
                  84017b68    00000008                  : BIOS.obj (.text:ti_sysbios_family_arm_m3_Hwi_getFunc__E)
                  84017b70    00000008                  : BIOS.obj (.text:ti_sysbios_family_arm_m3_Hwi_getHookContext__E)
                  84017b78    00000008                  : BIOS.obj (.text:ti_sysbios_family_arm_m3_Hwi_setHookContext__E)
                  84017b80    00000008                  : BIOS.obj (.text:ti_sysbios_family_arm_m3_Hwi_startup__E)
                  84017b88    00000006                  : BIOS.obj (.text:ti_sysbios_family_arm_m3_Hwi_restoreFxn__E)
                  84017b8e    00000002     --HOLE-- [fill = 0]
                  84017b90    00000006                  : BIOS.obj (.text:ti_sysbios_family_arm_m3_Hwi_setFunc__E)
                  84017b96    00000002     --HOLE-- [fill = 0]
                  84017b98    00000006                  : BIOS.obj (.text:ti_sysbios_gates_GateHwi_leave__E)
                  84017b9e    00000002     --HOLE-- [fill = 0]
                  84017ba0    00000006                  : BIOS.obj (.text:ti_sysbios_heaps_HeapMem_isBlocking__E)
                  84017ba6    00000002     --HOLE-- [fill = 0]
                  84017ba8    00000006                  : BIOS.obj (.text:ti_sysbios_knl_Queue_Instance_init__E)
                  84017bae    00000002     --HOLE-- [fill = 0]
                  84017bb0    00000006                  : BIOS.obj (.text:ti_sysbios_knl_Task_enable__E)
                  84017bb6    00000002     --HOLE-- [fill = 0]
                  84017bb8    00000004                  : BIOS.obj (.text:ti_sysbios_family_arm_ducati_GateDualCore_query__E)
                  84017bbc    00000004     --HOLE-- [fill = 0]
                  84017bc0    00000004                  : BIOS.obj (.text:ti_sysbios_family_arm_ducati_Timer_getCurrentTick__E)
                  84017bc4    00000004     --HOLE-- [fill = 0]
                  84017bc8    00000004                  : BIOS.obj (.text:ti_sysbios_family_arm_ducati_Timer_getExpiredTicks__E)
                  84017bcc    00000004     --HOLE-- [fill = 0]
                  84017bd0    00000004                  : BIOS.obj (.text:ti_sysbios_family_arm_ducati_Timer_getMaxTicks__E)
                  84017bd4    00000004     --HOLE-- [fill = 0]
                  84017bd8    00000004                  : BIOS.obj (.text:ti_sysbios_family_arm_ducati_Timer_getNumTimers__E)
                  84017bdc    00000004     --HOLE-- [fill = 0]
                  84017be0    00000004                  : BIOS.obj (.text:ti_sysbios_family_arm_ducati_Timer_getPeriod__E)
                  84017be4    00000004     --HOLE-- [fill = 0]
                  84017be8    00000004                  : BIOS.obj (.text:ti_sysbios_family_arm_m3_Hwi_getIrp__E)
                  84017bec    00000004     --HOLE-- [fill = 0]
                  84017bf0    00000004                  : BIOS.obj (.text:ti_sysbios_gates_GateHwi_query__E)
                  84017bf4    00000004     --HOLE-- [fill = 0]
                  84017bf8    00000004                  : BIOS.obj (.text:ti_sysbios_gates_GateMutex_query__E)
                  84017bfc    00000004     --HOLE-- [fill = 0]
                  84017c00    00000004                  : BIOS.obj (.text:ti_sysbios_hal_Cache_inv__E)
                  84017c04    00000004     --HOLE-- [fill = 0]
                  84017c08    00000004                  : BIOS.obj (.text:ti_sysbios_hal_Cache_wb__E)
                  84017c0c    00000004     --HOLE-- [fill = 0]
                  84017c10    00000004                  : BIOS.obj (.text:ti_sysbios_hal_Hwi_disableInterrupt__E)
                  84017c14    00000004     --HOLE-- [fill = 0]
                  84017c18    00000004                  : BIOS.obj (.text:ti_sysbios_hal_Hwi_enableInterrupt__E)
                  84017c1c    00000004     --HOLE-- [fill = 0]
                  84017c20    00000004                  : BIOS.obj (.text:ti_sysbios_hal_Hwi_startup__E)
                  84017c24    00000004     --HOLE-- [fill = 0]
                  84017c28    00000004                  : BIOS.obj (.text:ti_sysbios_knl_Task_startup__E)
                  84017c2c    00000004     --HOLE-- [fill = 0]
                  84017c30    00000002                  : BIOS.obj (.text:ti_sysbios_BIOS_linkedWithIncorrectBootLibrary__E)
                  84017c32    00000006     --HOLE-- [fill = 0]
                  84017c38    00000002                  : BIOS.obj (.text:ti_sysbios_family_arm_ducati_Timer_setNextTick__E)
                  84017c3a    00000006     --HOLE-- [fill = 0]
                  84017c40    00000002                  : BIOS.obj (.text:ti_sysbios_gates_GateHwi_Instance_init__E)

.const     0    8503995c    00002b8a     
                  8503995c    00001bee     edma3_drv_bios6_tda2xx_m4_c0_st_sample_pem4.oem4 (.const:xdc_runtime_Text_charTab__A)
                  8503b54a    00000002     edma3_drv_bios6_tda2xx_m4_c0_st_sample_pem4.oem4 (.const:ti_sysbios_family_arm_ducati_Core_Module__id__C)
                  8503b54c    000004b8     edma3_drv_bios6_tda2xx_m4_c0_st_sample_pem4.oem4 (.const:ti_sysbios_hal_ammu_AMMU_mmuInitConfig__C)
                  8503ba04    00000101     rtsv7M4_T_le_eabi.lib : ctype.obj (.const:.string:_ctypes_)
                  8503bb05    00000001     edma3_drv_bios6_tda2xx_m4_c0_st_sample_pem4.oem4 (.const:xdc_runtime_Error_policy__C)
                  8503bb06    000000d0     edma3_drv_bios6_tda2xx_m4_c0_st_sample_pem4.oem4 (.const:xdc_runtime_Text_nodeTab__A)
                  8503bbd6    00000002     edma3_drv_bios6_tda2xx_m4_c0_st_sample_pem4.oem4 (.const:ti_sysbios_family_arm_ducati_GateDualCore_Module__id__C)
                  8503bbd8    00000048     edma3_drv_bios6_tda2xx_m4_c0_st_sample_pem4.oem4 (.const:.string)
                  8503bc20    0000003c     edma3_drv_bios6_tda2xx_m4_c0_st_sample_pem4.oem4 (.const:ti_sysbios_knl_Task_Object__PARAMS__C)
                  8503bc5c    00000038     edma3_drv_bios6_tda2xx_m4_c0_st_sample_pem4.oem4 (.const:ti_sysbios_hal_unicache_Cache_Module__FXNS__C)
                  8503bc94    00000035     edma3_lld_drv.aem4 : edma3_drv_basic.oem4 (.const:.string:edma3LldVersionStr)
                  8503bcc9    00000001     --HOLE-- [fill = 0]
                  8503bcca    00000002     edma3_drv_bios6_tda2xx_m4_c0_st_sample_pem4.oem4 (.const:ti_sysbios_family_arm_ducati_GateDualCore_initGates__C)
                  8503bccc    00000034     edma3_drv_bios6_tda2xx_m4_c0_st_sample_pem4.oem4 (.const:ti_sysbios_family_arm_ducati_Timer_Object__PARAMS__C)
                  8503bd00    00000030     edma3_drv_bios6_tda2xx_m4_c0_st_sample_pem4.oem4 (.const:ti_sysbios_family_arm_m3_Hwi_Object__PARAMS__C)
                  8503bd30    0000002c     edma3_drv_bios6_tda2xx_m4_c0_st_sample_pem4.oem4 (.const:ti_sysbios_hal_Hwi_Object__PARAMS__C)
                  8503bd5c    0000002c     edma3_drv_bios6_tda2xx_m4_c0_st_sample_pem4.oem4 (.const:xdc_runtime_SysMin_Module__FXNS__C)
                  8503bd88    00000028     edma3_drv_bios6_tda2xx_m4_c0_st_sample_pem4.oem4 (.const:ti_sysbios_heaps_HeapMem_Module__FXNS__C)
                  8503bdb0    00000028     edma3_drv_bios6_tda2xx_m4_c0_st_sample_pem4.oem4 (.const:ti_sysbios_knl_Swi_Object__PARAMS__C)
                  8503bdd8    00000028     edma3_drv_bios6_tda2xx_m4_c0_st_sample_pem4.oem4 (.const:xdc_runtime_Startup_sfxnTab__A)
                  8503be00    00000024     edma3_drv_bios6_tda2xx_m4_c0_st_sample_pem4.oem4 (.const:ti_sysbios_family_arm_ducati_GateDualCore_Module__FXNS__C)
                  8503be24    00000024     edma3_drv_bios6_tda2xx_m4_c0_st_sample_pem4.oem4 (.const:ti_sysbios_gates_GateHwi_Module__FXNS__C)
                  8503be48    00000024     edma3_drv_bios6_tda2xx_m4_c0_st_sample_pem4.oem4 (.const:ti_sysbios_gates_GateMutex_Module__FXNS__C)
                  8503be6c    00000024     edma3_drv_bios6_tda2xx_m4_c0_st_sample_pem4.oem4 (.const:ti_sysbios_heaps_HeapMem_Object__PARAMS__C)
                  8503be90    00000024     edma3_drv_bios6_tda2xx_m4_c0_st_sample_pem4.oem4 (.const:ti_sysbios_knl_Clock_Object__PARAMS__C)
                  8503beb4    00000024     edma3_drv_bios6_tda2xx_m4_c0_st_sample_pem4.oem4 (.const:ti_sysbios_knl_Semaphore_Object__PARAMS__C)
                  8503bed8    00000020     dma_link_test.oem4 (.const:$P$T0$1)
                  8503bef8    00000020     dma_ping_pong_test.oem4 (.const:$P$T0$1)
                  8503bf18    00000020     dma_test.oem4 (.const:$P$T0$1)
                  8503bf38    00000020     edma3_drv_bios6_tda2xx_m4_c0_st_sample_pem4.oem4 (.const:ti_sysbios_family_arm_ducati_GateDualCore_Object__DESC__C)
                  8503bf58    00000020     edma3_drv_bios6_tda2xx_m4_c0_st_sample_pem4.oem4 (.const:ti_sysbios_family_arm_ducati_Timer_Object__DESC__C)
                  8503bf78    00000020     edma3_drv_bios6_tda2xx_m4_c0_st_sample_pem4.oem4 (.const:ti_sysbios_family_arm_m3_Hwi_Object__DESC__C)
                  8503bf98    00000020     edma3_drv_bios6_tda2xx_m4_c0_st_sample_pem4.oem4 (.const:ti_sysbios_gates_GateHwi_Object__DESC__C)
                  8503bfb8    00000020     edma3_drv_bios6_tda2xx_m4_c0_st_sample_pem4.oem4 (.const:ti_sysbios_gates_GateMutex_Object__DESC__C)
                  8503bfd8    00000020     edma3_drv_bios6_tda2xx_m4_c0_st_sample_pem4.oem4 (.const:ti_sysbios_hal_Hwi_Object__DESC__C)
                  8503bff8    00000020     edma3_drv_bios6_tda2xx_m4_c0_st_sample_pem4.oem4 (.const:ti_sysbios_heaps_HeapMem_Object__DESC__C)
                  8503c018    00000020     edma3_drv_bios6_tda2xx_m4_c0_st_sample_pem4.oem4 (.const:ti_sysbios_knl_Clock_Object__DESC__C)
                  8503c038    00000020     edma3_drv_bios6_tda2xx_m4_c0_st_sample_pem4.oem4 (.const:ti_sysbios_knl_Queue_Object__DESC__C)
                  8503c058    00000020     edma3_drv_bios6_tda2xx_m4_c0_st_sample_pem4.oem4 (.const:ti_sysbios_knl_Semaphore_Object__DESC__C)
                  8503c078    00000020     edma3_drv_bios6_tda2xx_m4_c0_st_sample_pem4.oem4 (.const:ti_sysbios_knl_Swi_Object__DESC__C)
                  8503c098    00000020     edma3_drv_bios6_tda2xx_m4_c0_st_sample_pem4.oem4 (.const:ti_sysbios_knl_Task_Object__DESC__C)
                  8503c0b8    0000001c     edma3_drv_bios6_tda2xx_m4_c0_st_sample_pem4.oem4 (.const:ti_sysbios_family_arm_ducati_GateDualCore_Object__PARAMS__C)
                  8503c0d4    0000001c     edma3_drv_bios6_tda2xx_m4_c0_st_sample_pem4.oem4 (.const:ti_sysbios_family_arm_m3_IntrinsicsSupport_Module__FXNS__C)
                  8503c0f0    00000018     edma3_drv_bios6_tda2xx_m4_c0_st_sample_pem4.oem4 (.const:ti_sysbios_gates_GateHwi_Object__PARAMS__C)
                  8503c108    00000018     edma3_drv_bios6_tda2xx_m4_c0_st_sample_pem4.oem4 (.const:ti_sysbios_gates_GateMutex_Object__PARAMS__C)
                  8503c120    00000018     edma3_drv_bios6_tda2xx_m4_c0_st_sample_pem4.oem4 (.const:ti_sysbios_knl_Queue_Object__PARAMS__C)
                  8503c138    00000014     edma3_drv_bios6_tda2xx_m4_c0_st_sample_pem4.oem4 (.const:xdc_runtime_Startup_sfxnRts__A)
                  8503c14c    00000011     ti.targets.arm.rtsarm.aem4 : System.oem4 (.const:.string)
                  8503c15d    00000001     --HOLE-- [fill = 0]
                  8503c15e    00000002     edma3_drv_bios6_tda2xx_m4_c0_st_sample_pem4.oem4 (.const:ti_sysbios_family_arm_ducati_Timer_Module__id__C)
                  8503c160    0000000c     edma3_drv_bios6_tda2xx_m4_c0_st_sample_pem4.oem4 (.const:xdc_runtime_Startup_firstFxns__A)
                  8503c16c    00000008     edma3_lld_drv_sample.aem4 : sample_tda2xx_cfg.oem4 (.const)
                  8503c174    00000008     edma3_drv_bios6_tda2xx_m4_c0_st_sample_pem4.oem4 (.const:ti_sysbios_family_arm_m3_Hwi_excHookFuncs__A)
                  8503c17c    00000008     edma3_drv_bios6_tda2xx_m4_c0_st_sample_pem4.oem4 (.const:ti_sysbios_knl_Idle_funcList__C)
                  8503c184    00000008     edma3_drv_bios6_tda2xx_m4_c0_st_sample_pem4.oem4 (.const:xdc_runtime_Startup_firstFxns__C)
                  8503c18c    00000008     edma3_drv_bios6_tda2xx_m4_c0_st_sample_pem4.oem4 (.const:xdc_runtime_Startup_lastFxns__C)
                  8503c194    00000004     dma_chain_test.oem4 (.const:$P$T0$1)
                  8503c198    00000004     edma3_lld_rm.aem4 : edma3_rm_gbl_data.oem4 (.const)
                  8503c19c    00000004     edma3_drv_bios6_tda2xx_m4_c0_st_sample_pem4.oem4 (.const:ti_sysbios_BIOS_installedErrorHook__C)
                  8503c1a0    00000004     edma3_drv_bios6_tda2xx_m4_c0_st_sample_pem4.oem4 (.const:ti_sysbios_family_arm_ducati_Core_E_mismatchedIds__C)
                  8503c1a4    00000004     edma3_drv_bios6_tda2xx_m4_c0_st_sample_pem4.oem4 (.const:ti_sysbios_family_arm_ducati_Core_id__C)
                  8503c1a8    00000004     edma3_drv_bios6_tda2xx_m4_c0_st_sample_pem4.oem4 (.const:ti_sysbios_family_arm_ducati_Core_ipuId__C)
                  8503c1ac    00000004     edma3_drv_bios6_tda2xx_m4_c0_st_sample_pem4.oem4 (.const:ti_sysbios_family_arm_ducati_GateDualCore_A_nestedEnter__C)
                  8503c1b0    00000004     edma3_drv_bios6_tda2xx_m4_c0_st_sample_pem4.oem4 (.const:ti_sysbios_family_arm_ducati_GateDualCore_E_gateInUse__C)
                  8503c1b4    00000004     edma3_drv_bios6_tda2xx_m4_c0_st_sample_pem4.oem4 (.const:ti_sysbios_family_arm_ducati_GateDualCore_E_invalidIndex__C)
                  8503c1b8    00000004     edma3_drv_bios6_tda2xx_m4_c0_st_sample_pem4.oem4 (.const:ti_sysbios_family_arm_ducati_GateDualCore_Module__diagsEnabled__C)
                  8503c1bc    00000004     edma3_drv_bios6_tda2xx_m4_c0_st_sample_pem4.oem4 (.const:ti_sysbios_family_arm_ducati_GateDualCore_Module__diagsIncluded__C)
                  8503c1c0    00000004     edma3_drv_bios6_tda2xx_m4_c0_st_sample_pem4.oem4 (.const:ti_sysbios_family_arm_ducati_GateDualCore_Module__diagsMask__C)
                  8503c1c4    00000004     edma3_drv_bios6_tda2xx_m4_c0_st_sample_pem4.oem4 (.const:ti_sysbios_family_arm_ducati_GateDualCore_Object__count__C)
                  8503c1c8    00000004     edma3_drv_bios6_tda2xx_m4_c0_st_sample_pem4.oem4 (.const:ti_sysbios_family_arm_ducati_GateDualCore_Object__table__C)
                  8503c1cc    00000004     edma3_drv_bios6_tda2xx_m4_c0_st_sample_pem4.oem4 (.const:ti_sysbios_family_arm_ducati_GateDualCore_numGates__C)
                  8503c1d0    00000004     edma3_drv_bios6_tda2xx_m4_c0_st_sample_pem4.oem4 (.const:ti_sysbios_family_arm_ducati_Timer_E_cannotSupport__C)
                  8503c1d4    00000004     edma3_drv_bios6_tda2xx_m4_c0_st_sample_pem4.oem4 (.const:ti_sysbios_family_arm_ducati_Timer_E_invalidTimer__C)
                  8503c1d8    00000004     edma3_drv_bios6_tda2xx_m4_c0_st_sample_pem4.oem4 (.const:ti_sysbios_family_arm_ducati_Timer_E_notAvailable__C)
                  8503c1dc    00000004     edma3_drv_bios6_tda2xx_m4_c0_st_sample_pem4.oem4 (.const:ti_sysbios_family_arm_ducati_Timer_Module__diagsEnabled__C)
                  8503c1e0    00000004     edma3_drv_bios6_tda2xx_m4_c0_st_sample_pem4.oem4 (.const:ti_sysbios_family_arm_ducati_Timer_Module__diagsIncluded__C)
                  8503c1e4    00000004     edma3_drv_bios6_tda2xx_m4_c0_st_sample_pem4.oem4 (.const:ti_sysbios_family_arm_ducati_Timer_Module__diagsMask__C)
                  8503c1e8    00000004     edma3_drv_bios6_tda2xx_m4_c0_st_sample_pem4.oem4 (.const:ti_sysbios_family_arm_ducati_Timer_Object__count__C)
                  8503c1ec    00000004     edma3_drv_bios6_tda2xx_m4_c0_st_sample_pem4.oem4 (.const:ti_sysbios_family_arm_ducati_Timer_Object__table__C)
                  8503c1f0    00000004     edma3_drv_bios6_tda2xx_m4_c0_st_sample_pem4.oem4 (.const:ti_sysbios_family_arm_ducati_Timer_anyMask__C)
                  8503c1f4    00000004     edma3_drv_bios6_tda2xx_m4_c0_st_sample_pem4.oem4 (.const:ti_sysbios_family_arm_ducati_Timer_startupNeeded__C)
                  8503c1f8    00000004     edma3_drv_bios6_tda2xx_m4_c0_st_sample_pem4.oem4 (.const:ti_sysbios_family_arm_m3_Hwi_E_NMI__C)
                  8503c1fc    00000004     edma3_drv_bios6_tda2xx_m4_c0_st_sample_pem4.oem4 (.const:ti_sysbios_family_arm_m3_Hwi_E_alreadyDefined__C)
                  8503c200    00000004     edma3_drv_bios6_tda2xx_m4_c0_st_sample_pem4.oem4 (.const:ti_sysbios_family_arm_m3_Hwi_E_busFault__C)
                  8503c204    00000004     edma3_drv_bios6_tda2xx_m4_c0_st_sample_pem4.oem4 (.const:ti_sysbios_family_arm_m3_Hwi_E_debugMon__C)
                  8503c208    00000004     edma3_drv_bios6_tda2xx_m4_c0_st_sample_pem4.oem4 (.const:ti_sysbios_family_arm_m3_Hwi_E_hardFault__C)
                  8503c20c    00000004     edma3_drv_bios6_tda2xx_m4_c0_st_sample_pem4.oem4 (.const:ti_sysbios_family_arm_m3_Hwi_E_memFault__C)
                  8503c210    00000004     edma3_drv_bios6_tda2xx_m4_c0_st_sample_pem4.oem4 (.const:ti_sysbios_family_arm_m3_Hwi_E_noIsr__C)
                  8503c214    00000004     edma3_drv_bios6_tda2xx_m4_c0_st_sample_pem4.oem4 (.const:ti_sysbios_family_arm_m3_Hwi_E_reserved__C)
                  8503c218    00000004     edma3_drv_bios6_tda2xx_m4_c0_st_sample_pem4.oem4 (.const:ti_sysbios_family_arm_m3_Hwi_E_svCall__C)
                  8503c21c    00000004     edma3_drv_bios6_tda2xx_m4_c0_st_sample_pem4.oem4 (.const:ti_sysbios_family_arm_m3_Hwi_E_usageFault__C)
                  8503c220    00000004     edma3_drv_bios6_tda2xx_m4_c0_st_sample_pem4.oem4 (.const:ti_sysbios_family_arm_m3_Hwi_LD_end__C)
                  8503c224    00000004     edma3_drv_bios6_tda2xx_m4_c0_st_sample_pem4.oem4 (.const:ti_sysbios_family_arm_m3_Hwi_LM_begin__C)
                  8503c228    00000004     edma3_drv_bios6_tda2xx_m4_c0_st_sample_pem4.oem4 (.const:ti_sysbios_family_arm_m3_Hwi_Module__diagsEnabled__C)
                  8503c22c    00000004     edma3_drv_bios6_tda2xx_m4_c0_st_sample_pem4.oem4 (.const:ti_sysbios_family_arm_m3_Hwi_Module__diagsIncluded__C)
                  8503c230    00000004     edma3_drv_bios6_tda2xx_m4_c0_st_sample_pem4.oem4 (.const:ti_sysbios_family_arm_m3_Hwi_Module__diagsMask__C)
                  8503c234    00000004     edma3_drv_bios6_tda2xx_m4_c0_st_sample_pem4.oem4 (.const:ti_sysbios_family_arm_m3_Hwi_Module__loggerFxn1__C)
                  8503c238    00000004     edma3_drv_bios6_tda2xx_m4_c0_st_sample_pem4.oem4 (.const:ti_sysbios_family_arm_m3_Hwi_Module__loggerFxn8__C)
                  8503c23c    00000004     edma3_drv_bios6_tda2xx_m4_c0_st_sample_pem4.oem4 (.const:ti_sysbios_family_arm_m3_Hwi_Module__loggerObj__C)
                  8503c240    00000004     edma3_drv_bios6_tda2xx_m4_c0_st_sample_pem4.oem4 (.const:ti_sysbios_family_arm_m3_Hwi_NUM_INTERRUPTS__C)
                  8503c244    00000004     edma3_drv_bios6_tda2xx_m4_c0_st_sample_pem4.oem4 (.const:ti_sysbios_family_arm_m3_Hwi_Object__count__C)
                  8503c248    00000004     edma3_drv_bios6_tda2xx_m4_c0_st_sample_pem4.oem4 (.const:ti_sysbios_family_arm_m3_Hwi_Object__table__C)
                  8503c24c    00000004     edma3_drv_bios6_tda2xx_m4_c0_st_sample_pem4.oem4 (.const:ti_sysbios_family_arm_m3_Hwi_ccr__C)
                  8503c250    00000004     edma3_drv_bios6_tda2xx_m4_c0_st_sample_pem4.oem4 (.const:ti_sysbios_family_arm_m3_Hwi_excHandlerFunc__C)
                  8503c254    00000004     edma3_drv_bios6_tda2xx_m4_c0_st_sample_pem4.oem4 (.const:ti_sysbios_family_arm_m3_Hwi_excHookFuncs__C)
                  8503c258    00000004     edma3_drv_bios6_tda2xx_m4_c0_st_sample_pem4.oem4 (.const:ti_sysbios_family_arm_m3_Hwi_nullIsrFunc__C)
                  8503c25c    00000004     edma3_drv_bios6_tda2xx_m4_c0_st_sample_pem4.oem4 (.const:ti_sysbios_family_arm_m3_Hwi_priGroup__C)
                  8503c260    00000004     edma3_drv_bios6_tda2xx_m4_c0_st_sample_pem4.oem4 (.const:ti_sysbios_family_arm_m3_TaskSupport_defaultStackSize__C)
                  8503c264    00000004     edma3_drv_bios6_tda2xx_m4_c0_st_sample_pem4.oem4 (.const:ti_sysbios_family_arm_m3_TaskSupport_stackAlignment__C)
                  8503c268    00000004     edma3_drv_bios6_tda2xx_m4_c0_st_sample_pem4.oem4 (.const:ti_sysbios_family_shared_vayu_IntXbar_A_badBenelliIpuId__C)
                  8503c26c    00000004     edma3_drv_bios6_tda2xx_m4_c0_st_sample_pem4.oem4 (.const:ti_sysbios_family_shared_vayu_IntXbar_A_badBenelliXbarInstanceNum__C)
                  8503c270    00000004     edma3_drv_bios6_tda2xx_m4_c0_st_sample_pem4.oem4 (.const:ti_sysbios_family_shared_vayu_IntXbar_A_badIntSourceIdx__C)
                  8503c274    00000004     edma3_drv_bios6_tda2xx_m4_c0_st_sample_pem4.oem4 (.const:ti_sysbios_family_shared_vayu_IntXbar_Module__diagsEnabled__C)
                  8503c278    00000004     edma3_drv_bios6_tda2xx_m4_c0_st_sample_pem4.oem4 (.const:ti_sysbios_family_shared_vayu_IntXbar_Module__diagsIncluded__C)
                  8503c27c    00000004     edma3_drv_bios6_tda2xx_m4_c0_st_sample_pem4.oem4 (.const:ti_sysbios_family_shared_vayu_IntXbar_Module__diagsMask__C)
                  8503c280    00000004     edma3_drv_bios6_tda2xx_m4_c0_st_sample_pem4.oem4 (.const:ti_sysbios_family_shared_vayu_IntXbar_mmrBaseAddr__C)
                  8503c284    00000004     edma3_drv_bios6_tda2xx_m4_c0_st_sample_pem4.oem4 (.const:ti_sysbios_gates_GateHwi_Object__count__C)
                  8503c288    00000004     edma3_drv_bios6_tda2xx_m4_c0_st_sample_pem4.oem4 (.const:ti_sysbios_gates_GateHwi_Object__table__C)
                  8503c28c    00000004     edma3_drv_bios6_tda2xx_m4_c0_st_sample_pem4.oem4 (.const:ti_sysbios_gates_GateMutex_A_badContext__C)
                  8503c290    00000004     edma3_drv_bios6_tda2xx_m4_c0_st_sample_pem4.oem4 (.const:ti_sysbios_gates_GateMutex_Instance_State_sem__O)
                  8503c294    00000004     edma3_drv_bios6_tda2xx_m4_c0_st_sample_pem4.oem4 (.const:ti_sysbios_gates_GateMutex_Module__diagsEnabled__C)
                  8503c298    00000004     edma3_drv_bios6_tda2xx_m4_c0_st_sample_pem4.oem4 (.const:ti_sysbios_gates_GateMutex_Module__diagsIncluded__C)
                  8503c29c    00000004     edma3_drv_bios6_tda2xx_m4_c0_st_sample_pem4.oem4 (.const:ti_sysbios_gates_GateMutex_Module__diagsMask__C)
                  8503c2a0    00000004     edma3_drv_bios6_tda2xx_m4_c0_st_sample_pem4.oem4 (.const:ti_sysbios_gates_GateMutex_Object__count__C)
                  8503c2a4    00000004     edma3_drv_bios6_tda2xx_m4_c0_st_sample_pem4.oem4 (.const:ti_sysbios_gates_GateMutex_Object__table__C)
                  8503c2a8    00000004     edma3_drv_bios6_tda2xx_m4_c0_st_sample_pem4.oem4 (.const:ti_sysbios_hal_Hwi_Object__count__C)
                  8503c2ac    00000004     edma3_drv_bios6_tda2xx_m4_c0_st_sample_pem4.oem4 (.const:ti_sysbios_hal_Hwi_Object__table__C)
                  8503c2b0    00000004     edma3_drv_bios6_tda2xx_m4_c0_st_sample_pem4.oem4 (.const:ti_sysbios_hal_ammu_AMMU_numLargePages__C)
                  8503c2b4    00000004     edma3_drv_bios6_tda2xx_m4_c0_st_sample_pem4.oem4 (.const:ti_sysbios_hal_ammu_AMMU_numLinePages__C)
                  8503c2b8    00000004     edma3_drv_bios6_tda2xx_m4_c0_st_sample_pem4.oem4 (.const:ti_sysbios_hal_ammu_AMMU_numMediumPages__C)
                  8503c2bc    00000004     edma3_drv_bios6_tda2xx_m4_c0_st_sample_pem4.oem4 (.const:ti_sysbios_hal_ammu_AMMU_numSmallPages__C)
                  8503c2c0    00000004     edma3_drv_bios6_tda2xx_m4_c0_st_sample_pem4.oem4 (.const:ti_sysbios_hal_unicache_Cache_Module__gateObj__C)
                  8503c2c4    00000004     edma3_drv_bios6_tda2xx_m4_c0_st_sample_pem4.oem4 (.const:ti_sysbios_hal_unicache_Cache_l1ocpConfig__C)
                  8503c2c8    00000004     edma3_drv_bios6_tda2xx_m4_c0_st_sample_pem4.oem4 (.const:ti_sysbios_hal_unicache_Cache_l1secConfig__C)
                  8503c2cc    00000004     edma3_drv_bios6_tda2xx_m4_c0_st_sample_pem4.oem4 (.const:ti_sysbios_hal_unicache_Cache_l2ocpConfig__C)
                  8503c2d0    00000004     edma3_drv_bios6_tda2xx_m4_c0_st_sample_pem4.oem4 (.const:ti_sysbios_hal_unicache_Cache_l2secConfig__C)
                  8503c2d4    00000004     edma3_drv_bios6_tda2xx_m4_c0_st_sample_pem4.oem4 (.const:ti_sysbios_hal_unicache_Cache_maxLineModeBufSize__C)
                  8503c2d8    00000004     edma3_drv_bios6_tda2xx_m4_c0_st_sample_pem4.oem4 (.const:ti_sysbios_heaps_HeapMem_A_align__C)
                  8503c2dc    00000004     edma3_drv_bios6_tda2xx_m4_c0_st_sample_pem4.oem4 (.const:ti_sysbios_heaps_HeapMem_A_heapSize__C)
                  8503c2e0    00000004     edma3_drv_bios6_tda2xx_m4_c0_st_sample_pem4.oem4 (.const:ti_sysbios_heaps_HeapMem_A_invalidFree__C)
                  8503c2e4    00000004     edma3_drv_bios6_tda2xx_m4_c0_st_sample_pem4.oem4 (.const:ti_sysbios_heaps_HeapMem_A_zeroBlock__C)
                  8503c2e8    00000004     edma3_drv_bios6_tda2xx_m4_c0_st_sample_pem4.oem4 (.const:ti_sysbios_heaps_HeapMem_E_memory__C)
                  8503c2ec    00000004     edma3_drv_bios6_tda2xx_m4_c0_st_sample_pem4.oem4 (.const:ti_sysbios_heaps_HeapMem_Module__diagsEnabled__C)
                  8503c2f0    00000004     edma3_drv_bios6_tda2xx_m4_c0_st_sample_pem4.oem4 (.const:ti_sysbios_heaps_HeapMem_Module__diagsIncluded__C)
                  8503c2f4    00000004     edma3_drv_bios6_tda2xx_m4_c0_st_sample_pem4.oem4 (.const:ti_sysbios_heaps_HeapMem_Module__diagsMask__C)
                  8503c2f8    00000004     edma3_drv_bios6_tda2xx_m4_c0_st_sample_pem4.oem4 (.const:ti_sysbios_heaps_HeapMem_Module__gateObj__C)
                  8503c2fc    00000004     edma3_drv_bios6_tda2xx_m4_c0_st_sample_pem4.oem4 (.const:ti_sysbios_heaps_HeapMem_Object__count__C)
                  8503c300    00000004     edma3_drv_bios6_tda2xx_m4_c0_st_sample_pem4.oem4 (.const:ti_sysbios_heaps_HeapMem_Object__table__C)
                  8503c304    00000004     edma3_drv_bios6_tda2xx_m4_c0_st_sample_pem4.oem4 (.const:ti_sysbios_heaps_HeapMem_reqAlign__C)
                  8503c308    00000004     edma3_drv_bios6_tda2xx_m4_c0_st_sample_pem4.oem4 (.const:ti_sysbios_interfaces_ICache_Interface__BASE__C)
                  8503c30c    00000004     edma3_drv_bios6_tda2xx_m4_c0_st_sample_pem4.oem4 (.const:ti_sysbios_interfaces_IIntrinsicsSupport_Interface__BASE__C)
                  8503c310    00000004     edma3_drv_bios6_tda2xx_m4_c0_st_sample_pem4.oem4 (.const:ti_sysbios_knl_Clock_A_badThreadType__C)
                  8503c314    00000004     edma3_drv_bios6_tda2xx_m4_c0_st_sample_pem4.oem4 (.const:ti_sysbios_knl_Clock_LM_begin__C)
                  8503c318    00000004     edma3_drv_bios6_tda2xx_m4_c0_st_sample_pem4.oem4 (.const:ti_sysbios_knl_Clock_LM_tick__C)
                  8503c31c    00000004     edma3_drv_bios6_tda2xx_m4_c0_st_sample_pem4.oem4 (.const:ti_sysbios_knl_Clock_LW_delayed__C)
                  8503c320    00000004     edma3_drv_bios6_tda2xx_m4_c0_st_sample_pem4.oem4 (.const:ti_sysbios_knl_Clock_Module_State_clockQ__O)
                  8503c324    00000004     edma3_drv_bios6_tda2xx_m4_c0_st_sample_pem4.oem4 (.const:ti_sysbios_knl_Clock_Module__diagsEnabled__C)
                  8503c328    00000004     edma3_drv_bios6_tda2xx_m4_c0_st_sample_pem4.oem4 (.const:ti_sysbios_knl_Clock_Module__diagsIncluded__C)
                  8503c32c    00000004     edma3_drv_bios6_tda2xx_m4_c0_st_sample_pem4.oem4 (.const:ti_sysbios_knl_Clock_Module__diagsMask__C)
                  8503c330    00000004     edma3_drv_bios6_tda2xx_m4_c0_st_sample_pem4.oem4 (.const:ti_sysbios_knl_Clock_Module__loggerFxn1__C)
                  8503c334    00000004     edma3_drv_bios6_tda2xx_m4_c0_st_sample_pem4.oem4 (.const:ti_sysbios_knl_Clock_Module__loggerFxn2__C)
                  8503c338    00000004     edma3_drv_bios6_tda2xx_m4_c0_st_sample_pem4.oem4 (.const:ti_sysbios_knl_Clock_Module__loggerObj__C)
                  8503c33c    00000004     edma3_drv_bios6_tda2xx_m4_c0_st_sample_pem4.oem4 (.const:ti_sysbios_knl_Clock_Object__count__C)
                  8503c340    00000004     edma3_drv_bios6_tda2xx_m4_c0_st_sample_pem4.oem4 (.const:ti_sysbios_knl_Clock_Object__table__C)
                  8503c344    00000004     edma3_drv_bios6_tda2xx_m4_c0_st_sample_pem4.oem4 (.const:ti_sysbios_knl_Queue_Object__count__C)
                  8503c348    00000004     edma3_drv_bios6_tda2xx_m4_c0_st_sample_pem4.oem4 (.const:ti_sysbios_knl_Queue_Object__table__C)
                  8503c34c    00000004     edma3_drv_bios6_tda2xx_m4_c0_st_sample_pem4.oem4 (.const:ti_sysbios_knl_Semaphore_A_badContext__C)
                  8503c350    00000004     edma3_drv_bios6_tda2xx_m4_c0_st_sample_pem4.oem4 (.const:ti_sysbios_knl_Semaphore_A_noEvents__C)
[...]
8503c1a8  ti_sysbios_family_arm_ducati_Core_ipuId__C                           
8503c1ac  ti_sysbios_family_arm_ducati_GateDualCore_A_nestedEnter__C           
8503c1b0  ti_sysbios_family_arm_ducati_GateDualCore_E_gateInUse__C             
8503c1b4  ti_sysbios_family_arm_ducati_GateDualCore_E_invalidIndex__C          
8503c1b8  ti_sysbios_family_arm_ducati_GateDualCore_Module__diagsEnabled__C    
8503c1bc  ti_sysbios_family_arm_ducati_GateDualCore_Module__diagsIncluded__C   
8503c1c0  ti_sysbios_family_arm_ducati_GateDualCore_Module__diagsMask__C       
8503c1c4  ti_sysbios_family_arm_ducati_GateDualCore_Object__count__C           
8503c1c8  ti_sysbios_family_arm_ducati_GateDualCore_Object__table__C           
8503c1cc  ti_sysbios_family_arm_ducati_GateDualCore_numGates__C                
8503c1d0  ti_sysbios_family_arm_ducati_Timer_E_cannotSupport__C                
8503c1d4  ti_sysbios_family_arm_ducati_Timer_E_invalidTimer__C                 
8503c1d8  ti_sysbios_family_arm_ducati_Timer_E_notAvailable__C                 
8503c1dc  ti_sysbios_family_arm_ducati_Timer_Module__diagsEnabled__C           
8503c1e0  ti_sysbios_family_arm_ducati_Timer_Module__diagsIncluded__C          
8503c1e4  ti_sysbios_family_arm_ducati_Timer_Module__diagsMask__C              
8503c1e8  ti_sysbios_family_arm_ducati_Timer_Object__count__C                  
8503c1ec  ti_sysbios_family_arm_ducati_Timer_Object__table__C                  
8503c1f0  ti_sysbios_family_arm_ducati_Timer_anyMask__C                        
8503c1f4  ti_sysbios_family_arm_ducati_Timer_startupNeeded__C                  
8503c1f8  ti_sysbios_family_arm_m3_Hwi_E_NMI__C                                
8503c1fc  ti_sysbios_family_arm_m3_Hwi_E_alreadyDefined__C                     
8503c200  ti_sysbios_family_arm_m3_Hwi_E_busFault__C                           
8503c204  ti_sysbios_family_arm_m3_Hwi_E_debugMon__C                           
8503c208  ti_sysbios_family_arm_m3_Hwi_E_hardFault__C                          
8503c20c  ti_sysbios_family_arm_m3_Hwi_E_memFault__C                           
8503c210  ti_sysbios_family_arm_m3_Hwi_E_noIsr__C                              
8503c214  ti_sysbios_family_arm_m3_Hwi_E_reserved__C                           
8503c218  ti_sysbios_family_arm_m3_Hwi_E_svCall__C                             
8503c21c  ti_sysbios_family_arm_m3_Hwi_E_usageFault__C                         
8503c220  ti_sysbios_family_arm_m3_Hwi_LD_end__C                               
8503c224  ti_sysbios_family_arm_m3_Hwi_LM_begin__C                             
8503c228  ti_sysbios_family_arm_m3_Hwi_Module__diagsEnabled__C                 
8503c22c  ti_sysbios_family_arm_m3_Hwi_Module__diagsIncluded__C                
8503c230  ti_sysbios_family_arm_m3_Hwi_Module__diagsMask__C                    
8503c234  ti_sysbios_family_arm_m3_Hwi_Module__loggerFxn1__C                   
8503c238  ti_sysbios_family_arm_m3_Hwi_Module__loggerFxn8__C                   
8503c23c  ti_sysbios_family_arm_m3_Hwi_Module__loggerObj__C                    
8503c240  ti_sysbios_family_arm_m3_Hwi_NUM_INTERRUPTS__C                       
8503c244  ti_sysbios_family_arm_m3_Hwi_Object__count__C                        
8503c248  ti_sysbios_family_arm_m3_Hwi_Object__table__C                        
8503c24c  ti_sysbios_family_arm_m3_Hwi_ccr__C                                  
8503c250  ti_sysbios_family_arm_m3_Hwi_excHandlerFunc__C                       
8503c254  ti_sysbios_family_arm_m3_Hwi_excHookFuncs__C                         
8503c258  ti_sysbios_family_arm_m3_Hwi_nullIsrFunc__C                          
8503c25c  ti_sysbios_family_arm_m3_Hwi_priGroup__C                             
8503c260  ti_sysbios_family_arm_m3_TaskSupport_defaultStackSize__C             
8503c264  ti_sysbios_family_arm_m3_TaskSupport_stackAlignment__C               
8503c268  ti_sysbios_family_shared_vayu_IntXbar_A_badBenelliIpuId__C           
8503c26c  ti_sysbios_family_shared_vayu_IntXbar_A_badBenelliXbarInstanceNum__C 
8503c270  ti_sysbios_family_shared_vayu_IntXbar_A_badIntSourceIdx__C           
8503c274  ti_sysbios_family_shared_vayu_IntXbar_Module__diagsEnabled__C        
8503c278  ti_sysbios_family_shared_vayu_IntXbar_Module__diagsIncluded__C       
8503c27c  ti_sysbios_family_shared_vayu_IntXbar_Module__diagsMask__C           
8503c280  ti_sysbios_family_shared_vayu_IntXbar_mmrBaseAddr__C                 
8503c284  ti_sysbios_gates_GateHwi_Object__count__C                            
8503c288  ti_sysbios_gates_GateHwi_Object__table__C                            
8503c28c  ti_sysbios_gates_GateMutex_A_badContext__C                           
8503c290  ti_sysbios_gates_GateMutex_Instance_State_sem__O                     
8503c294  ti_sysbios_gates_GateMutex_Module__diagsEnabled__C                   
8503c298  ti_sysbios_gates_GateMutex_Module__diagsIncluded__C                  
8503c29c  ti_sysbios_gates_GateMutex_Module__diagsMask__C                      
8503c2a0  ti_sysbios_gates_GateMutex_Object__count__C                          
8503c2a4  ti_sysbios_gates_GateMutex_Object__table__C                          
8503c2a8  ti_sysbios_hal_Hwi_Object__count__C                                  
8503c2ac  ti_sysbios_hal_Hwi_Object__table__C                                  
8503c2b0  ti_sysbios_hal_ammu_AMMU_numLargePages__C                            
8503c2b4  ti_sysbios_hal_ammu_AMMU_numLinePages__C                             
8503c2b8  ti_sysbios_hal_ammu_AMMU_numMediumPages__C                           
8503c2bc  ti_sysbios_hal_ammu_AMMU_numSmallPages__C                            
8503c2c0  ti_sysbios_hal_unicache_Cache_Module__gateObj__C                     
8503c2c4  ti_sysbios_hal_unicache_Cache_l1ocpConfig__C                         
8503c2c8  ti_sysbios_hal_unicache_Cache_l1secConfig__C                         
8503c2cc  ti_sysbios_hal_unicache_Cache_l2ocpConfig__C                         
8503c2d0  ti_sysbios_hal_unicache_Cache_l2secConfig__C                         
8503c2d4  ti_sysbios_hal_unicache_Cache_maxLineModeBufSize__C                  
8503c2d8  ti_sysbios_heaps_HeapMem_A_align__C                                  
8503c2dc  ti_sysbios_heaps_HeapMem_A_heapSize__C                               
8503c2e0  ti_sysbios_heaps_HeapMem_A_invalidFree__C                            
8503c2e4  ti_sysbios_heaps_HeapMem_A_zeroBlock__C                              
8503c2e8  ti_sysbios_heaps_HeapMem_E_memory__C                                 
8503c2ec  ti_sysbios_heaps_HeapMem_Module__diagsEnabled__C                     
8503c2f0  ti_sysbios_heaps_HeapMem_Module__diagsIncluded__C                    
8503c2f4  ti_sysbios_heaps_HeapMem_Module__diagsMask__C                        
8503c2f8  ti_sysbios_heaps_HeapMem_Module__gateObj__C                          
8503c2fc  ti_sysbios_heaps_HeapMem_Object__count__C                            
8503c300  ti_sysbios_heaps_HeapMem_Object__table__C                            
8503c304  ti_sysbios_heaps_HeapMem_reqAlign__C                                 
8503c308  ti_sysbios_interfaces_ICache_Interface__BASE__C                      
8503c30c  ti_sysbios_interfaces_IIntrinsicsSupport_Interface__BASE__C          
8503c310  ti_sysbios_knl_Clock_A_badThreadType__C                              
8503c314  ti_sysbios_knl_Clock_LM_begin__C                                     
8503c318  ti_sysbios_knl_Clock_LM_tick__C                                      
8503c31c  ti_sysbios_knl_Clock_LW_delayed__C                                   
8503c320  ti_sysbios_knl_Clock_Module_State_clockQ__O                          
8503c324  ti_sysbios_knl_Clock_Module__diagsEnabled__C                         
8503c328  ti_sysbios_knl_Clock_Module__diagsIncluded__C                        
8503c32c  ti_sysbios_knl_Clock_Module__diagsMask__C                            
8503c330  ti_sysbios_knl_Clock_Module__loggerFxn1__C                           
8503c334  ti_sysbios_knl_Clock_Module__loggerFxn2__C                           
8503c338  ti_sysbios_knl_Clock_Module__loggerObj__C                            
8503c33c  ti_sysbios_knl_Clock_Object__count__C                                
8503c340  ti_sysbios_knl_Clock_Object__table__C                                
8503c344  ti_sysbios_knl_Queue_Object__count__C                                
8503c348  ti_sysbios_knl_Queue_Object__table__C                                
8503c34c  ti_sysbios_knl_Semaphore_A_badContext__C                             
8503c350  ti_sysbios_knl_Semaphore_A_noEvents__C                               
8503c354  ti_sysbios_knl_Semaphore_A_overflow__C                               
8503c358  ti_sysbios_knl_Semaphore_A_pendTaskDisabled__C                       
8503c35c  ti_sysbios_knl_Semaphore_Instance_State_pendQ__O                     
8503c360  ti_sysbios_knl_Semaphore_LM_pend__C                                  
8503c364  ti_sysbios_knl_Semaphore_LM_post__C                                  
8503c368  ti_sysbios_knl_Semaphore_Module__diagsEnabled__C                     
8503c36c  ti_sysbios_knl_Semaphore_Module__diagsIncluded__C                    
8503c370  ti_sysbios_knl_Semaphore_Module__diagsMask__C                        
8503c374  ti_sysbios_knl_Semaphore_Module__loggerFxn2__C                       
8503c378  ti_sysbios_knl_Semaphore_Module__loggerFxn4__C                       
8503c37c  ti_sysbios_knl_Semaphore_Module__loggerObj__C                        
8503c380  ti_sysbios_knl_Semaphore_Object__count__C                            
8503c384  ti_sysbios_knl_Semaphore_Object__table__C                            
8503c388  ti_sysbios_knl_Swi_A_badPriority__C                                  
8503c38c  ti_sysbios_knl_Swi_LD_end__C                                         
8503c390  ti_sysbios_knl_Swi_LM_begin__C                                       
8503c394  ti_sysbios_knl_Swi_LM_post__C                                        
8503c398  ti_sysbios_knl_Swi_Module__diagsEnabled__C                           
8503c39c  ti_sysbios_knl_Swi_Module__diagsIncluded__C                          
8503c3a0  ti_sysbios_knl_Swi_Module__diagsMask__C                              
8503c3a4  ti_sysbios_knl_Swi_Module__loggerFxn1__C                             
8503c3a8  ti_sysbios_knl_Swi_Module__loggerFxn4__C                             
8503c3ac  ti_sysbios_knl_Swi_Module__loggerObj__C                              
8503c3b0  ti_sysbios_knl_Swi_Object__count__C                                  
8503c3b4  ti_sysbios_knl_Swi_Object__table__C                                  
8503c3b8  ti_sysbios_knl_Task_A_badPriority__C                                 
8503c3bc  ti_sysbios_knl_Task_A_badTaskState__C                                
8503c3c0  ti_sysbios_knl_Task_A_badThreadType__C                               
8503c3c4  ti_sysbios_knl_Task_A_noPendElem__C                                  
8503c3c8  ti_sysbios_knl_Task_LD_block__C                                      
8503c3cc  ti_sysbios_knl_Task_LD_exit__C                                       
8503c3d0  ti_sysbios_knl_Task_LD_ready__C                                      
8503c3d4  ti_sysbios_knl_Task_LM_switch__C                                     
8503c3d8  ti_sysbios_knl_Task_Module_State_inactiveQ__O                        
8503c3dc  ti_sysbios_knl_Task_Module__diagsEnabled__C                          
8503c3e0  ti_sysbios_knl_Task_Module__diagsIncluded__C                         
8503c3e4  ti_sysbios_knl_Task_Module__diagsMask__C                             
8503c3e8  ti_sysbios_knl_Task_Module__loggerFxn2__C                            
8503c3ec  ti_sysbios_knl_Task_Module__loggerFxn4__C                            
8503c3f0  ti_sysbios_knl_Task_Module__loggerObj__C                             
8503c3f4  ti_sysbios_knl_Task_Object__count__C                                 
8503c3f8  ti_sysbios_knl_Task_Object__table__C                                 
8503c3fc  ti_sysbios_knl_Task_allBlockedFunc__C                                
8503c400  ti_sysbios_knl_Task_defaultStackHeap__C                              
8503c404  ti_sysbios_knl_Task_defaultStackSize__C                              
8503c408  ti_sysbios_knl_Task_numConstructedTasks__C                           
8503c40c  xdc_runtime_Assert_E_assertFailed__C                                 
8503c410  xdc_runtime_Core_A_initializedParams__C                              
8503c414  xdc_runtime_Core_Module__diagsEnabled__C                             
8503c418  xdc_runtime_Core_Module__diagsIncluded__C                            
8503c41c  xdc_runtime_Core_Module__diagsMask__C                                
8503c420  xdc_runtime_Error_E_memory__C                                        
8503c424  xdc_runtime_Error_Module__diagsEnabled__C                            
8503c428  xdc_runtime_Error_Module__diagsIncluded__C                           
8503c42c  xdc_runtime_Error_Module__diagsMask__C                               
8503c430  xdc_runtime_Error_Module__loggerFxn8__C                              
8503c434  xdc_runtime_Error_Module__loggerObj__C                               
8503c438  xdc_runtime_Error_policyFxn__C                                       
8503c43c  xdc_runtime_Error_raiseHook__C                                       
8503c440  xdc_runtime_IGateProvider_Interface__BASE__C                         
8503c444  xdc_runtime_IHeap_Interface__BASE__C                                 
8503c448  xdc_runtime_IModule_Interface__BASE__C                               
8503c44c  xdc_runtime_ISystemSupport_Interface__BASE__C                        
8503c450  xdc_runtime_Log_L_error__C                                           
8503c454  xdc_runtime_Main_Module__diagsEnabled__C                             
8503c458  xdc_runtime_Main_Module__diagsIncluded__C                            
8503c45c  xdc_runtime_Main_Module__diagsMask__C                                
8503c460  xdc_runtime_Memory_defaultHeapInstance__C                            
8503c464  xdc_runtime_Startup_execImpl__C                                      
8503c468  xdc_runtime_Startup_lastFxns__A                                      
8503c46c  xdc_runtime_Startup_maxPasses__C                                     
8503c470  xdc_runtime_Startup_sfxnRts__C                                       
8503c474  xdc_runtime_Startup_sfxnTab__C                                       
8503c478  xdc_runtime_Startup_startModsFxn__C                                  
8503c47c  xdc_runtime_SysMin_bufSize__C                                        
8503c480  xdc_runtime_SysMin_outputFunc__C                                     
8503c484  xdc_runtime_System_Module__gateObj__C                                
8503c488  xdc_runtime_System_abortFxn__C                                       
8503c48c  xdc_runtime_System_exitFxn__C                                        
8503c490  xdc_runtime_System_extendFxn__C                                      
8503c494  xdc_runtime_System_maxAtexitHandlers__C                              
8503c498  xdc_runtime_Text_charTab__C                                          
8503c49c  xdc_runtime_Text_nameEmpty__C                                        
8503c4a0  xdc_runtime_Text_nameStatic__C                                       
8503c4a4  xdc_runtime_Text_nameUnknown__C                                      
8503c4a8  xdc_runtime_Text_nodeTab__C                                          
8503c4ac  xdc_runtime_Text_visitRopeFxn__C                                     
8503c4b0  ti_sysbios_family_arm_m3_Hwi_Module__id__C                           
8503c4b2  ti_sysbios_family_arm_m3_Hwi_Module__loggerDefined__C                
8503c4b4  ti_sysbios_family_shared_vayu_IntXbar_Module__id__C                  
8503c4b6  ti_sysbios_gates_GateMutex_Module__id__C                             
8503c4b8  ti_sysbios_hal_ammu_AMMU_configureAmmu__C                            
8503c4ba  ti_sysbios_hal_unicache_Cache_configureCache__C                      
8503c4bc  ti_sysbios_hal_unicache_Cache_enableCache__C                         
8503c4be  ti_sysbios_hal_unicache_Cache_l2CacheSupported__C                    
8503c4c0  ti_sysbios_heaps_HeapMem_Module__id__C                               
8503c4c2  ti_sysbios_knl_Clock_Module__id__C                                   
8503c4c4  ti_sysbios_knl_Clock_Module__loggerDefined__C                        
8503c4c6  ti_sysbios_knl_Semaphore_Module__id__C                               
8503c4c8  ti_sysbios_knl_Semaphore_Module__loggerDefined__C                    
8503c4ca  ti_sysbios_knl_Swi_Module__id__C                                     
8503c4cc  ti_sysbios_knl_Swi_Module__loggerDefined__C                          
8503c4ce  ti_sysbios_knl_Task_Module__id__C                                    
8503c4d0  ti_sysbios_knl_Task_Module__loggerDefined__C                         
8503c4d2  xdc_runtime_Core_Module__id__C                                       
8503c4d4  xdc_runtime_Error_Module__loggerDefined__C                           
8503c4d6  xdc_runtime_Error_maxDepth__C                                        
8503c4d8  xdc_runtime_Main_Module__id__C                                       
8503c4da  xdc_runtime_Memory_Module__id__C                                     
8503c4dc  xdc_runtime_SysMin_flushAtExit__C                                    
8503c4de  xdc_runtime_Text_charCnt__C                                          
8503c4e0  xdc_runtime_Text_isLoaded__C                                         
8503c4e2  xdc_runtime_Text_registryModsLastId__C                               
8503c4e4  xdc_runtime_Text_unnamedModsLastId__C                                
8503c500  _pingpongSrcBuf                                                      
8503d280  _pingpongDestBuf                                                     
8503e000  _dstL1DBuff1                                                         
8503e280  _dstL1DBuff2                                                         
8503e500  _srcBuff1                                                            
8503e580  _dstBuff1                                                            
8503e600  _srcBuff2                                                            
8503e680  _dstBuff2                                                            
8503e6c0  ti_sysbios_knl_Task_Instance_State_0_stack__A                        
e000e000  ti_sysbios_family_arm_m3_Hwi_nvic                                    
ffffffff  __TI_pprof_out_hndl                                                  
ffffffff  __TI_prof_data_size                                                  
ffffffff  __TI_prof_data_start                                                 
ffffffff  __TI_static_base__                                                   
ffffffff  __binit__                                                            
ffffffff  __c_args__                                                           
ffffffff  binit                                                                
UNDEFED   SHT$$INIT_ARRAY$$Base                                                
UNDEFED   SHT$$INIT_ARRAY$$Limit                                               
UNDEFED   __TI_CINIT_Base                                                      
UNDEFED   __TI_CINIT_Limit                                                     
UNDEFED   __TI_Handler_Table_Base                                              
UNDEFED   __TI_Handler_Table_Limit                                             
UNDEFED   ti_sysbios_family_arm_m3_Hwi_getCoreStackInfo__E                     

[1259 symbols]


DYNAMIC SYMBOLS: SORTED ALPHABETICALLY BY Name 

address  name
-------  ----
UNDEFED      

[1 symbols]


IMPORTED and EXPORTED SYMBOLS: SORTED ALPHABETICALLY BY Name 

IMPORTED SYMBOLS

name                           size      Imported from
-----------------------------  --------  -------------

[0 symbols]


EXPORTED SYMBOLS


[0 symbols]
