<?xml version="1.0"?>
<link_info>
   <banner>TI ARM Linker Unix v16.12.0.STS</banner>
   <copyright>Copyright (c) 1996-2015 Texas Instruments Incorporated</copyright>
   <link_time>0x593e0a42</link_time>
   <link_errors>0x0</link_errors>
   <output_file>i2c.out</output_file>
   <entry_point>
      <name>_c_int00</name>
      <address>0x71f0</address>
   </entry_point>
   <input_file_list>
      <input_file id="fl-2">
         <path>./source/</path>
         <kind>object</kind>
         <file>HL_epc.obj</file>
         <name>HL_epc.obj</name>
      </input_file>
      <input_file id="fl-3">
         <path>./source/</path>
         <kind>object</kind>
         <file>HL_errata.obj</file>
         <name>HL_errata.obj</name>
      </input_file>
      <input_file id="fl-4">
         <path>./source/</path>
         <kind>object</kind>
         <file>HL_esm.obj</file>
         <name>HL_esm.obj</name>
      </input_file>
      <input_file id="fl-5">
         <path>./source/</path>
         <kind>object</kind>
         <file>HL_gio.obj</file>
         <name>HL_gio.obj</name>
      </input_file>
      <input_file id="fl-6">
         <path>./source/</path>
         <kind>object</kind>
         <file>HL_i2c.obj</file>
         <name>HL_i2c.obj</name>
      </input_file>
      <input_file id="fl-7">
         <path>./source/</path>
         <kind>object</kind>
         <file>HL_nmpu.obj</file>
         <name>HL_nmpu.obj</name>
      </input_file>
      <input_file id="fl-8">
         <path>./source/</path>
         <kind>object</kind>
         <file>HL_notification.obj</file>
         <name>HL_notification.obj</name>
      </input_file>
      <input_file id="fl-9">
         <path>./source/</path>
         <kind>object</kind>
         <file>HL_pinmux.obj</file>
         <name>HL_pinmux.obj</name>
      </input_file>
      <input_file id="fl-a">
         <path>./source/</path>
         <kind>object</kind>
         <file>HL_rti.obj</file>
         <name>HL_rti.obj</name>
      </input_file>
      <input_file id="fl-b">
         <path>./source/</path>
         <kind>object</kind>
         <file>HL_sci.obj</file>
         <name>HL_sci.obj</name>
      </input_file>
      <input_file id="fl-c">
         <path>./source/</path>
         <kind>object</kind>
         <file>HL_sys_core.obj</file>
         <name>HL_sys_core.obj</name>
      </input_file>
      <input_file id="fl-d">
         <path>./source/</path>
         <kind>object</kind>
         <file>HL_sys_dma.obj</file>
         <name>HL_sys_dma.obj</name>
      </input_file>
      <input_file id="fl-e">
         <path>./source/</path>
         <kind>object</kind>
         <file>HL_sys_intvecs.obj</file>
         <name>HL_sys_intvecs.obj</name>
      </input_file>
      <input_file id="fl-f">
         <path>./source/</path>
         <kind>object</kind>
         <file>HL_sys_main.obj</file>
         <name>HL_sys_main.obj</name>
      </input_file>
      <input_file id="fl-10">
         <path>./source/</path>
         <kind>object</kind>
         <file>HL_sys_mpu.obj</file>
         <name>HL_sys_mpu.obj</name>
      </input_file>
      <input_file id="fl-11">
         <path>./source/</path>
         <kind>object</kind>
         <file>HL_sys_pcr.obj</file>
         <name>HL_sys_pcr.obj</name>
      </input_file>
      <input_file id="fl-12">
         <path>./source/</path>
         <kind>object</kind>
         <file>HL_sys_phantom.obj</file>
         <name>HL_sys_phantom.obj</name>
      </input_file>
      <input_file id="fl-13">
         <path>./source/</path>
         <kind>object</kind>
         <file>HL_sys_pmm.obj</file>
         <name>HL_sys_pmm.obj</name>
      </input_file>
      <input_file id="fl-14">
         <path>./source/</path>
         <kind>object</kind>
         <file>HL_sys_pmu.obj</file>
         <name>HL_sys_pmu.obj</name>
      </input_file>
      <input_file id="fl-15">
         <path>./source/</path>
         <kind>object</kind>
         <file>HL_sys_startup.obj</file>
         <name>HL_sys_startup.obj</name>
      </input_file>
      <input_file id="fl-16">
         <path>./source/</path>
         <kind>object</kind>
         <file>HL_sys_vim.obj</file>
         <name>HL_sys_vim.obj</name>
      </input_file>
      <input_file id="fl-17">
         <path>./source/</path>
         <kind>object</kind>
         <file>HL_system.obj</file>
         <name>HL_system.obj</name>
      </input_file>
      <input_file id="fl-d1">
         <path>/home/kwrg/ti/ccsv7/tools/compiler/ti-cgt-arm_16.12.0.STS/lib/</path>
         <kind>archive</kind>
         <file>rtsv7R4_A_le_v3D16_eabi.lib</file>
         <name>autoinit.obj</name>
      </input_file>
      <input_file id="fl-d2">
         <path>/home/kwrg/ti/ccsv7/tools/compiler/ti-cgt-arm_16.12.0.STS/lib/</path>
         <kind>archive</kind>
         <file>rtsv7R4_A_le_v3D16_eabi.lib</file>
         <name>copy_decompress_lzss.obj</name>
      </input_file>
      <input_file id="fl-d3">
         <path>/home/kwrg/ti/ccsv7/tools/compiler/ti-cgt-arm_16.12.0.STS/lib/</path>
         <kind>archive</kind>
         <file>rtsv7R4_A_le_v3D16_eabi.lib</file>
         <name>copy_decompress_none.obj</name>
      </input_file>
      <input_file id="fl-d4">
         <path>/home/kwrg/ti/ccsv7/tools/compiler/ti-cgt-arm_16.12.0.STS/lib/</path>
         <kind>archive</kind>
         <file>rtsv7R4_A_le_v3D16_eabi.lib</file>
         <name>copy_zero_init.obj</name>
      </input_file>
      <input_file id="fl-d5">
         <path>/home/kwrg/ti/ccsv7/tools/compiler/ti-cgt-arm_16.12.0.STS/lib/</path>
         <kind>archive</kind>
         <file>rtsv7R4_A_le_v3D16_eabi.lib</file>
         <name>cpy_tbl.obj</name>
      </input_file>
      <input_file id="fl-d6">
         <path>/home/kwrg/ti/ccsv7/tools/compiler/ti-cgt-arm_16.12.0.STS/lib/</path>
         <kind>archive</kind>
         <file>rtsv7R4_A_le_v3D16_eabi.lib</file>
         <name>exit.obj</name>
      </input_file>
      <input_file id="fl-d7">
         <path>/home/kwrg/ti/ccsv7/tools/compiler/ti-cgt-arm_16.12.0.STS/lib/</path>
         <kind>archive</kind>
         <file>rtsv7R4_A_le_v3D16_eabi.lib</file>
         <name>memcpy32.obj</name>
      </input_file>
      <input_file id="fl-d8">
         <path>/home/kwrg/ti/ccsv7/tools/compiler/ti-cgt-arm_16.12.0.STS/lib/</path>
         <kind>archive</kind>
         <file>rtsv7R4_A_le_v3D16_eabi.lib</file>
         <name>memset32.obj</name>
      </input_file>
      <input_file id="fl-d9">
         <path>/home/kwrg/ti/ccsv7/tools/compiler/ti-cgt-arm_16.12.0.STS/lib/</path>
         <kind>archive</kind>
         <file>rtsv7R4_A_le_v3D16_eabi.lib</file>
         <name>s_floor.obj</name>
      </input_file>
      <input_file id="fl-da">
         <path>/home/kwrg/ti/ccsv7/tools/compiler/ti-cgt-arm_16.12.0.STS/lib/</path>
         <kind>archive</kind>
         <file>rtsv7R4_A_le_v3D16_eabi.lib</file>
         <name>sprintf.obj</name>
      </input_file>
      <input_file id="fl-db">
         <path>/home/kwrg/ti/ccsv7/tools/compiler/ti-cgt-arm_16.12.0.STS/lib/</path>
         <kind>archive</kind>
         <file>rtsv7R4_A_le_v3D16_eabi.lib</file>
         <name>startup.obj</name>
      </input_file>
      <input_file id="fl-dc">
         <path>/home/kwrg/ti/ccsv7/tools/compiler/ti-cgt-arm_16.12.0.STS/lib/</path>
         <kind>archive</kind>
         <file>rtsv7R4_A_le_v3D16_eabi.lib</file>
         <name>strlen.obj</name>
      </input_file>
      <input_file id="fl-dd">
         <path>/home/kwrg/ti/ccsv7/tools/compiler/ti-cgt-arm_16.12.0.STS/lib/</path>
         <kind>archive</kind>
         <file>rtsv7R4_A_le_v3D16_eabi.lib</file>
         <name>_lock.obj</name>
      </input_file>
      <input_file id="fl-de">
         <path>/home/kwrg/ti/ccsv7/tools/compiler/ti-cgt-arm_16.12.0.STS/lib/</path>
         <kind>archive</kind>
         <file>rtsv7R4_A_le_v3D16_eabi.lib</file>
         <name>_printfi.obj</name>
      </input_file>
      <input_file id="fl-df">
         <path>/home/kwrg/ti/ccsv7/tools/compiler/ti-cgt-arm_16.12.0.STS/lib/</path>
         <kind>archive</kind>
         <file>rtsv7R4_A_le_v3D16_eabi.lib</file>
         <name>atoi.obj</name>
      </input_file>
      <input_file id="fl-e0">
         <path>/home/kwrg/ti/ccsv7/tools/compiler/ti-cgt-arm_16.12.0.STS/lib/</path>
         <kind>archive</kind>
         <file>rtsv7R4_A_le_v3D16_eabi.lib</file>
         <name>ctype.obj</name>
      </input_file>
      <input_file id="fl-e1">
         <path>/home/kwrg/ti/ccsv7/tools/compiler/ti-cgt-arm_16.12.0.STS/lib/</path>
         <kind>archive</kind>
         <file>rtsv7R4_A_le_v3D16_eabi.lib</file>
         <name>ltoa.obj</name>
      </input_file>
      <input_file id="fl-e2">
         <path>/home/kwrg/ti/ccsv7/tools/compiler/ti-cgt-arm_16.12.0.STS/lib/</path>
         <kind>archive</kind>
         <file>rtsv7R4_A_le_v3D16_eabi.lib</file>
         <name>memccpy.obj</name>
      </input_file>
      <input_file id="fl-e3">
         <path>/home/kwrg/ti/ccsv7/tools/compiler/ti-cgt-arm_16.12.0.STS/lib/</path>
         <kind>archive</kind>
         <file>rtsv7R4_A_le_v3D16_eabi.lib</file>
         <name>s_frexp.obj</name>
      </input_file>
      <input_file id="fl-e4">
         <path>/home/kwrg/ti/ccsv7/tools/compiler/ti-cgt-arm_16.12.0.STS/lib/</path>
         <kind>archive</kind>
         <file>rtsv7R4_A_le_v3D16_eabi.lib</file>
         <name>s_scalbn.obj</name>
      </input_file>
      <input_file id="fl-e5">
         <path>/home/kwrg/ti/ccsv7/tools/compiler/ti-cgt-arm_16.12.0.STS/lib/</path>
         <kind>archive</kind>
         <file>rtsv7R4_A_le_v3D16_eabi.lib</file>
         <name>strchr.obj</name>
      </input_file>
      <input_file id="fl-e6">
         <path>/home/kwrg/ti/ccsv7/tools/compiler/ti-cgt-arm_16.12.0.STS/lib/</path>
         <kind>archive</kind>
         <file>rtsv7R4_A_le_v3D16_eabi.lib</file>
         <name>u_div32.obj</name>
      </input_file>
      <input_file id="fl-e7">
         <path>/home/kwrg/ti/ccsv7/tools/compiler/ti-cgt-arm_16.12.0.STS/lib/</path>
         <kind>archive</kind>
         <file>rtsv7R4_A_le_v3D16_eabi.lib</file>
         <name>ull_div32.obj</name>
      </input_file>
      <input_file id="fl-e8">
         <path>/home/kwrg/ti/ccsv7/tools/compiler/ti-cgt-arm_16.12.0.STS/lib/</path>
         <kind>archive</kind>
         <file>rtsv7R4_A_le_v3D16_eabi.lib</file>
         <name>errno.obj</name>
      </input_file>
      <input_file id="fl-e9">
         <path>/home/kwrg/ti/ccsv7/tools/compiler/ti-cgt-arm_16.12.0.STS/lib/</path>
         <kind>archive</kind>
         <file>rtsv7R4_A_le_v3D16_eabi.lib</file>
         <name>i_div0.obj</name>
      </input_file>
      <input_file id="fl-ea">
         <path>/home/kwrg/ti/ccsv7/tools/compiler/ti-cgt-arm_16.12.0.STS/lib/</path>
         <kind>archive</kind>
         <file>rtsv7R4_A_le_v3D16_eabi.lib</file>
         <name>i_div32.obj</name>
      </input_file>
      <input_file id="fl-eb">
         <path>/home/kwrg/ti/ccsv7/tools/compiler/ti-cgt-arm_16.12.0.STS/lib/</path>
         <kind>archive</kind>
         <file>rtsv7R4_A_le_v3D16_eabi.lib</file>
         <name>s_copysign.obj</name>
      </input_file>
   </input_file_list>
   <object_component_list>
      <object_component id="oc-2d">
         <name>.intvecs</name>
         <load_address>0x0</load_address>
         <run_address>0x0</run_address>
         <size>0x20</size>
         <input_file_ref idref="fl-e"/>
      </object_component>
      <object_component id="oc-1a5">
         <name>.text</name>
         <load_address>0x20</load_address>
         <run_address>0x20</run_address>
         <size>0x181c</size>
         <input_file_ref idref="fl-de"/>
      </object_component>
      <object_component id="oc-fa">
         <name>.text</name>
         <load_address>0x183c</load_address>
         <run_address>0x183c</run_address>
         <size>0x9e4</size>
         <input_file_ref idref="fl-6"/>
      </object_component>
      <object_component id="oc-cb">
         <name>.text</name>
         <load_address>0x2220</load_address>
         <run_address>0x2220</run_address>
         <size>0x9c4</size>
         <input_file_ref idref="fl-9"/>
      </object_component>
      <object_component id="oc-72">
         <name>.text</name>
         <load_address>0x2be4</load_address>
         <run_address>0x2be4</run_address>
         <size>0x95c</size>
         <input_file_ref idref="fl-17"/>
      </object_component>
      <object_component id="oc-39">
         <name>.text</name>
         <load_address>0x3540</load_address>
         <run_address>0x3540</run_address>
         <size>0x938</size>
         <input_file_ref idref="fl-16"/>
      </object_component>
      <object_component id="oc-f4">
         <name>.text</name>
         <load_address>0x3e78</load_address>
         <run_address>0x3e78</run_address>
         <size>0x870</size>
         <input_file_ref idref="fl-b"/>
      </object_component>
      <object_component id="oc-78">
         <name>.text</name>
         <load_address>0x46e8</load_address>
         <run_address>0x46e8</run_address>
         <size>0x7a8</size>
         <input_file_ref idref="fl-4"/>
      </object_component>
      <object_component id="oc-10c">
         <name>.text</name>
         <load_address>0x4e90</load_address>
         <run_address>0x4e90</run_address>
         <size>0x698</size>
         <input_file_ref idref="fl-a"/>
      </object_component>
      <object_component id="oc-89">
         <name>.text</name>
         <load_address>0x5528</load_address>
         <run_address>0x5528</run_address>
         <size>0x5d8</size>
         <input_file_ref idref="fl-f"/>
      </object_component>
      <object_component id="oc-ee">
         <name>.text</name>
         <load_address>0x5b00</load_address>
         <run_address>0x5b00</run_address>
         <size>0x484</size>
         <input_file_ref idref="fl-5"/>
      </object_component>
      <object_component id="oc-67">
         <name>.text</name>
         <load_address>0x5f84</load_address>
         <run_address>0x5f84</run_address>
         <size>0x3c4</size>
         <input_file_ref idref="fl-c"/>
      </object_component>
      <object_component id="oc-7e">
         <name>.text</name>
         <load_address>0x6348</load_address>
         <run_address>0x6348</run_address>
         <size>0x36c</size>
         <input_file_ref idref="fl-10"/>
      </object_component>
      <object_component id="oc-38">
         <name>.text:retain</name>
         <load_address>0x66b4</load_address>
         <run_address>0x66b4</run_address>
         <size>0x33c</size>
         <input_file_ref idref="fl-16"/>
      </object_component>
      <object_component id="oc-207">
         <name>.text</name>
         <load_address>0x69f0</load_address>
         <run_address>0x69f0</run_address>
         <size>0x2b8</size>
         <input_file_ref idref="fl-e7"/>
      </object_component>
      <object_component id="oc-4f">
         <name>.text</name>
         <load_address>0x6ca8</load_address>
         <run_address>0x6ca8</run_address>
         <size>0x180</size>
         <input_file_ref idref="fl-d7"/>
      </object_component>
      <object_component id="oc-24">
         <name>.text:retain</name>
         <load_address>0x6e28</load_address>
         <run_address>0x6e28</run_address>
         <size>0x178</size>
         <input_file_ref idref="fl-4"/>
      </object_component>
      <object_component id="oc-195">
         <name>.text</name>
         <load_address>0x6fa0</load_address>
         <run_address>0x6fa0</run_address>
         <size>0x134</size>
         <input_file_ref idref="fl-d9"/>
      </object_component>
      <object_component id="oc-21d">
         <name>.text</name>
         <load_address>0x70d4</load_address>
         <run_address>0x70d4</run_address>
         <size>0x11c</size>
         <input_file_ref idref="fl-e4"/>
      </object_component>
      <object_component id="oc-1e">
         <name>.text:retain</name>
         <load_address>0x71f0</load_address>
         <run_address>0x71f0</run_address>
         <size>0xb4</size>
         <input_file_ref idref="fl-15"/>
      </object_component>
      <object_component id="oc-6c">
         <name>.text</name>
         <load_address>0x72a4</load_address>
         <run_address>0x72a4</run_address>
         <size>0xb0</size>
         <input_file_ref idref="fl-8"/>
      </object_component>
      <object_component id="oc-5b">
         <name>.text</name>
         <load_address>0x7354</load_address>
         <run_address>0x7354</run_address>
         <size>0xb0</size>
         <input_file_ref idref="fl-d8"/>
      </object_component>
      <object_component id="oc-83">
         <name>.text</name>
         <load_address>0x7404</load_address>
         <run_address>0x7404</run_address>
         <size>0xa8</size>
         <input_file_ref idref="fl-d1"/>
      </object_component>
      <object_component id="oc-100">
         <name>.text</name>
         <load_address>0x74ac</load_address>
         <run_address>0x74ac</run_address>
         <size>0xa8</size>
         <input_file_ref idref="fl-da"/>
      </object_component>
      <object_component id="oc-c">
         <name>.text:decompress:lzss</name>
         <load_address>0x7554</load_address>
         <run_address>0x7554</run_address>
         <size>0x90</size>
         <input_file_ref idref="fl-d2"/>
      </object_component>
      <object_component id="oc-8f">
         <name>.text</name>
         <load_address>0x75e4</load_address>
         <run_address>0x75e4</run_address>
         <size>0x90</size>
         <input_file_ref idref="fl-d6"/>
      </object_component>
      <object_component id="oc-217">
         <name>.text</name>
         <load_address>0x7674</load_address>
         <run_address>0x7674</run_address>
         <size>0x8c</size>
         <input_file_ref idref="fl-e3"/>
      </object_component>
      <object_component id="oc-229">
         <name>.text</name>
         <load_address>0x7700</load_address>
         <run_address>0x7700</run_address>
         <size>0x84</size>
         <input_file_ref idref="fl-df"/>
      </object_component>
      <object_component id="oc-e0">
         <name>.text</name>
         <load_address>0x7784</load_address>
         <run_address>0x7784</run_address>
         <size>0x84</size>
         <input_file_ref idref="fl-d5"/>
      </object_component>
      <object_component id="oc-211">
         <name>.text</name>
         <load_address>0x7808</load_address>
         <run_address>0x7808</run_address>
         <size>0x80</size>
         <input_file_ref idref="fl-e1"/>
      </object_component>
      <object_component id="oc-25d">
         <name>.text</name>
         <load_address>0x7888</load_address>
         <run_address>0x7888</run_address>
         <size>0x54</size>
         <input_file_ref idref="fl-ea"/>
      </object_component>
      <object_component id="oc-20c">
         <name>.text</name>
         <load_address>0x78dc</load_address>
         <run_address>0x78dc</run_address>
         <size>0x50</size>
         <input_file_ref idref="fl-e6"/>
      </object_component>
      <object_component id="oc-22f">
         <name>.text</name>
         <load_address>0x792c</load_address>
         <run_address>0x792c</run_address>
         <size>0x2c</size>
         <input_file_ref idref="fl-e2"/>
      </object_component>
      <object_component id="oc-223">
         <name>.text</name>
         <load_address>0x7958</load_address>
         <run_address>0x7958</run_address>
         <size>0x28</size>
         <input_file_ref idref="fl-e5"/>
      </object_component>
      <object_component id="oc-1c1">
         <name>.text</name>
         <load_address>0x7980</load_address>
         <run_address>0x7980</run_address>
         <size>0x24</size>
         <input_file_ref idref="fl-dd"/>
      </object_component>
      <object_component id="oc-26b">
         <name>.text</name>
         <load_address>0x79a4</load_address>
         <run_address>0x79a4</run_address>
         <size>0x20</size>
         <input_file_ref idref="fl-eb"/>
      </object_component>
      <object_component id="oc-106">
         <name>.text</name>
         <load_address>0x79c4</load_address>
         <run_address>0x79c4</run_address>
         <size>0x20</size>
         <input_file_ref idref="fl-dc"/>
      </object_component>
      <object_component id="oc-12">
         <name>.text:decompress:none</name>
         <load_address>0x79e4</load_address>
         <run_address>0x79e4</run_address>
         <size>0x14</size>
         <input_file_ref idref="fl-d3"/>
      </object_component>
      <object_component id="oc-18">
         <name>.text:decompress:ZI</name>
         <load_address>0x79f8</load_address>
         <run_address>0x79f8</run_address>
         <size>0x10</size>
         <input_file_ref idref="fl-d4"/>
      </object_component>
      <object_component id="oc-32">
         <name>.text:retain</name>
         <load_address>0x7a08</load_address>
         <run_address>0x7a08</run_address>
         <size>0x4</size>
         <input_file_ref idref="fl-12"/>
      </object_component>
      <object_component id="oc-256">
         <name>.text</name>
         <load_address>0x7a0c</load_address>
         <run_address>0x7a0c</run_address>
         <size>0x4</size>
         <input_file_ref idref="fl-e9"/>
      </object_component>
      <object_component id="oc-e6">
         <name>.text</name>
         <load_address>0x7a10</load_address>
         <run_address>0x7a10</run_address>
         <size>0x4</size>
         <input_file_ref idref="fl-db"/>
      </object_component>
      <object_component id="oc-2a">
         <name>.const:s_vim_init</name>
         <load_address>0x7a20</load_address>
         <run_address>0x7a20</run_address>
         <size>0x200</size>
         <input_file_ref idref="fl-16"/>
      </object_component>
      <object_component id="oc-278">
         <name>.const:.string:_ctypes_</name>
         <load_address>0x7c20</load_address>
         <run_address>0x7c20</run_address>
         <size>0x101</size>
         <input_file_ref idref="fl-e0"/>
      </object_component>
      <object_component id="oc-116">
         <name>.const:.string:$P$T0$1</name>
         <load_address>0x7d21</load_address>
         <run_address>0x7d21</run_address>
         <size>0x1</size>
         <input_file_ref idref="fl-f"/>
      </object_component>
      <object_component id="oc-2bb">
         <name>.cinit..data.load</name>
         <load_address>0x7d40</load_address>
         <run_address>0x7d40</run_address>
         <size>0x11</size>
      </object_component>
      <object_component id="oc-2b8">
         <name>__TI_handler_table</name>
         <load_address>0x7d54</load_address>
         <run_address>0x7d54</run_address>
         <size>0xc</size>
      </object_component>
      <object_component id="oc-2ba">
         <name>.cinit..bss.load</name>
         <load_address>0x7d60</load_address>
         <run_address>0x7d60</run_address>
         <size>0x8</size>
      </object_component>
      <object_component id="oc-2b9">
         <name>__TI_cinit_table</name>
         <load_address>0x7d68</load_address>
         <run_address>0x7d68</run_address>
         <size>0x10</size>
      </object_component>
      <object_component id="oc-1a0">
         <name>.bss:g_i2cTransfer_t</name>
         <uninitialized>true</uninitialized>
         <run_address>0x8001550</run_address>
         <size>0x18</size>
         <input_file_ref idref="fl-6"/>
      </object_component>
      <object_component id="oc-19b">
         <name>.bss:g_sciTransfer_t</name>
         <uninitialized>true</uninitialized>
         <run_address>0x8001500</run_address>
         <size>0x50</size>
         <input_file_ref idref="fl-b"/>
      </object_component>
      <object_component id="oc-115">
         <name>.common:g_acc_xyz</name>
         <uninitialized>true</uninitialized>
         <run_address>0x8001568</run_address>
         <size>0x8</size>
      </object_component>
      <object_component id="oc-112">
         <name>.common:g_acc_flag</name>
         <uninitialized>true</uninitialized>
         <run_address>0x8001570</run_address>
         <size>0x4</size>
      </object_component>
      <object_component id="oc-11f">
         <name>.data:$O1$$</name>
         <load_address>0x8001574</load_address>
         <run_address>0x8001574</run_address>
         <size>0xc</size>
         <input_file_ref idref="fl-d6"/>
      </object_component>
      <object_component id="oc-122">
         <name>.data:$O1$$</name>
         <load_address>0x8001580</load_address>
         <run_address>0x8001580</run_address>
         <size>0x8</size>
         <input_file_ref idref="fl-dd"/>
      </object_component>
      <object_component id="oc-271">
         <name>.data</name>
         <load_address>0x8001588</load_address>
         <run_address>0x8001588</run_address>
         <size>0x4</size>
         <input_file_ref idref="fl-e8"/>
      </object_component>
      <object_component id="oc-157">
         <name>.debug_info</name>
         <load_address>0x0</load_address>
         <run_address>0x0</run_address>
         <size>0x1da</size>
         <input_file_ref idref="fl-2"/>
      </object_component>
      <object_component id="oc-d2">
         <name>.debug_info</name>
         <load_address>0x1da</load_address>
         <run_address>0x1da</run_address>
         <size>0x429</size>
         <input_file_ref idref="fl-2"/>
      </object_component>
      <object_component id="oc-97">
         <name>.debug_info</name>
         <load_address>0x603</load_address>
         <run_address>0x603</run_address>
         <size>0x157</size>
         <input_file_ref idref="fl-2"/>
      </object_component>
      <object_component id="oc-11a">
         <name>.debug_info</name>
         <load_address>0x75a</load_address>
         <run_address>0x75a</run_address>
         <size>0x8b</size>
         <input_file_ref idref="fl-2"/>
      </object_component>
      <object_component id="oc-a2">
         <name>.debug_info</name>
         <load_address>0x7e5</load_address>
         <run_address>0x7e5</run_address>
         <size>0x18c</size>
         <input_file_ref idref="fl-2"/>
      </object_component>
      <object_component id="oc-128">
         <name>.debug_info</name>
         <load_address>0x971</load_address>
         <run_address>0x971</run_address>
         <size>0x18b</size>
         <input_file_ref idref="fl-2"/>
      </object_component>
      <object_component id="oc-a7">
         <name>.debug_info</name>
         <load_address>0xafc</load_address>
         <run_address>0xafc</run_address>
         <size>0x86</size>
         <input_file_ref idref="fl-2"/>
      </object_component>
      <object_component id="oc-12f">
         <name>.debug_info</name>
         <load_address>0xb82</load_address>
         <run_address>0xb82</run_address>
         <size>0x102</size>
         <input_file_ref idref="fl-2"/>
      </object_component>
      <object_component id="oc-166">
         <name>.debug_info</name>
         <load_address>0xc84</load_address>
         <run_address>0xc84</run_address>
         <size>0x142</size>
         <input_file_ref idref="fl-2"/>
      </object_component>
      <object_component id="oc-134">
         <name>.debug_info</name>
         <load_address>0xdc6</load_address>
         <run_address>0xdc6</run_address>
         <size>0x285</size>
         <input_file_ref idref="fl-2"/>
      </object_component>
      <object_component id="oc-139">
         <name>.debug_info</name>
         <load_address>0x104b</load_address>
         <run_address>0x104b</run_address>
         <size>0x44a</size>
         <input_file_ref idref="fl-2"/>
      </object_component>
      <object_component id="oc-13e">
         <name>.debug_info</name>
         <load_address>0x1495</load_address>
         <run_address>0x1495</run_address>
         <size>0x1f9</size>
         <input_file_ref idref="fl-2"/>
      </object_component>
      <object_component id="oc-143">
         <name>.debug_info</name>
         <load_address>0x168e</load_address>
         <run_address>0x168e</run_address>
         <size>0x152</size>
         <input_file_ref idref="fl-2"/>
      </object_component>
      <object_component id="oc-148">
         <name>.debug_info</name>
         <load_address>0x17e0</load_address>
         <run_address>0x17e0</run_address>
         <size>0x70a</size>
         <input_file_ref idref="fl-2"/>
      </object_component>
      <object_component id="oc-14d">
         <name>.debug_info</name>
         <load_address>0x1eea</load_address>
         <run_address>0x1eea</run_address>
         <size>0x36d</size>
         <input_file_ref idref="fl-2"/>
      </object_component>
      <object_component id="oc-de">
         <name>.debug_info</name>
         <load_address>0x2257</load_address>
         <run_address>0x2257</run_address>
         <size>0x1a6</size>
         <input_file_ref idref="fl-4"/>
      </object_component>
      <object_component id="oc-79">
         <name>.debug_info</name>
         <load_address>0x23fd</load_address>
         <run_address>0x23fd</run_address>
         <size>0x10c7</size>
         <input_file_ref idref="fl-4"/>
      </object_component>
      <object_component id="oc-25">
         <name>.debug_info</name>
         <load_address>0x34c4</load_address>
         <run_address>0x34c4</run_address>
         <size>0x1af</size>
         <input_file_ref idref="fl-4"/>
      </object_component>
      <object_component id="oc-d9">
         <name>.debug_info</name>
         <load_address>0x3673</load_address>
         <run_address>0x3673</run_address>
         <size>0x168</size>
         <input_file_ref idref="fl-4"/>
      </object_component>
      <object_component id="oc-194">
         <name>.debug_info</name>
         <load_address>0x37db</load_address>
         <run_address>0x37db</run_address>
         <size>0x10b</size>
         <input_file_ref idref="fl-5"/>
      </object_component>
      <object_component id="oc-ef">
         <name>.debug_info</name>
         <load_address>0x38e6</load_address>
         <run_address>0x38e6</run_address>
         <size>0x721</size>
         <input_file_ref idref="fl-5"/>
      </object_component>
      <object_component id="oc-1df">
         <name>.debug_info</name>
         <load_address>0x4007</load_address>
         <run_address>0x4007</run_address>
         <size>0x12a</size>
         <input_file_ref idref="fl-5"/>
      </object_component>
      <object_component id="oc-1a4">
         <name>.debug_info</name>
         <load_address>0x4131</load_address>
         <run_address>0x4131</run_address>
         <size>0x124</size>
         <input_file_ref idref="fl-6"/>
      </object_component>
      <object_component id="oc-1a1">
         <name>.debug_info</name>
         <load_address>0x4255</load_address>
         <run_address>0x4255</run_address>
         <size>0xec</size>
         <input_file_ref idref="fl-6"/>
      </object_component>
      <object_component id="oc-fb">
         <name>.debug_info</name>
         <load_address>0x4341</load_address>
         <run_address>0x4341</run_address>
         <size>0x10a7</size>
         <input_file_ref idref="fl-6"/>
      </object_component>
      <object_component id="oc-1fd">
         <name>.debug_info</name>
         <load_address>0x53e8</load_address>
         <run_address>0x53e8</run_address>
         <size>0x69</size>
         <input_file_ref idref="fl-6"/>
      </object_component>
      <object_component id="oc-16b">
         <name>.debug_info</name>
         <load_address>0x5451</load_address>
         <run_address>0x5451</run_address>
         <size>0x26a</size>
         <input_file_ref idref="fl-6"/>
      </object_component>
      <object_component id="oc-202">
         <name>.debug_info</name>
         <load_address>0x56bb</load_address>
         <run_address>0x56bb</run_address>
         <size>0x34f</size>
         <input_file_ref idref="fl-6"/>
      </object_component>
      <object_component id="oc-c5">
         <name>.debug_info</name>
         <load_address>0x5a0a</load_address>
         <run_address>0x5a0a</run_address>
         <size>0x211</size>
         <input_file_ref idref="fl-8"/>
      </object_component>
      <object_component id="oc-6d">
         <name>.debug_info</name>
         <load_address>0x5c1b</load_address>
         <run_address>0x5c1b</run_address>
         <size>0x874</size>
         <input_file_ref idref="fl-8"/>
      </object_component>
      <object_component id="oc-15c">
         <name>.debug_info</name>
         <load_address>0x648f</load_address>
         <run_address>0x648f</run_address>
         <size>0x306</size>
         <input_file_ref idref="fl-8"/>
      </object_component>
      <object_component id="oc-161">
         <name>.debug_info</name>
         <load_address>0x6795</load_address>
         <run_address>0x6795</run_address>
         <size>0xadd</size>
         <input_file_ref idref="fl-8"/>
      </object_component>
      <object_component id="oc-c6">
         <name>.debug_info</name>
         <load_address>0x7272</load_address>
         <run_address>0x7272</run_address>
         <size>0x6eb</size>
         <input_file_ref idref="fl-8"/>
      </object_component>
      <object_component id="oc-1b6">
         <name>.debug_info</name>
         <load_address>0x795d</load_address>
         <run_address>0x795d</run_address>
         <size>0x1d4</size>
         <input_file_ref idref="fl-8"/>
      </object_component>
      <object_component id="oc-170">
         <name>.debug_info</name>
         <load_address>0x7b31</load_address>
         <run_address>0x7b31</run_address>
         <size>0x243</size>
         <input_file_ref idref="fl-8"/>
      </object_component>
      <object_component id="oc-1f4">
         <name>.debug_info</name>
         <load_address>0x7d74</load_address>
         <run_address>0x7d74</run_address>
         <size>0x18e</size>
         <input_file_ref idref="fl-8"/>
      </object_component>
      <object_component id="oc-1d0">
         <name>.debug_info</name>
         <load_address>0x7f02</load_address>
         <run_address>0x7f02</run_address>
         <size>0x10d</size>
         <input_file_ref idref="fl-9"/>
      </object_component>
      <object_component id="oc-cc">
         <name>.debug_info</name>
         <load_address>0x800f</load_address>
         <run_address>0x800f</run_address>
         <size>0x123</size>
         <input_file_ref idref="fl-9"/>
      </object_component>
      <object_component id="oc-17d">
         <name>.debug_info</name>
         <load_address>0x8132</load_address>
         <run_address>0x8132</run_address>
         <size>0x199</size>
         <input_file_ref idref="fl-9"/>
      </object_component>
      <object_component id="oc-1b5">
         <name>.debug_info</name>
         <load_address>0x82cb</load_address>
         <run_address>0x82cb</run_address>
         <size>0x130</size>
         <input_file_ref idref="fl-a"/>
      </object_component>
      <object_component id="oc-10d">
         <name>.debug_info</name>
         <load_address>0x83fb</load_address>
         <run_address>0x83fb</run_address>
         <size>0x10d7</size>
         <input_file_ref idref="fl-a"/>
      </object_component>
      <object_component id="oc-19f">
         <name>.debug_info</name>
         <load_address>0x94d2</load_address>
         <run_address>0x94d2</run_address>
         <size>0x1a7</size>
         <input_file_ref idref="fl-b"/>
      </object_component>
      <object_component id="oc-19c">
         <name>.debug_info</name>
         <load_address>0x9679</load_address>
         <run_address>0x9679</run_address>
         <size>0xec</size>
         <input_file_ref idref="fl-b"/>
      </object_component>
      <object_component id="oc-f5">
         <name>.debug_info</name>
         <load_address>0x9765</load_address>
         <run_address>0x9765</run_address>
         <size>0xca4</size>
         <input_file_ref idref="fl-b"/>
      </object_component>
      <object_component id="oc-1ef">
         <name>.debug_info</name>
         <load_address>0xa409</load_address>
         <run_address>0xa409</run_address>
         <size>0x91</size>
         <input_file_ref idref="fl-b"/>
      </object_component>
      <object_component id="oc-68">
         <name>.debug_info</name>
         <load_address>0xa49a</load_address>
         <run_address>0xa49a</run_address>
         <size>0x819</size>
         <input_file_ref idref="fl-c"/>
      </object_component>
      <object_component id="oc-2e">
         <name>.debug_info</name>
         <load_address>0xacb3</load_address>
         <run_address>0xacb3</run_address>
         <size>0x10f</size>
         <input_file_ref idref="fl-e"/>
      </object_component>
      <object_component id="oc-113">
         <name>.debug_info</name>
         <load_address>0xadc2</load_address>
         <run_address>0xadc2</run_address>
         <size>0x5d6</size>
         <input_file_ref idref="fl-f"/>
      </object_component>
      <object_component id="oc-117">
         <name>.debug_info</name>
         <load_address>0xb398</load_address>
         <run_address>0xb398</run_address>
         <size>0xe1</size>
         <input_file_ref idref="fl-f"/>
      </object_component>
      <object_component id="oc-8a">
         <name>.debug_info</name>
         <load_address>0xb479</load_address>
         <run_address>0xb479</run_address>
         <size>0xa84</size>
         <input_file_ref idref="fl-f"/>
      </object_component>
      <object_component id="oc-bc">
         <name>.debug_info</name>
         <load_address>0xbefd</load_address>
         <run_address>0xbefd</run_address>
         <size>0x2c</size>
         <input_file_ref idref="fl-f"/>
      </object_component>
      <object_component id="oc-1ad">
         <name>.debug_info</name>
         <load_address>0xbf29</load_address>
         <run_address>0xbf29</run_address>
         <size>0x4e</size>
         <input_file_ref idref="fl-f"/>
      </object_component>
      <object_component id="oc-7f">
         <name>.debug_info</name>
         <load_address>0xbf77</load_address>
         <run_address>0xbf77</run_address>
         <size>0x446</size>
         <input_file_ref idref="fl-10"/>
      </object_component>
      <object_component id="oc-1cf">
         <name>.debug_info</name>
         <load_address>0xc3bd</load_address>
         <run_address>0xc3bd</run_address>
         <size>0x14e</size>
         <input_file_ref idref="fl-11"/>
      </object_component>
      <object_component id="oc-178">
         <name>.debug_info</name>
         <load_address>0xc50b</load_address>
         <run_address>0xc50b</run_address>
         <size>0x457</size>
         <input_file_ref idref="fl-11"/>
      </object_component>
      <object_component id="oc-33">
         <name>.debug_info</name>
         <load_address>0xc962</load_address>
         <run_address>0xc962</run_address>
         <size>0x144</size>
         <input_file_ref idref="fl-12"/>
      </object_component>
      <object_component id="oc-1f">
         <name>.debug_info</name>
         <load_address>0xcaa6</load_address>
         <run_address>0xcaa6</run_address>
         <size>0x283</size>
         <input_file_ref idref="fl-15"/>
      </object_component>
      <object_component id="oc-9e">
         <name>.debug_info</name>
         <load_address>0xcd29</load_address>
         <run_address>0xcd29</run_address>
         <size>0x2a9</size>
         <input_file_ref idref="fl-16"/>
      </object_component>
      <object_component id="oc-2b">
         <name>.debug_info</name>
         <load_address>0xcfd2</load_address>
         <run_address>0xcfd2</run_address>
         <size>0xe6</size>
         <input_file_ref idref="fl-16"/>
      </object_component>
      <object_component id="oc-3a">
         <name>.debug_info</name>
         <load_address>0xd0b8</load_address>
         <run_address>0xd0b8</run_address>
         <size>0x496</size>
         <input_file_ref idref="fl-16"/>
      </object_component>
      <object_component id="oc-3f">
         <name>.debug_info</name>
         <load_address>0xd54e</load_address>
         <run_address>0xd54e</run_address>
         <size>0x201</size>
         <input_file_ref idref="fl-16"/>
      </object_component>
      <object_component id="oc-152">
         <name>.debug_info</name>
         <load_address>0xd74f</load_address>
         <run_address>0xd74f</run_address>
         <size>0x4f</size>
         <input_file_ref idref="fl-16"/>
      </object_component>
      <object_component id="oc-d7">
         <name>.debug_info</name>
         <load_address>0xd79e</load_address>
         <run_address>0xd79e</run_address>
         <size>0x23c</size>
         <input_file_ref idref="fl-17"/>
      </object_component>
      <object_component id="oc-73">
         <name>.debug_info</name>
         <load_address>0xd9da</load_address>
         <run_address>0xd9da</run_address>
         <size>0x596</size>
         <input_file_ref idref="fl-17"/>
      </object_component>
      <object_component id="oc-ed">
         <name>.debug_info</name>
         <load_address>0xdf70</load_address>
         <run_address>0xdf70</run_address>
         <size>0x2ce</size>
         <input_file_ref idref="fl-d1"/>
      </object_component>
      <object_component id="oc-84">
         <name>.debug_info</name>
         <load_address>0xe23e</load_address>
         <run_address>0xe23e</run_address>
         <size>0x175</size>
         <input_file_ref idref="fl-d1"/>
      </object_component>
      <object_component id="oc-4a">
         <name>.debug_info</name>
         <load_address>0xe3b3</load_address>
         <run_address>0xe3b3</run_address>
         <size>0x84</size>
         <input_file_ref idref="fl-d1"/>
      </object_component>
      <object_component id="oc-189">
         <name>.debug_info</name>
         <load_address>0xe437</load_address>
         <run_address>0xe437</run_address>
         <size>0x39</size>
         <input_file_ref idref="fl-d1"/>
      </object_component>
      <object_component id="oc-1d8">
         <name>.debug_info</name>
         <load_address>0xe470</load_address>
         <run_address>0xe470</run_address>
         <size>0x39</size>
         <input_file_ref idref="fl-d1"/>
      </object_component>
      <object_component id="oc-18e">
         <name>.debug_info</name>
         <load_address>0xe4a9</load_address>
         <run_address>0xe4a9</run_address>
         <size>0xcd</size>
         <input_file_ref idref="fl-d1"/>
      </object_component>
      <object_component id="oc-b2">
         <name>.debug_info</name>
         <load_address>0xe576</load_address>
         <run_address>0xe576</run_address>
         <size>0xde</size>
         <input_file_ref idref="fl-d2"/>
      </object_component>
      <object_component id="oc-d">
         <name>.debug_info</name>
         <load_address>0xe654</load_address>
         <run_address>0xe654</run_address>
         <size>0x22a</size>
         <input_file_ref idref="fl-d2"/>
      </object_component>
      <object_component id="oc-45">
         <name>.debug_info</name>
         <load_address>0xe87e</load_address>
         <run_address>0xe87e</run_address>
         <size>0x60</size>
         <input_file_ref idref="fl-d2"/>
      </object_component>
      <object_component id="oc-ad">
         <name>.debug_info</name>
         <load_address>0xe8de</load_address>
         <run_address>0xe8de</run_address>
         <size>0x46</size>
         <input_file_ref idref="fl-d2"/>
      </object_component>
      <object_component id="oc-5a">
         <name>.debug_info</name>
         <load_address>0xe924</load_address>
         <run_address>0xe924</run_address>
         <size>0x120</size>
         <input_file_ref idref="fl-d3"/>
      </object_component>
      <object_component id="oc-13">
         <name>.debug_info</name>
         <load_address>0xea44</load_address>
         <run_address>0xea44</run_address>
         <size>0x1af</size>
         <input_file_ref idref="fl-d3"/>
      </object_component>
      <object_component id="oc-55">
         <name>.debug_info</name>
         <load_address>0xebf3</load_address>
         <run_address>0xebf3</run_address>
         <size>0x46</size>
         <input_file_ref idref="fl-d3"/>
      </object_component>
      <object_component id="oc-b4">
         <name>.debug_info</name>
         <load_address>0xec39</load_address>
         <run_address>0xec39</run_address>
         <size>0x2c</size>
         <input_file_ref idref="fl-d3"/>
      </object_component>
      <object_component id="oc-66">
         <name>.debug_info</name>
         <load_address>0xec65</load_address>
         <run_address>0xec65</run_address>
         <size>0x10f</size>
         <input_file_ref idref="fl-d4"/>
      </object_component>
      <object_component id="oc-19">
         <name>.debug_info</name>
         <load_address>0xed74</load_address>
         <run_address>0xed74</run_address>
         <size>0x17a</size>
         <input_file_ref idref="fl-d4"/>
      </object_component>
      <object_component id="oc-61">
         <name>.debug_info</name>
         <load_address>0xeeee</load_address>
         <run_address>0xeeee</run_address>
         <size>0x46</size>
         <input_file_ref idref="fl-d4"/>
      </object_component>
      <object_component id="oc-185">
         <name>.debug_info</name>
         <load_address>0xef34</load_address>
         <run_address>0xef34</run_address>
         <size>0x1c5</size>
         <input_file_ref idref="fl-d5"/>
      </object_component>
      <object_component id="oc-e1">
         <name>.debug_info</name>
         <load_address>0xf0f9</load_address>
         <run_address>0xf0f9</run_address>
         <size>0x168</size>
         <input_file_ref idref="fl-d5"/>
      </object_component>
      <object_component id="oc-1d3">
         <name>.debug_info</name>
         <load_address>0xf261</load_address>
         <run_address>0xf261</run_address>
         <size>0x2c</size>
         <input_file_ref idref="fl-d5"/>
      </object_component>
      <object_component id="oc-126">
         <name>.debug_info</name>
         <load_address>0xf28d</load_address>
         <run_address>0xf28d</run_address>
         <size>0x219</size>
         <input_file_ref idref="fl-d6"/>
      </object_component>
      <object_component id="oc-120">
         <name>.debug_info</name>
         <load_address>0xf4a6</load_address>
         <run_address>0xf4a6</run_address>
         <size>0x16a</size>
         <input_file_ref idref="fl-d6"/>
      </object_component>
      <object_component id="oc-90">
         <name>.debug_info</name>
         <load_address>0xf610</load_address>
         <run_address>0xf610</run_address>
         <size>0x1f9</size>
         <input_file_ref idref="fl-d6"/>
      </object_component>
      <object_component id="oc-50">
         <name>.debug_info</name>
         <load_address>0xf809</load_address>
         <run_address>0xf809</run_address>
         <size>0x161</size>
         <input_file_ref idref="fl-d7"/>
      </object_component>
      <object_component id="oc-5c">
         <name>.debug_info</name>
         <load_address>0xf96a</load_address>
         <run_address>0xf96a</run_address>
         <size>0x129</size>
         <input_file_ref idref="fl-d8"/>
      </object_component>
      <object_component id="oc-1ea">
         <name>.debug_info</name>
         <load_address>0xfa93</load_address>
         <run_address>0xfa93</run_address>
         <size>0x119</size>
         <input_file_ref idref="fl-d9"/>
      </object_component>
      <object_component id="oc-196">
         <name>.debug_info</name>
         <load_address>0xfbac</load_address>
         <run_address>0xfbac</run_address>
         <size>0x17a</size>
         <input_file_ref idref="fl-d9"/>
      </object_component>
      <object_component id="oc-1e5">
         <name>.debug_info</name>
         <load_address>0xfd26</load_address>
         <run_address>0xfd26</run_address>
         <size>0x39</size>
         <input_file_ref idref="fl-d9"/>
      </object_component>
      <object_component id="oc-1ac">
         <name>.debug_info</name>
         <load_address>0xfd5f</load_address>
         <run_address>0xfd5f</run_address>
         <size>0x1a0</size>
         <input_file_ref idref="fl-da"/>
      </object_component>
      <object_component id="oc-101">
         <name>.debug_info</name>
         <load_address>0xfeff</load_address>
         <run_address>0xfeff</run_address>
         <size>0x2d4</size>
         <input_file_ref idref="fl-da"/>
      </object_component>
      <object_component id="oc-241">
         <name>.debug_info</name>
         <load_address>0x101d3</load_address>
         <run_address>0x101d3</run_address>
         <size>0x2c</size>
         <input_file_ref idref="fl-da"/>
      </object_component>
      <object_component id="oc-e7">
         <name>.debug_info</name>
         <load_address>0x101ff</load_address>
         <run_address>0x101ff</run_address>
         <size>0x12a</size>
         <input_file_ref idref="fl-db"/>
      </object_component>
      <object_component id="oc-1b3">
         <name>.debug_info</name>
         <load_address>0x10329</load_address>
         <run_address>0x10329</run_address>
         <size>0xcf</size>
         <input_file_ref idref="fl-dc"/>
      </object_component>
      <object_component id="oc-107">
         <name>.debug_info</name>
         <load_address>0x103f8</load_address>
         <run_address>0x103f8</run_address>
         <size>0x1d7</size>
         <input_file_ref idref="fl-dc"/>
      </object_component>
      <object_component id="oc-1c9">
         <name>.debug_info</name>
         <load_address>0x105cf</load_address>
         <run_address>0x105cf</run_address>
         <size>0x109</size>
         <input_file_ref idref="fl-dd"/>
      </object_component>
      <object_component id="oc-123">
         <name>.debug_info</name>
         <load_address>0x106d8</load_address>
         <run_address>0x106d8</run_address>
         <size>0xf8</size>
         <input_file_ref idref="fl-dd"/>
      </object_component>
      <object_component id="oc-1c2">
         <name>.debug_info</name>
         <load_address>0x107d0</load_address>
         <run_address>0x107d0</run_address>
         <size>0x204</size>
         <input_file_ref idref="fl-dd"/>
      </object_component>
      <object_component id="oc-236">
         <name>.debug_info</name>
         <load_address>0x109d4</load_address>
         <run_address>0x109d4</run_address>
         <size>0x39d</size>
         <input_file_ref idref="fl-de"/>
      </object_component>
      <object_component id="oc-1a6">
         <name>.debug_info</name>
         <load_address>0x10d71</load_address>
         <run_address>0x10d71</run_address>
         <size>0x110a</size>
         <input_file_ref idref="fl-de"/>
      </object_component>
      <object_component id="oc-237">
         <name>.debug_info</name>
         <load_address>0x11e7b</load_address>
         <run_address>0x11e7b</run_address>
         <size>0x86</size>
         <input_file_ref idref="fl-de"/>
      </object_component>
      <object_component id="oc-281">
         <name>.debug_info</name>
         <load_address>0x11f01</load_address>
         <run_address>0x11f01</run_address>
         <size>0x46</size>
         <input_file_ref idref="fl-de"/>
      </object_component>
      <object_component id="oc-23c">
         <name>.debug_info</name>
         <load_address>0x11f47</load_address>
         <run_address>0x11f47</run_address>
         <size>0x39</size>
         <input_file_ref idref="fl-de"/>
      </object_component>
      <object_component id="oc-27c">
         <name>.debug_info</name>
         <load_address>0x11f80</load_address>
         <run_address>0x11f80</run_address>
         <size>0xf9</size>
         <input_file_ref idref="fl-df"/>
      </object_component>
      <object_component id="oc-22d">
         <name>.debug_info</name>
         <load_address>0x12079</load_address>
         <run_address>0x12079</run_address>
         <size>0x156</size>
         <input_file_ref idref="fl-df"/>
      </object_component>
      <object_component id="oc-295">
         <name>.debug_info</name>
         <load_address>0x121cf</load_address>
         <run_address>0x121cf</run_address>
         <size>0xd3</size>
         <input_file_ref idref="fl-e0"/>
      </object_component>
      <object_component id="oc-279">
         <name>.debug_info</name>
         <load_address>0x122a2</load_address>
         <run_address>0x122a2</run_address>
         <size>0xdf</size>
         <input_file_ref idref="fl-e0"/>
      </object_component>
      <object_component id="oc-263">
         <name>.debug_info</name>
         <load_address>0x12381</load_address>
         <run_address>0x12381</run_address>
         <size>0x131</size>
         <input_file_ref idref="fl-e1"/>
      </object_component>
      <object_component id="oc-212">
         <name>.debug_info</name>
         <load_address>0x124b2</load_address>
         <run_address>0x124b2</run_address>
         <size>0x1bf</size>
         <input_file_ref idref="fl-e1"/>
      </object_component>
      <object_component id="oc-27e">
         <name>.debug_info</name>
         <load_address>0x12671</load_address>
         <run_address>0x12671</run_address>
         <size>0xd6</size>
         <input_file_ref idref="fl-e2"/>
      </object_component>
      <object_component id="oc-230">
         <name>.debug_info</name>
         <load_address>0x12747</load_address>
         <run_address>0x12747</run_address>
         <size>0x190</size>
         <input_file_ref idref="fl-e2"/>
      </object_component>
      <object_component id="oc-265">
         <name>.debug_info</name>
         <load_address>0x128d7</load_address>
         <run_address>0x128d7</run_address>
         <size>0x124</size>
         <input_file_ref idref="fl-e3"/>
      </object_component>
      <object_component id="oc-218">
         <name>.debug_info</name>
         <load_address>0x129fb</load_address>
         <run_address>0x129fb</run_address>
         <size>0x168</size>
         <input_file_ref idref="fl-e3"/>
      </object_component>
      <object_component id="oc-266">
         <name>.debug_info</name>
         <load_address>0x12b63</load_address>
         <run_address>0x12b63</run_address>
         <size>0x2c</size>
         <input_file_ref idref="fl-e3"/>
      </object_component>
      <object_component id="oc-275">
         <name>.debug_info</name>
         <load_address>0x12b8f</load_address>
         <run_address>0x12b8f</run_address>
         <size>0x161</size>
         <input_file_ref idref="fl-e4"/>
      </object_component>
      <object_component id="oc-21e">
         <name>.debug_info</name>
         <load_address>0x12cf0</load_address>
         <run_address>0x12cf0</run_address>
         <size>0x189</size>
         <input_file_ref idref="fl-e4"/>
      </object_component>
      <object_component id="oc-277">
         <name>.debug_info</name>
         <load_address>0x12e79</load_address>
         <run_address>0x12e79</run_address>
         <size>0xda</size>
         <input_file_ref idref="fl-e5"/>
      </object_component>
      <object_component id="oc-224">
         <name>.debug_info</name>
         <load_address>0x12f53</load_address>
         <run_address>0x12f53</run_address>
         <size>0x1f1</size>
         <input_file_ref idref="fl-e5"/>
      </object_component>
      <object_component id="oc-20d">
         <name>.debug_info</name>
         <load_address>0x13144</load_address>
         <run_address>0x13144</run_address>
         <size>0x12e</size>
         <input_file_ref idref="fl-e6"/>
      </object_component>
      <object_component id="oc-208">
         <name>.debug_info</name>
         <load_address>0x13272</load_address>
         <run_address>0x13272</run_address>
         <size>0x167</size>
         <input_file_ref idref="fl-e7"/>
      </object_component>
      <object_component id="oc-272">
         <name>.debug_info</name>
         <load_address>0x133d9</load_address>
         <run_address>0x133d9</run_address>
         <size>0xd8</size>
         <input_file_ref idref="fl-e8"/>
      </object_component>
      <object_component id="oc-257">
         <name>.debug_info</name>
         <load_address>0x134b1</load_address>
         <run_address>0x134b1</run_address>
         <size>0x12c</size>
         <input_file_ref idref="fl-e9"/>
      </object_component>
      <object_component id="oc-25e">
         <name>.debug_info</name>
         <load_address>0x135dd</load_address>
         <run_address>0x135dd</run_address>
         <size>0x12c</size>
         <input_file_ref idref="fl-ea"/>
      </object_component>
      <object_component id="oc-26c">
         <name>.debug_info</name>
         <load_address>0x13709</load_address>
         <run_address>0x13709</run_address>
         <size>0x13b</size>
         <input_file_ref idref="fl-eb"/>
      </object_component>
      <object_component id="oc-2bc">
         <name>.debug_info</name>
         <load_address>0x13844</load_address>
         <run_address>0x13844</run_address>
         <size>0xa8</size>
      </object_component>
      <object_component id="oc-1ce">
         <name>.debug_line</name>
         <load_address>0x0</load_address>
         <run_address>0x0</run_address>
         <size>0x20</size>
         <input_file_ref idref="fl-2"/>
      </object_component>
      <object_component id="oc-d5">
         <name>.debug_line</name>
         <load_address>0x20</load_address>
         <run_address>0x20</run_address>
         <size>0x68</size>
         <input_file_ref idref="fl-2"/>
      </object_component>
      <object_component id="oc-9a">
         <name>.debug_line</name>
         <load_address>0x88</load_address>
         <run_address>0x88</run_address>
         <size>0x6e</size>
         <input_file_ref idref="fl-2"/>
      </object_component>
      <object_component id="oc-11d">
         <name>.debug_line</name>
         <load_address>0xf6</load_address>
         <run_address>0xf6</run_address>
         <size>0x20</size>
         <input_file_ref idref="fl-2"/>
      </object_component>
      <object_component id="oc-a5">
         <name>.debug_line</name>
         <load_address>0x116</load_address>
         <run_address>0x116</run_address>
         <size>0x69</size>
         <input_file_ref idref="fl-2"/>
      </object_component>
      <object_component id="oc-12b">
         <name>.debug_line</name>
         <load_address>0x17f</load_address>
         <run_address>0x17f</run_address>
         <size>0x6e</size>
         <input_file_ref idref="fl-2"/>
      </object_component>
      <object_component id="oc-aa">
         <name>.debug_line</name>
         <load_address>0x1ed</load_address>
         <run_address>0x1ed</run_address>
         <size>0x6c</size>
         <input_file_ref idref="fl-2"/>
      </object_component>
      <object_component id="oc-132">
         <name>.debug_line</name>
         <load_address>0x259</load_address>
         <run_address>0x259</run_address>
         <size>0x6b</size>
         <input_file_ref idref="fl-2"/>
      </object_component>
      <object_component id="oc-169">
         <name>.debug_line</name>
         <load_address>0x2c4</load_address>
         <run_address>0x2c4</run_address>
         <size>0x69</size>
         <input_file_ref idref="fl-2"/>
      </object_component>
      <object_component id="oc-137">
         <name>.debug_line</name>
         <load_address>0x32d</load_address>
         <run_address>0x32d</run_address>
         <size>0x69</size>
         <input_file_ref idref="fl-2"/>
      </object_component>
      <object_component id="oc-13c">
         <name>.debug_line</name>
         <load_address>0x396</load_address>
         <run_address>0x396</run_address>
         <size>0x6b</size>
         <input_file_ref idref="fl-2"/>
      </object_component>
      <object_component id="oc-141">
         <name>.debug_line</name>
         <load_address>0x401</load_address>
         <run_address>0x401</run_address>
         <size>0x69</size>
         <input_file_ref idref="fl-2"/>
      </object_component>
      <object_component id="oc-146">
         <name>.debug_line</name>
         <load_address>0x46a</load_address>
         <run_address>0x46a</run_address>
         <size>0x6c</size>
         <input_file_ref idref="fl-2"/>
      </object_component>
      <object_component id="oc-14b">
         <name>.debug_line</name>
         <load_address>0x4d6</load_address>
         <run_address>0x4d6</run_address>
         <size>0x6c</size>
         <input_file_ref idref="fl-2"/>
      </object_component>
      <object_component id="oc-150">
         <name>.debug_line</name>
         <load_address>0x542</load_address>
         <run_address>0x542</run_address>
         <size>0x69</size>
         <input_file_ref idref="fl-2"/>
      </object_component>
      <object_component id="oc-183">
         <name>.debug_line</name>
         <load_address>0x5ab</load_address>
         <run_address>0x5ab</run_address>
         <size>0x65</size>
         <input_file_ref idref="fl-4"/>
      </object_component>
      <object_component id="oc-7c">
         <name>.debug_line</name>
         <load_address>0x610</load_address>
         <run_address>0x610</run_address>
         <size>0x365</size>
         <input_file_ref idref="fl-4"/>
      </object_component>
      <object_component id="oc-28">
         <name>.debug_line</name>
         <load_address>0x975</load_address>
         <run_address>0x975</run_address>
         <size>0x7c</size>
         <input_file_ref idref="fl-4"/>
      </object_component>
      <object_component id="oc-dc">
         <name>.debug_line</name>
         <load_address>0x9f1</load_address>
         <run_address>0x9f1</run_address>
         <size>0x65</size>
         <input_file_ref idref="fl-4"/>
      </object_component>
      <object_component id="oc-1de">
         <name>.debug_line</name>
         <load_address>0xa56</load_address>
         <run_address>0xa56</run_address>
         <size>0x20</size>
         <input_file_ref idref="fl-5"/>
      </object_component>
      <object_component id="oc-f2">
         <name>.debug_line</name>
         <load_address>0xa76</load_address>
         <run_address>0xa76</run_address>
         <size>0x199</size>
         <input_file_ref idref="fl-5"/>
      </object_component>
      <object_component id="oc-1e2">
         <name>.debug_line</name>
         <load_address>0xc0f</load_address>
         <run_address>0xc0f</run_address>
         <size>0x65</size>
         <input_file_ref idref="fl-5"/>
      </object_component>
      <object_component id="oc-1fc">
         <name>.debug_line</name>
         <load_address>0xc74</load_address>
         <run_address>0xc74</run_address>
         <size>0x20</size>
         <input_file_ref idref="fl-6"/>
      </object_component>
      <object_component id="oc-1fa">
         <name>.debug_line</name>
         <load_address>0xc94</load_address>
         <run_address>0xc94</run_address>
         <size>0x36</size>
         <input_file_ref idref="fl-6"/>
      </object_component>
      <object_component id="oc-fe">
         <name>.debug_line</name>
         <load_address>0xcca</load_address>
         <run_address>0xcca</run_address>
         <size>0x3a3</size>
         <input_file_ref idref="fl-6"/>
      </object_component>
      <object_component id="oc-200">
         <name>.debug_line</name>
         <load_address>0x106d</load_address>
         <run_address>0x106d</run_address>
         <size>0x36</size>
         <input_file_ref idref="fl-6"/>
      </object_component>
      <object_component id="oc-16e">
         <name>.debug_line</name>
         <load_address>0x10a3</load_address>
         <run_address>0x10a3</run_address>
         <size>0x69</size>
         <input_file_ref idref="fl-6"/>
      </object_component>
      <object_component id="oc-205">
         <name>.debug_line</name>
         <load_address>0x110c</load_address>
         <run_address>0x110c</run_address>
         <size>0x65</size>
         <input_file_ref idref="fl-6"/>
      </object_component>
      <object_component id="oc-15b">
         <name>.debug_line</name>
         <load_address>0x1171</load_address>
         <run_address>0x1171</run_address>
         <size>0x20</size>
         <input_file_ref idref="fl-8"/>
      </object_component>
      <object_component id="oc-70">
         <name>.debug_line</name>
         <load_address>0x1191</load_address>
         <run_address>0x1191</run_address>
         <size>0x119</size>
         <input_file_ref idref="fl-8"/>
      </object_component>
      <object_component id="oc-15f">
         <name>.debug_line</name>
         <load_address>0x12aa</load_address>
         <run_address>0x12aa</run_address>
         <size>0x69</size>
         <input_file_ref idref="fl-8"/>
      </object_component>
      <object_component id="oc-164">
         <name>.debug_line</name>
         <load_address>0x1313</load_address>
         <run_address>0x1313</run_address>
         <size>0x69</size>
         <input_file_ref idref="fl-8"/>
      </object_component>
      <object_component id="oc-c9">
         <name>.debug_line</name>
         <load_address>0x137c</load_address>
         <run_address>0x137c</run_address>
         <size>0x69</size>
         <input_file_ref idref="fl-8"/>
      </object_component>
      <object_component id="oc-1b9">
         <name>.debug_line</name>
         <load_address>0x13e5</load_address>
         <run_address>0x13e5</run_address>
         <size>0x65</size>
         <input_file_ref idref="fl-8"/>
      </object_component>
      <object_component id="oc-173">
         <name>.debug_line</name>
         <load_address>0x144a</load_address>
         <run_address>0x144a</run_address>
         <size>0x69</size>
         <input_file_ref idref="fl-8"/>
      </object_component>
      <object_component id="oc-1f7">
         <name>.debug_line</name>
         <load_address>0x14b3</load_address>
         <run_address>0x14b3</run_address>
         <size>0x65</size>
         <input_file_ref idref="fl-8"/>
      </object_component>
      <object_component id="oc-252">
         <name>.debug_line</name>
         <load_address>0x1518</load_address>
         <run_address>0x1518</run_address>
         <size>0x20</size>
         <input_file_ref idref="fl-9"/>
      </object_component>
      <object_component id="oc-cf">
         <name>.debug_line</name>
         <load_address>0x1538</load_address>
         <run_address>0x1538</run_address>
         <size>0xdc</size>
         <input_file_ref idref="fl-9"/>
      </object_component>
      <object_component id="oc-180">
         <name>.debug_line</name>
         <load_address>0x1614</load_address>
         <run_address>0x1614</run_address>
         <size>0x6c</size>
         <input_file_ref idref="fl-9"/>
      </object_component>
      <object_component id="oc-24b">
         <name>.debug_line</name>
         <load_address>0x1680</load_address>
         <run_address>0x1680</run_address>
         <size>0x20</size>
         <input_file_ref idref="fl-a"/>
      </object_component>
      <object_component id="oc-110">
         <name>.debug_line</name>
         <load_address>0x16a0</load_address>
         <run_address>0x16a0</run_address>
         <size>0x2f5</size>
         <input_file_ref idref="fl-a"/>
      </object_component>
      <object_component id="oc-1ee">
         <name>.debug_line</name>
         <load_address>0x1995</load_address>
         <run_address>0x1995</run_address>
         <size>0x6c</size>
         <input_file_ref idref="fl-b"/>
      </object_component>
      <object_component id="oc-1ec">
         <name>.debug_line</name>
         <load_address>0x1a01</load_address>
         <run_address>0x1a01</run_address>
         <size>0x36</size>
         <input_file_ref idref="fl-b"/>
      </object_component>
      <object_component id="oc-f8">
         <name>.debug_line</name>
         <load_address>0x1a37</load_address>
         <run_address>0x1a37</run_address>
         <size>0x2c0</size>
         <input_file_ref idref="fl-b"/>
      </object_component>
      <object_component id="oc-1f2">
         <name>.debug_line</name>
         <load_address>0x1cf7</load_address>
         <run_address>0x1cf7</run_address>
         <size>0x36</size>
         <input_file_ref idref="fl-b"/>
      </object_component>
      <object_component id="oc-6b">
         <name>.debug_line</name>
         <load_address>0x1d2d</load_address>
         <run_address>0x1d2d</run_address>
         <size>0x2f2</size>
         <input_file_ref idref="fl-c"/>
      </object_component>
      <object_component id="oc-31">
         <name>.debug_line</name>
         <load_address>0x201f</load_address>
         <run_address>0x201f</run_address>
         <size>0x52</size>
         <input_file_ref idref="fl-e"/>
      </object_component>
      <object_component id="oc-1bc">
         <name>.debug_line</name>
         <load_address>0x2071</load_address>
         <run_address>0x2071</run_address>
         <size>0x234</size>
         <input_file_ref idref="fl-f"/>
      </object_component>
      <object_component id="oc-1be">
         <name>.debug_line</name>
         <load_address>0x22a5</load_address>
         <run_address>0x22a5</run_address>
         <size>0x3b</size>
         <input_file_ref idref="fl-f"/>
      </object_component>
      <object_component id="oc-8d">
         <name>.debug_line</name>
         <load_address>0x22e0</load_address>
         <run_address>0x22e0</run_address>
         <size>0x176</size>
         <input_file_ref idref="fl-f"/>
      </object_component>
      <object_component id="oc-bf">
         <name>.debug_line</name>
         <load_address>0x2456</load_address>
         <run_address>0x2456</run_address>
         <size>0x6e</size>
         <input_file_ref idref="fl-f"/>
      </object_component>
      <object_component id="oc-1b0">
         <name>.debug_line</name>
         <load_address>0x24c4</load_address>
         <run_address>0x24c4</run_address>
         <size>0x6e</size>
         <input_file_ref idref="fl-f"/>
      </object_component>
      <object_component id="oc-82">
         <name>.debug_line</name>
         <load_address>0x2532</load_address>
         <run_address>0x2532</run_address>
         <size>0x1f3</size>
         <input_file_ref idref="fl-10"/>
      </object_component>
      <object_component id="oc-250">
         <name>.debug_line</name>
         <load_address>0x2725</load_address>
         <run_address>0x2725</run_address>
         <size>0x20</size>
         <input_file_ref idref="fl-11"/>
      </object_component>
      <object_component id="oc-17b">
         <name>.debug_line</name>
         <load_address>0x2745</load_address>
         <run_address>0x2745</run_address>
         <size>0x69</size>
         <input_file_ref idref="fl-11"/>
      </object_component>
      <object_component id="oc-36">
         <name>.debug_line</name>
         <load_address>0x27ae</load_address>
         <run_address>0x27ae</run_address>
         <size>0x4e</size>
         <input_file_ref idref="fl-12"/>
      </object_component>
      <object_component id="oc-22">
         <name>.debug_line</name>
         <load_address>0x27fc</load_address>
         <run_address>0x27fc</run_address>
         <size>0x7b</size>
         <input_file_ref idref="fl-15"/>
      </object_component>
      <object_component id="oc-12e">
         <name>.debug_line</name>
         <load_address>0x2877</load_address>
         <run_address>0x2877</run_address>
         <size>0xae</size>
         <input_file_ref idref="fl-16"/>
      </object_component>
      <object_component id="oc-9d">
         <name>.debug_line</name>
         <load_address>0x2925</load_address>
         <run_address>0x2925</run_address>
         <size>0x3a</size>
         <input_file_ref idref="fl-16"/>
      </object_component>
      <object_component id="oc-3d">
         <name>.debug_line</name>
         <load_address>0x295f</load_address>
         <run_address>0x295f</run_address>
         <size>0x1b2</size>
         <input_file_ref idref="fl-16"/>
      </object_component>
      <object_component id="oc-42">
         <name>.debug_line</name>
         <load_address>0x2b11</load_address>
         <run_address>0x2b11</run_address>
         <size>0xbc</size>
         <input_file_ref idref="fl-16"/>
      </object_component>
      <object_component id="oc-155">
         <name>.debug_line</name>
         <load_address>0x2bcd</load_address>
         <run_address>0x2bcd</run_address>
         <size>0x3a</size>
         <input_file_ref idref="fl-16"/>
      </object_component>
      <object_component id="oc-177">
         <name>.debug_line</name>
         <load_address>0x2c07</load_address>
         <run_address>0x2c07</run_address>
         <size>0xb2</size>
         <input_file_ref idref="fl-17"/>
      </object_component>
      <object_component id="oc-76">
         <name>.debug_line</name>
         <load_address>0x2cb9</load_address>
         <run_address>0x2cb9</run_address>
         <size>0x21e</size>
         <input_file_ref idref="fl-17"/>
      </object_component>
      <object_component id="oc-188">
         <name>.debug_line</name>
         <load_address>0x2ed7</load_address>
         <run_address>0x2ed7</run_address>
         <size>0x8d</size>
         <input_file_ref idref="fl-d1"/>
      </object_component>
      <object_component id="oc-87">
         <name>.debug_line</name>
         <load_address>0x2f64</load_address>
         <run_address>0x2f64</run_address>
         <size>0x95</size>
         <input_file_ref idref="fl-d1"/>
      </object_component>
      <object_component id="oc-4d">
         <name>.debug_line</name>
         <load_address>0x2ff9</load_address>
         <run_address>0x2ff9</run_address>
         <size>0x20</size>
         <input_file_ref idref="fl-d1"/>
      </object_component>
      <object_component id="oc-18c">
         <name>.debug_line</name>
         <load_address>0x3019</load_address>
         <run_address>0x3019</run_address>
         <size>0x2e</size>
         <input_file_ref idref="fl-d1"/>
      </object_component>
      <object_component id="oc-1db">
         <name>.debug_line</name>
         <load_address>0x3047</load_address>
         <run_address>0x3047</run_address>
         <size>0x6e</size>
         <input_file_ref idref="fl-d1"/>
      </object_component>
      <object_component id="oc-191">
         <name>.debug_line</name>
         <load_address>0x30b5</load_address>
         <run_address>0x30b5</run_address>
         <size>0x6f</size>
         <input_file_ref idref="fl-d1"/>
      </object_component>
      <object_component id="oc-159">
         <name>.debug_line</name>
         <load_address>0x3124</load_address>
         <run_address>0x3124</run_address>
         <size>0x20</size>
         <input_file_ref idref="fl-d2"/>
      </object_component>
      <object_component id="oc-10">
         <name>.debug_line</name>
         <load_address>0x3144</load_address>
         <run_address>0x3144</run_address>
         <size>0xb2</size>
         <input_file_ref idref="fl-d2"/>
      </object_component>
      <object_component id="oc-48">
         <name>.debug_line</name>
         <load_address>0x31f6</load_address>
         <run_address>0x31f6</run_address>
         <size>0x3a</size>
         <input_file_ref idref="fl-d2"/>
      </object_component>
      <object_component id="oc-b0">
         <name>.debug_line</name>
         <load_address>0x3230</load_address>
         <run_address>0x3230</run_address>
         <size>0x6e</size>
         <input_file_ref idref="fl-d2"/>
      </object_component>
      <object_component id="oc-ba">
         <name>.debug_line</name>
         <load_address>0x329e</load_address>
         <run_address>0x329e</run_address>
         <size>0x6e</size>
         <input_file_ref idref="fl-d3"/>
      </object_component>
      <object_component id="oc-16">
         <name>.debug_line</name>
         <load_address>0x330c</load_address>
         <run_address>0x330c</run_address>
         <size>0x55</size>
         <input_file_ref idref="fl-d3"/>
      </object_component>
      <object_component id="oc-58">
         <name>.debug_line</name>
         <load_address>0x3361</load_address>
         <run_address>0x3361</run_address>
         <size>0x3a</size>
         <input_file_ref idref="fl-d3"/>
      </object_component>
      <object_component id="oc-b7">
         <name>.debug_line</name>
         <load_address>0x339b</load_address>
         <run_address>0x339b</run_address>
         <size>0x6e</size>
         <input_file_ref idref="fl-d3"/>
      </object_component>
      <object_component id="oc-c2">
         <name>.debug_line</name>
         <load_address>0x3409</load_address>
         <run_address>0x3409</run_address>
         <size>0x6e</size>
         <input_file_ref idref="fl-d4"/>
      </object_component>
      <object_component id="oc-1c">
         <name>.debug_line</name>
         <load_address>0x3477</load_address>
         <run_address>0x3477</run_address>
         <size>0x4f</size>
         <input_file_ref idref="fl-d4"/>
      </object_component>
      <object_component id="oc-64">
         <name>.debug_line</name>
         <load_address>0x34c6</load_address>
         <run_address>0x34c6</run_address>
         <size>0x34</size>
         <input_file_ref idref="fl-d4"/>
      </object_component>
      <object_component id="oc-1d2">
         <name>.debug_line</name>
         <load_address>0x34fa</load_address>
         <run_address>0x34fa</run_address>
         <size>0x7c</size>
         <input_file_ref idref="fl-d5"/>
      </object_component>
      <object_component id="oc-e4">
         <name>.debug_line</name>
         <load_address>0x3576</load_address>
         <run_address>0x3576</run_address>
         <size>0x78</size>
         <input_file_ref idref="fl-d5"/>
      </object_component>
      <object_component id="oc-1d6">
         <name>.debug_line</name>
         <load_address>0x35ee</load_address>
         <run_address>0x35ee</run_address>
         <size>0x2e</size>
         <input_file_ref idref="fl-d5"/>
      </object_component>
      <object_component id="oc-1cc">
         <name>.debug_line</name>
         <load_address>0x361c</load_address>
         <run_address>0x361c</run_address>
         <size>0xba</size>
         <input_file_ref idref="fl-d6"/>
      </object_component>
      <object_component id="oc-1c0">
         <name>.debug_line</name>
         <load_address>0x36d6</load_address>
         <run_address>0x36d6</run_address>
         <size>0x2a</size>
         <input_file_ref idref="fl-d6"/>
      </object_component>
      <object_component id="oc-93">
         <name>.debug_line</name>
         <load_address>0x3700</load_address>
         <run_address>0x3700</run_address>
         <size>0x86</size>
         <input_file_ref idref="fl-d6"/>
      </object_component>
      <object_component id="oc-53">
         <name>.debug_line</name>
         <load_address>0x3786</load_address>
         <run_address>0x3786</run_address>
         <size>0x9a</size>
         <input_file_ref idref="fl-d7"/>
      </object_component>
      <object_component id="oc-5f">
         <name>.debug_line</name>
         <load_address>0x3820</load_address>
         <run_address>0x3820</run_address>
         <size>0x73</size>
         <input_file_ref idref="fl-d8"/>
      </object_component>
      <object_component id="oc-254">
         <name>.debug_line</name>
         <load_address>0x3893</load_address>
         <run_address>0x3893</run_address>
         <size>0x20</size>
[...]
         <value>0x6180</value>
         <object_component_ref idref="oc-67"/>
      </symbol>
      <symbol id="sm-356">
         <name>_coreGetDataFault_</name>
         <value>0x6144</value>
         <object_component_ref idref="oc-67"/>
      </symbol>
      <symbol id="sm-357">
         <name>_coreDisableEventBusExport_</name>
         <value>0x6124</value>
         <object_component_ref idref="oc-67"/>
      </symbol>
      <symbol id="sm-358">
         <name>_coreClearDataFaultAddress_</name>
         <value>0x6174</value>
         <object_component_ref idref="oc-67"/>
      </symbol>
      <symbol id="sm-359">
         <name>__TI_PINIT_Base</name>
         <value>0x6340</value>
         <object_component_ref idref="oc-67"/>
      </symbol>
      <symbol id="sm-35a">
         <name>_coreInitRegisters_</name>
         <value>0x5f84</value>
         <object_component_ref idref="oc-67"/>
      </symbol>
      <symbol id="sm-35b">
         <name>_coreClearInstructionFaultAddress_</name>
         <value>0x6188</value>
         <object_component_ref idref="oc-67"/>
      </symbol>
      <symbol id="sm-35c">
         <name>_coreClearDataFault_</name>
         <value>0x614c</value>
         <object_component_ref idref="oc-67"/>
      </symbol>
      <symbol id="sm-35d">
         <name>_coreGetAuxiliaryDataFault_</name>
         <value>0x6194</value>
         <object_component_ref idref="oc-67"/>
      </symbol>
      <symbol id="sm-35e">
         <name>_enable_interrupt_</name>
         <value>0x61cc</value>
         <object_component_ref idref="oc-67"/>
      </symbol>
      <symbol id="sm-35f">
         <name>_coreClearAuxiliaryInstructionFault_</name>
         <value>0x61b0</value>
         <object_component_ref idref="oc-67"/>
      </symbol>
      <symbol id="sm-360">
         <name>_memInit_</name>
         <value>0x625c</value>
         <object_component_ref idref="oc-67"/>
      </symbol>
      <symbol id="sm-361">
         <name>_dCacheInvalidate_</name>
         <value>0x6318</value>
         <object_component_ref idref="oc-67"/>
      </symbol>
      <symbol id="sm-362">
         <name>_coreGetDataFaultAddress_</name>
         <value>0x616c</value>
         <object_component_ref idref="oc-67"/>
      </symbol>
      <symbol id="sm-363">
         <name>_coreClearInstructionFault_</name>
         <value>0x6160</value>
         <object_component_ref idref="oc-67"/>
      </symbol>
      <symbol id="sm-364">
         <name>_getCPSRValue_</name>
         <value>0x60dc</value>
         <object_component_ref idref="oc-67"/>
      </symbol>
      <symbol id="sm-365">
         <name>_cacheDisable_</name>
         <value>0x62f4</value>
         <object_component_ref idref="oc-67"/>
      </symbol>
      <symbol id="sm-366">
         <name>_enable_IRQ_interrupt_</name>
         <value>0x61c4</value>
         <object_component_ref idref="oc-67"/>
      </symbol>
      <symbol id="sm-367">
         <name>__TI_PINIT_Limit</name>
         <value>0x6344</value>
         <object_component_ref idref="oc-67"/>
      </symbol>
      <symbol id="sm-368">
         <name>_coreGetAuxiliaryInstructionFault_</name>
         <value>0x61a8</value>
         <object_component_ref idref="oc-67"/>
      </symbol>
      <symbol id="sm-369">
         <name>_coreInitStackPointer_</name>
         <value>0x6090</value>
         <object_component_ref idref="oc-67"/>
      </symbol>
      <symbol id="sm-36a">
         <name>_esmCcmErrorsClear_</name>
         <value>0x61d4</value>
         <object_component_ref idref="oc-67"/>
      </symbol>
      <symbol id="sm-36b">
         <name>_gotoCPUIdle_</name>
         <value>0x60e4</value>
         <object_component_ref idref="oc-67"/>
      </symbol>
      <symbol id="sm-36c">
         <name>_coreEnableIrqVicOffset_</name>
         <value>0x6134</value>
         <object_component_ref idref="oc-67"/>
      </symbol>
      <symbol id="sm-36d">
         <name>_coreGetInstructionFault_</name>
         <value>0x6158</value>
         <object_component_ref idref="oc-67"/>
      </symbol>
      <symbol id="sm-36e">
         <name>_cacheEnable_</name>
         <value>0x62b0</value>
         <object_component_ref idref="oc-67"/>
      </symbol>
      <symbol id="sm-36f">
         <name>_coreEnableVfp_</name>
         <value>0x60fc</value>
         <object_component_ref idref="oc-67"/>
      </symbol>
      <symbol id="sm-370">
         <name>_coreClearAuxiliaryDataFault_</name>
         <value>0x619c</value>
         <object_component_ref idref="oc-67"/>
      </symbol>
      <symbol id="sm-371">
         <name>_coreEnableEventBusExport_</name>
         <value>0x6114</value>
         <object_component_ref idref="oc-67"/>
      </symbol>
      <symbol id="sm-372">
         <name>_checkMemInitOn_</name>
         <value>0x6290</value>
         <object_component_ref idref="oc-67"/>
      </symbol>
      <symbol id="sm-380">
         <name>resetEntry</name>
         <value>0x0</value>
         <object_component_ref idref="oc-2d"/>
      </symbol>
      <symbol id="sm-3c7">
         <name>g_acc_xyz</name>
         <value>0x8001568</value>
      </symbol>
      <symbol id="sm-3c8">
         <name>g_acc_flag</name>
         <value>0x8001570</value>
      </symbol>
      <symbol id="sm-3c9">
         <name>sciDisplayText</name>
         <value>0x5774</value>
         <object_component_ref idref="oc-89"/>
      </symbol>
      <symbol id="sm-3ca">
         <name>mpu6050_enable</name>
         <value>0x57d4</value>
         <object_component_ref idref="oc-89"/>
      </symbol>
      <symbol id="sm-3cb">
         <name>rtiNotification</name>
         <value>0x5998</value>
         <object_component_ref idref="oc-89"/>
      </symbol>
      <symbol id="sm-3cc">
         <name>main</name>
         <value>0x5544</value>
         <object_component_ref idref="oc-89"/>
      </symbol>
      <symbol id="sm-3cd">
         <name>mpu6050_acc_config</name>
         <value>0x588c</value>
         <object_component_ref idref="oc-89"/>
      </symbol>
      <symbol id="sm-3ce">
         <name>wait</name>
         <value>0x5528</value>
         <object_component_ref idref="oc-89"/>
      </symbol>
      <symbol id="sm-3e9">
         <name>_mpuSetRegionBaseAddress_</name>
         <value>0x6678</value>
         <object_component_ref idref="oc-7e"/>
      </symbol>
      <symbol id="sm-3ea">
         <name>_mpuInit_</name>
         <value>0x6348</value>
         <object_component_ref idref="oc-7e"/>
      </symbol>
      <symbol id="sm-3eb">
         <name>_mpuSetRegionSizeRegister_</name>
         <value>0x66ac</value>
         <object_component_ref idref="oc-7e"/>
      </symbol>
      <symbol id="sm-3ec">
         <name>_mpuDisableBackgroundRegion_</name>
         <value>0x6640</value>
         <object_component_ref idref="oc-7e"/>
      </symbol>
      <symbol id="sm-3ed">
         <name>_mpuSetRegionTypeAndPermission_</name>
         <value>0x6688</value>
         <object_component_ref idref="oc-7e"/>
      </symbol>
      <symbol id="sm-3ee">
         <name>_mpuGetRegionPermission_</name>
         <value>0x66a0</value>
         <object_component_ref idref="oc-7e"/>
      </symbol>
      <symbol id="sm-3ef">
         <name>_mpuEnable_</name>
         <value>0x6600</value>
         <object_component_ref idref="oc-7e"/>
      </symbol>
      <symbol id="sm-3f0">
         <name>_mpuGetNumberOfRegions_</name>
         <value>0x6650</value>
         <object_component_ref idref="oc-7e"/>
      </symbol>
      <symbol id="sm-3f1">
         <name>_mpuAreRegionsSeparate_</name>
         <value>0x665c</value>
         <object_component_ref idref="oc-7e"/>
      </symbol>
      <symbol id="sm-3f2">
         <name>_mpuEnableBackgroundRegion_</name>
         <value>0x6630</value>
         <object_component_ref idref="oc-7e"/>
      </symbol>
      <symbol id="sm-3f3">
         <name>_mpuGetRegionType_</name>
         <value>0x6694</value>
         <object_component_ref idref="oc-7e"/>
      </symbol>
      <symbol id="sm-3f4">
         <name>_mpuDisable_</name>
         <value>0x6618</value>
         <object_component_ref idref="oc-7e"/>
      </symbol>
      <symbol id="sm-3f5">
         <name>_mpuGetRegionBaseAddress_</name>
         <value>0x6680</value>
         <object_component_ref idref="oc-7e"/>
      </symbol>
      <symbol id="sm-3f6">
         <name>_mpuSetRegion_</name>
         <value>0x6668</value>
         <object_component_ref idref="oc-7e"/>
      </symbol>
      <symbol id="sm-3f7">
         <name>_mpuGetRegion_</name>
         <value>0x6670</value>
         <object_component_ref idref="oc-7e"/>
      </symbol>
      <symbol id="sm-40a">
         <name>phantomInterrupt</name>
         <value>0x7a08</value>
         <object_component_ref idref="oc-32"/>
      </symbol>
      <symbol id="sm-41e">
         <name>_c_int00</name>
         <value>0x71f0</value>
         <object_component_ref idref="oc-1e"/>
      </symbol>
      <symbol id="sm-4c1">
         <name>vimChannelMap</name>
         <value>0x3614</value>
         <object_component_ref idref="oc-39"/>
      </symbol>
      <symbol id="sm-4c2">
         <name>vimInit</name>
         <value>0x3540</value>
         <object_component_ref idref="oc-39"/>
      </symbol>
      <symbol id="sm-4c3">
         <name>vimEnableInterrupt</name>
         <value>0x36b8</value>
         <object_component_ref idref="oc-39"/>
      </symbol>
      <symbol id="sm-4c4">
         <name>vimDisableInterrupt</name>
         <value>0x3880</value>
         <object_component_ref idref="oc-39"/>
      </symbol>
      <symbol id="sm-4c5">
         <name>vimGetConfigValue</name>
         <value>0x392c</value>
         <object_component_ref idref="oc-39"/>
      </symbol>
      <symbol id="sm-4c6">
         <name>vimECCErrorHandler</name>
         <value>0x66b4</value>
         <object_component_ref idref="oc-38"/>
      </symbol>
      <symbol id="sm-514">
         <name>systemGetConfigValue</name>
         <value>0x3078</value>
         <object_component_ref idref="oc-72"/>
      </symbol>
      <symbol id="sm-515">
         <name>trimLPO</name>
         <value>0x2c44</value>
         <object_component_ref idref="oc-72"/>
      </symbol>
      <symbol id="sm-516">
         <name>systemInit</name>
         <value>0x2eac</value>
         <object_component_ref idref="oc-72"/>
      </symbol>
      <symbol id="sm-517">
         <name>periphInit</name>
         <value>0x2ccc</value>
         <object_component_ref idref="oc-72"/>
      </symbol>
      <symbol id="sm-518">
         <name>setupFlash</name>
         <value>0x2c8c</value>
         <object_component_ref idref="oc-72"/>
      </symbol>
      <symbol id="sm-519">
         <name>setupPLL</name>
         <value>0x2be4</value>
         <object_component_ref idref="oc-72"/>
      </symbol>
      <symbol id="sm-51a">
         <name>getResetSource</name>
         <value>0x2f50</value>
         <object_component_ref idref="oc-72"/>
      </symbol>
      <symbol id="sm-51b">
         <name>mapClocks</name>
         <value>0x2d80</value>
         <object_component_ref idref="oc-72"/>
      </symbol>
      <symbol id="sm-51c">
         <name>systemPowerDown</name>
         <value>0x2f20</value>
         <object_component_ref idref="oc-72"/>
      </symbol>
      <symbol id="sm-54a">
         <name>__TI_auto_init</name>
         <value>0x7404</value>
         <object_component_ref idref="oc-83"/>
      </symbol>
      <symbol id="sm-568">
         <name>__TI_decompress_lzss</name>
         <value>0x7554</value>
         <object_component_ref idref="oc-c"/>
      </symbol>
      <symbol id="sm-57f">
         <name>__TI_decompress_none</name>
         <value>0x79e4</value>
         <object_component_ref idref="oc-12"/>
      </symbol>
      <symbol id="sm-591">
         <name>__TI_zero_init</name>
         <value>0x79f8</value>
         <object_component_ref idref="oc-18"/>
      </symbol>
      <symbol id="sm-5ab">
         <name>copy_in</name>
         <value>0x7784</value>
         <object_component_ref idref="oc-e0"/>
      </symbol>
      <symbol id="sm-5cc">
         <name>C$$EXIT</name>
         <value>0x75e4</value>
         <object_component_ref idref="oc-8f"/>
      </symbol>
      <symbol id="sm-5cd">
         <name>abort</name>
         <value>0x75ec</value>
         <object_component_ref idref="oc-8f"/>
      </symbol>
      <symbol id="sm-5ce">
         <name>exit</name>
         <value>0x75f8</value>
         <object_component_ref idref="oc-8f"/>
      </symbol>
      <symbol id="sm-5cf">
         <name>__TI_dtors_ptr</name>
         <value>0x8001578</value>
         <object_component_ref idref="oc-11f"/>
      </symbol>
      <symbol id="sm-5d0">
         <name>__TI_cleanup_ptr</name>
         <value>0x8001574</value>
         <object_component_ref idref="oc-11f"/>
      </symbol>
      <symbol id="sm-5d1">
         <name>__TI_enable_exit_profile_output</name>
         <value>0x800157c</value>
         <object_component_ref idref="oc-11f"/>
      </symbol>
      <symbol id="sm-5ea">
         <name>memcpy</name>
         <value>0x6ca8</value>
         <object_component_ref idref="oc-4f"/>
      </symbol>
      <symbol id="sm-5eb">
         <name>__aeabi_memcpy</name>
         <value>0x6ca8</value>
         <object_component_ref idref="oc-4f"/>
      </symbol>
      <symbol id="sm-5ec">
         <name>__aeabi_memcpy8</name>
         <value>0x6ca8</value>
         <object_component_ref idref="oc-4f"/>
      </symbol>
      <symbol id="sm-5ed">
         <name>__aeabi_memcpy4</name>
         <value>0x6ca8</value>
         <object_component_ref idref="oc-4f"/>
      </symbol>
      <symbol id="sm-5fc">
         <name>__aeabi_memset</name>
         <value>0x7358</value>
         <object_component_ref idref="oc-5b"/>
      </symbol>
      <symbol id="sm-5fd">
         <name>memset</name>
         <value>0x7364</value>
         <object_component_ref idref="oc-5b"/>
      </symbol>
      <symbol id="sm-5fe">
         <name>__aeabi_memset8</name>
         <value>0x7358</value>
         <object_component_ref idref="oc-5b"/>
      </symbol>
      <symbol id="sm-5ff">
         <name>__aeabi_memset4</name>
         <value>0x7358</value>
         <object_component_ref idref="oc-5b"/>
      </symbol>
      <symbol id="sm-600">
         <name>__aeabi_memclr8</name>
         <value>0x7354</value>
         <object_component_ref idref="oc-5b"/>
      </symbol>
      <symbol id="sm-601">
         <name>__aeabi_memclr4</name>
         <value>0x7354</value>
         <object_component_ref idref="oc-5b"/>
      </symbol>
      <symbol id="sm-602">
         <name>__aeabi_memclr</name>
         <value>0x7354</value>
         <object_component_ref idref="oc-5b"/>
      </symbol>
      <symbol id="sm-621">
         <name>floorl</name>
         <value>0x6fa0</value>
         <object_component_ref idref="oc-195"/>
      </symbol>
      <symbol id="sm-622">
         <name>floor</name>
         <value>0x6fa0</value>
         <object_component_ref idref="oc-195"/>
      </symbol>
      <symbol id="sm-63b">
         <name>sprintf</name>
         <value>0x74ac</value>
         <object_component_ref idref="oc-100"/>
      </symbol>
      <symbol id="sm-645">
         <name>_system_post_cinit</name>
         <value>0x7a10</value>
         <object_component_ref idref="oc-e6"/>
      </symbol>
      <symbol id="sm-653">
         <name>strlen</name>
         <value>0x79c4</value>
         <object_component_ref idref="oc-106"/>
      </symbol>
      <symbol id="sm-66d">
         <name>_nop</name>
         <value>0x7998</value>
         <object_component_ref idref="oc-1c1"/>
      </symbol>
      <symbol id="sm-66e">
         <name>_lock</name>
         <value>0x8001580</value>
         <object_component_ref idref="oc-122"/>
      </symbol>
      <symbol id="sm-66f">
         <name>_unlock</name>
         <value>0x8001584</value>
         <object_component_ref idref="oc-122"/>
      </symbol>
      <symbol id="sm-670">
         <name>_register_lock</name>
         <value>0x798c</value>
         <object_component_ref idref="oc-1c1"/>
      </symbol>
      <symbol id="sm-671">
         <name>_register_unlock</name>
         <value>0x7980</value>
         <object_component_ref idref="oc-1c1"/>
      </symbol>
      <symbol id="sm-757">
         <name>__TI_printfi</name>
         <value>0xadc</value>
         <object_component_ref idref="oc-1a5"/>
      </symbol>
      <symbol id="sm-76a">
         <name>atoi</name>
         <value>0x7700</value>
         <object_component_ref idref="oc-229"/>
      </symbol>
      <symbol id="sm-775">
         <name>_ctypes_</name>
         <value>0x7c20</value>
         <object_component_ref idref="oc-278"/>
      </symbol>
      <symbol id="sm-783">
         <name>ltoa</name>
         <value>0x7808</value>
         <object_component_ref idref="oc-211"/>
      </symbol>
      <symbol id="sm-792">
         <name>memccpy</name>
         <value>0x792c</value>
         <object_component_ref idref="oc-22f"/>
      </symbol>
      <symbol id="sm-7aa">
         <name>frexpl</name>
         <value>0x7674</value>
         <object_component_ref idref="oc-217"/>
      </symbol>
      <symbol id="sm-7ab">
         <name>frexp</name>
         <value>0x7674</value>
         <object_component_ref idref="oc-217"/>
      </symbol>
      <symbol id="sm-7c8">
         <name>scalbn</name>
         <value>0x70d4</value>
         <object_component_ref idref="oc-21d"/>
      </symbol>
      <symbol id="sm-7c9">
         <name>scalbnl</name>
         <value>0x70d4</value>
         <object_component_ref idref="oc-21d"/>
      </symbol>
      <symbol id="sm-7ca">
         <name>ldexpl</name>
         <value>0x70d4</value>
         <object_component_ref idref="oc-21d"/>
      </symbol>
      <symbol id="sm-7cb">
         <name>ldexp</name>
         <value>0x70d4</value>
         <object_component_ref idref="oc-21d"/>
      </symbol>
      <symbol id="sm-7d9">
         <name>strchr</name>
         <value>0x7958</value>
         <object_component_ref idref="oc-223"/>
      </symbol>
      <symbol id="sm-7e5">
         <name>__aeabi_uidivmod</name>
         <value>0x78dc</value>
         <object_component_ref idref="oc-20c"/>
      </symbol>
      <symbol id="sm-7e6">
         <name>__aeabi_uidiv</name>
         <value>0x78dc</value>
         <object_component_ref idref="oc-20c"/>
      </symbol>
      <symbol id="sm-802">
         <name>__aeabi_uldivmod</name>
         <value>0x69f0</value>
         <object_component_ref idref="oc-207"/>
      </symbol>
      <symbol id="sm-80a">
         <name>errno</name>
         <value>0x8001588</value>
         <object_component_ref idref="oc-271"/>
      </symbol>
      <symbol id="sm-814">
         <name>__aeabi_idiv0</name>
         <value>0x7a0c</value>
         <object_component_ref idref="oc-256"/>
      </symbol>
      <symbol id="sm-820">
         <name>__aeabi_idivmod</name>
         <value>0x7888</value>
         <object_component_ref idref="oc-25d"/>
      </symbol>
      <symbol id="sm-821">
         <name>__aeabi_idiv</name>
         <value>0x7888</value>
         <object_component_ref idref="oc-25d"/>
      </symbol>
      <symbol id="sm-82b">
         <name>copysign</name>
         <value>0x79a4</value>
         <object_component_ref idref="oc-26b"/>
      </symbol>
      <symbol id="sm-82c">
         <name>copysignl</name>
         <value>0x79a4</value>
         <object_component_ref idref="oc-26b"/>
      </symbol>
      <symbol id="sm-82d">
         <name>__TI_static_base__</name>
         <value>0x0</value>
      </symbol>
      <symbol id="sm-830">
         <name>SHT$$INIT_ARRAY$$Base</name>
         <value>0x0</value>
      </symbol>
      <symbol id="sm-831">
         <name>SHT$$INIT_ARRAY$$Limit</name>
         <value>0x0</value>
      </symbol>
   </symbol_table>
   <title>Link successful</title>
</link_info>
