******************************************************************************
               TMS320C6x Linker Unix v8.1.0                    
******************************************************************************
>> Linked Wed Dec 14 18:59:34 2016

OUTPUT FILE NAME:   <bin/tda2xx-evm/edma3_drv_tda2xx_sample_c6xdsp_release.xe66>
ENTRY POINT SYMBOL: "_c_int00"  address: 83120c00


MEMORY CONFIGURATION

         name            origin    length      used     unused   attr    fill
----------------------  --------  ---------  --------  --------  ----  --------
  L2SRAM                00800000   00040000  00000000  00040000  RW X
  OCMC_RAM1             40300000   00080000  00000000  00080000  RW X
  OCMC_RAM2             40400000   00100000  00000000  00100000  RW X
  OCMC_RAM3             40500000   00100000  00000000  00100000  RW X
  CODE_CORE_DSP1        83100000   00700000  00022240  006dddc0  RW X
  PRIVATE_DATA_CORE_DSP 83800000   00800000  00027d08  007d82f8  RW X
  SHARED_FRAME_BUFFER   8a000000   04000000  00000000  04000000  RW X
  SHARED_CTRL           a0000000   01000000  00000000  01000000  RW X
  SHARED_LOG_MEM        a1000000   00700000  00000000  00700000  RW X
  SHARED_MEM            a2000000   01000000  00000000  01000000  RW X


SEGMENT ALLOCATION MAP

run origin  load origin   length   init length attrs members
----------  ----------- ---------- ----------- ----- -------
83100000    83100000    0001e7e0   0001e7e0    r-x
  83100000    83100000    0001e7e0   0001e7e0    r-x .text
8311e7e0    8311e7e0    00001df8   00000000    rw-
  8311e7e0    8311e7e0    00001df8   00000000    rw- .far
83120800    83120800    00000200   00000200    r-x
  83120800    83120800    00000200   00000200    r-x .vecs
83120c00    83120c00    00001a68   00001a68    r-x
  83120c00    83120c00    000000a0   000000a0    r-x .text:_c_int00
  83120ca0    83120ca0    000019c8   000019c8    r-- .cinit
83800000    83800000    0002099c   00000000    rw-
  83800000    83800000    0002099c   00000000    rw- .fardata
838209a0    838209a0    00004058   00004058    r--
  838209a0    838209a0    00003ff0   00003ff0    r-- .const
  83824990    83824990    00000068   00000068    r-- .switch.1
83824a00    83824a00    00002cc0   00000000    rw-
  83824a00    83824a00    00001cc0   00000000    rw- .my_sect_ddr
  838266c0    838266c0    00001000   00000000    rw- .stack
838276c0    838276c0    00000040   00000040    r--
  838276c0    838276c0    00000040   00000040    r-- .switch.2
83827700    83827700    000005e0   00000000    rw-
  83827700    83827700    000004c0   00000000    rw- .my_sect_iram
  83827bc0    83827bc0    00000120   00000000    rw- .cio
83827ce0    83827ce0    00000034   00000034    r--
  83827ce0    83827ce0    00000034   00000034    r-- .switch.3


SECTION ALLOCATION MAP

 output                                  attributes/
section   page    origin      length       input sections
--------  ----  ----------  ----------   ----------------
.stack     0    838266c0    00001000     UNINITIALIZED
                  838266c0    00000008     boot.ae66 : boot.oe66 (.stack)
                  838266c8    00000ff8     --HOLE--

.cinit     0    83120ca0    000019c8     
                  83120ca0    00001984     (.cinit..fardata.load) [load image, compression = rle]
                  83122624    0000000c     (__TI_handler_table)
                  83122630    00000008     (.cinit..far.load) [load image, compression = zero_init]
                  83122638    00000008     (.cinit..my_sect_ddr.load) [load image, compression = zero_init]
                  83122640    00000008     (.cinit..my_sect_iram.load) [load image, compression = zero_init]
                  83122648    00000020     (__TI_cinit_table)

.init_array 
*          0    83800000    00000000     UNINITIALIZED

.far       0    8311e7e0    00001df8     UNINITIALIZED
                  8311e7e0    00001000     (.common:ti_sysbios_heaps_HeapMem_Instance_State_0_buf__A)
                  8311f7e0    00000800     edma3_drv_bios6_tda2xx_st_sample_pe66.oe66 (.far:taskStackSection)
                  8311ffe0    00000400     (.common:xdc_runtime_SysMin_Module_State_0_outbuf__A)
                  831203e0    00000140     (.common:__TI_tmpnams)
                  83120520    00000014     (.common:edma3_dma_ch_max_val)
                  83120534    00000004     (.common:dsp_num)
                  83120538    00000014     (.common:edma3_link_ch_max_val)
                  8312054c    00000004     (.common:dsp_num_tmp)
                  83120550    00000014     (.common:edma3_link_ch_min_val)
                  83120564    00000004     (.common:dstBuff1)
                  83120568    00000014     (.common:edma3_log_ch_max_val)
                  8312057c    00000004     (.common:dstBuff2)
                  83120580    00000014     (.common:edma3_qdma_ch_max_val)
                  83120594    00000004     (.common:dstL1DBuff1)
                  83120598    00000014     (.common:edma3_qdma_ch_min_val)
                  831205ac    00000004     (.common:dstL1DBuff2)
                  831205b0    00000008     (.common:parmbuf)
                  831205b8    00000004     (.common:myCoreNum)
                  831205bc    00000004     (.common:pingpongDestBuf)
                  831205c0    00000004     (.common:pingpongDestBufCopy)
                  831205c4    00000004     (.common:pingpongSrcBuf)
                  831205c8    00000004     (.common:pingpongSrcBufCopy)
                  831205cc    00000004     (.common:region_id)
                  831205d0    00000004     (.common:srcBuff1)
                  831205d4    00000004     (.common:srcBuff2)

.vecs      0    83120800    00000200     
                  83120800    00000200     edma3_drv_bios6_tda2xx_st_sample_pe66.oe66 (.vecs)

.text:_c_int00 
*          0    83120c00    000000a0     
                  83120c00    000000a0     boot.ae66 : boot.oe66 (.text:_c_int00)

.my_sect_ddr 
*          0    83824a00    00001cc0     UNINITIALIZED
                  83824a00    00001b00     dma_ping_pong_test.oe66 (.my_sect_ddr)
                  83826500    000001c0     common.oe66 (.my_sect_ddr)

.my_sect_iram 
*          0    83827700    000004c0     UNINITIALIZED
                  83827700    000004c0     dma_ping_pong_test.oe66 (.my_sect_iram)

xdc.meta   0    83800000    000001d8     COPY SECTION
                  83800000    000001d8     edma3_drv_bios6_tda2xx_st_sample_pe66.oe66 (xdc.meta)

.text      0    83100000    0001e7e0     
                  83100000    000010a0     qdma_link_test.oe66 (.text:qdma_test_with_link)
                  831010a0    00000c60     edma3_lld_rm.ae66 : edma3resmgr.oe66 (.text:EDMA3_RM_allocResource)
                  83101d00    00000c20     edma3_lld_drv.ae66 : edma3_drv_basic.oe66 (.text:EDMA3_DRV_requestChannel)
                  83102920    00000920     dma_chain_test.oe66 (.text:edma3_test_with_chaining)
                  83103240    00000900     dma_ping_pong_test.oe66 (.text:edma3_test_ping_pong_mode)
                  83103b40    00000880     rts6600_elf.lib : _printfi.obj (.text:_pproc_diouxp)
                  831043c0    00000880     ti.targets.rts6000.ae66 : System.oe66 (.text:xdc_runtime_System_doPrint__I)
                  83104c40    00000800     dma_link_test.oe66 (.text:edma3_test_with_link)
                  83105440    00000800     sysbios.ae66 : BIOS.obj (.text:ti_sysbios_knl_Semaphore_pend__E)
                  83105c40    00000780     rts6600_elf.lib : _printfi.obj (.text:__TI_printfi)
                  831063c0    00000780     sysbios.ae66 : BIOS.obj (.text:ti_sysbios_family_c64p_Exception_handler__I)
                  83106b40    00000760     qdma_test.oe66 (.text:qdma_test)
                  831072a0    00000700     edma3_lld_rm.ae66 : edma3resmgr.oe66 (.text:edma3CCErrHandler)
                  831079a0    00000640                       : edma3resmgr.oe66 (.text:EDMA3_RM_open)
                  83107fe0    00000640     sysbios.ae66 : BIOS.obj (.text:ti_sysbios_heaps_HeapMem_allocUnprotected__E)
                  83108620    00000600     rts6600_elf.lib : divd.obj (.text:__c6xabi_divd)
                  83108c20    000005c0     main.oe66 (.text:echo)
                  831091e0    000005c0     sysbios.ae66 : BIOS.obj (.text:ti_sysbios_heaps_HeapMem_freeUnprotected__E)
                  831097a0    000005a0     rts6600_elf.lib : _printfi.obj (.text:_setfield)
                  83109d40    00000560                     : _printfi.obj (.text:_pconv_g)
                  8310a2a0    00000520     sysbios.ae66 : BIOS.obj (.text:ti_sysbios_knl_Task_Instance_finalize__E)
                  8310a7c0    000004e0     edma3_lld_rm.ae66 : edma3resmgr.oe66 (.text:edma3TCErrHandler)
                  8310aca0    000004e0     dma_test.oe66 (.text:edma3_test)
                  8310b180    000004a0     rts6600_elf.lib : _printfi.obj (.text:_pconv_e)
                  8310b620    00000480     edma3_lld_rm.ae66 : edma3resmgr.oe66 (.text:EDMA3_RM_create)
                  8310baa0    00000440                       : edma3resmgr.oe66 (.text:EDMA3_RM_freeResource)
                  8310bee0    00000440     rts6600_elf.lib : _printfi.obj (.text:_pconv_a)
                  8310c320    00000440     dma_poll_test.oe66 (.text:edma3_test_poll_mode)
                  8310c760    000003e0     sysbios.ae66 : BIOS.obj (.text:ti_sysbios_timers_dmtimer_Timer_checkFreq__I)
                  8310cb40    000003c0                  : BIOS.obj (.text:ti_sysbios_knl_Task_Module_startup__E)
                  8310cf00    000003a0     main.oe66 (.text:edma3MemToMemCpytest)
                  8310d2a0    000003a0     sysbios.ae66 : BIOS.obj (.text:ti_sysbios_knl_Task_Instance_init__E)
                  8310d640    00000380                  : BIOS.obj (.text:ti_sysbios_timers_dmtimer_Timer_deviceConfig__I)
                  8310d9c0    00000360     rts6600_elf.lib : _printfi.obj (.text:acvt)
                  8310dd20    00000360                     : fputs.obj (.text:fputs)
                  8310e080    00000340     sysbios.ae66 : BIOS.obj (.text:ti_sysbios_family_shared_vayu_IntXbar_connect__E)
                  8310e3c0    00000320     edma3_lld_drv.ae66 : edma3_drv_basic.oe66 (.text:EDMA3_DRV_freeChannel)
                  8310e6e0    00000320     rts6600_elf.lib : _printfi.obj (.text:_pproc_fgea)
                  8310ea00    00000320     edma3_lld_rm.ae66 : edma3resmgr.oe66 (.text:edma3ComplHandler)
                  8310ed20    000002e0     edma3_lld_drv.ae66 : edma3_drv_init.oe66 (.text:edma3OpenResMgr)
                  8310f000    000002e0                        : edma3_drv_basic.oe66 (.text:edma3RemoveMapping)
                  8310f2e0    000002e0     sysbios.ae66 : BIOS.obj (.text:ti_sysbios_heaps_HeapMem_Instance_init__E)
                  8310f5c0    000002c0     edma3_lld_drv.ae66 : edma3_drv_init.oe66 (.text:EDMA3_DRV_create)
                  8310f880    000002c0                        : edma3_drv_basic.oe66 (.text:EDMA3_DRV_disableTransfer)
                  8310fb40    000002c0                        : edma3_drv_init.oe66 (.text:EDMA3_DRV_open)
                  8310fe00    000002a0     rts6600_elf.lib : _printfi.obj (.text:_pproc_fwp)
                  831100a0    000002a0     sysbios.ae66 : BIOS.obj (.text:ti_sysbios_knl_Clock_workFunc__E)
                  83110340    000002a0                  : BIOS.obj (.text:ti_sysbios_knl_Semaphore_post__E)
                  831105e0    00000280     edma3_lld_drv.ae66 : edma3_drv_basic.oe66 (.text:EDMA3_DRV_setOptField)
                  83110860    00000280     rts6600_elf.lib : _printfi.obj (.text:_pconv_f)
                  83110ae0    00000280                     : _printfi.obj (.text:fcvt)
                  83110d60    00000280     sysbios.ae66 : BIOS.obj (.text:ti_sysbios_timers_dmtimer_Timer_setPeriodMicroSecs__E)
                  83110fe0    00000260     edma3_lld_drv.ae66 : edma3_drv_basic.oe66 (.text:EDMA3_DRV_enableTransfer)
                  83111240    00000260     sysbios.ae66 : BIOS.obj (.text:ti_sysbios_family_c64p_Hwi_dispatchCore__I)
                  831114a0    00000240     rts6600_elf.lib : imath64.obj (.text:__c6xabi_divull)
                  831116e0    00000240                     : _printfi.obj (.text:_ltostr)
                  83111920    00000240     edma3_lld_drv_sample.ae66 : sample_tda2xx_int_reg.oe66 (.text:registerEdma3Interrupts)
                  83111b60    00000240     rts6600_elf.lib : setvbuf.obj (.text:setvbuf)
                  83111da0    00000240     sysbios.ae66 : BIOS.obj (.text:ti_sysbios_family_c64p_Exception_internalHandler__I)
                  83111fe0    00000240     edma3_drv_bios6_tda2xx_st_sample_pe66.oe66 (.text:xdc_runtime_System_printfExtend__I)
                  83112220    00000220     edma3_lld_drv.ae66 : edma3_drv_basic.oe66 (.text:EDMA3_DRV_setDestParams)
                  83112440    00000220                        : edma3_drv_basic.oe66 (.text:EDMA3_DRV_setSrcParams)
                  83112660    00000220     dma_misc_test.oe66 (.text:edma3_misc_test)
                  83112880    00000220     edma3_lld_drv_sample.ae66 : sample_init.oe66 (.text:edma3init)
                  83112aa0    00000220     rts6600_elf.lib : fputc.obj (.text:fputc)
                  83112cc0    00000220     sysbios.ae66 : BIOS.obj (.text:ti_sysbios_knl_Swi_run__I)
                  83112ee0    00000220     ti.targets.rts6000.ae66 : Core-mem.oe66 (.text:xdc_runtime_Core_createObject__I)
                  83113100    00000200     edma3_lld_drv.ae66 : edma3_drv_adv.oe66 (.text:EDMA3_DRV_getPaRAMField)
                  83113300    00000200     sysbios.ae66 : c64p_Hwi_disp_always.obj (.text:_ti_sysbios_family_c64p_Hwi_dispatchAlways)
                  83113500    00000200                  : BIOS.obj (.text:ti_sysbios_family_c64p_EventCombiner_dispatchPlug__E)
                  83113700    00000200                  : BIOS.obj (.text:ti_sysbios_family_c64p_EventCombiner_dispatch__E)
                  83113900    000001e0     edma3_lld_rm.ae66 : edma3resmgr.oe66 (.text:EDMA3_RM_close)
                  83113ae0    000001e0                       : edma3resmgr.oe66 (.text:edma3ShadowRegionInit)
                  83113cc0    000001e0     sysbios.ae66 : BIOS.obj (.text:ti_sysbios_gates_GateMutex_enter__E)
                  83113ea0    000001e0                  : BIOS.obj (.text:ti_sysbios_knl_Task_checkStacks__E)
                  83114080    000001e0                  : BIOS.obj (.text:ti_sysbios_knl_Task_exit__E)
                  83114260    000001e0     ti.targets.rts6000.ae66 : Error.oe66 (.text:xdc_runtime_Error_policyDefault__E)
                  83114440    000001e0                             : Startup.oe66 (.text:xdc_runtime_Startup_startMods__I)
                  83114620    000001c0     rts6600_elf.lib : imath40.obj (.text:__c6xabi_divul)
                  831147e0    000001c0     ti.targets.rts6000.ae66 : Text.oe66 (.text:xdc_runtime_Text_putSite__E)
                  831149a0    000001a0     edma3_lld_drv.ae66 : edma3_drv_adv.oe66 (.text:EDMA3_DRV_chainChannel)
                  83114b40    000001a0     rts6600_elf.lib : trgdrv.obj (.text:HOSTrename)
                  83114ce0    000001a0                     : frexp.obj (.text:frexp)
                  83114e80    000001a0                     : lowlev.obj (.text:getdevice)
                  83115020    000001a0     sysbios.ae66 : BIOS.obj (.text:ti_sysbios_family_c66_Cache_getL2InitSize__I)
                  831151c0    000001a0                  : BIOS.obj (.text:ti_sysbios_knl_Task_postInit__I)
                  83115360    000001a0                  : BIOS.obj (.text:ti_sysbios_knl_Task_schedule__I)
                  83115500    00000180     edma3_lld_drv.ae66 : edma3_drv_adv.oe66 (.text:EDMA3_DRV_linkChannel)
                  83115680    00000180     edma3_lld_rm.ae66 : edma3resmgr.oe66 (.text:EDMA3_RM_registerTccCb)
                  83115800    00000180                       : edma3resmgr.oe66 (.text:EDMA3_RM_unregisterTccCb)
                  83115980    00000180     main.oe66 (.text:printWelcomeBanner)
                  83115b00    00000180     sysbios.ae66 : c64p_Exception_asm.obj (.text)
                  83115c80    00000180                  : BIOS.obj (.text:ti_sysbios_family_c66_Cache_block__I)
                  83115e00    00000180                  : BIOS.obj (.text:ti_sysbios_knl_Task_startCore__E)
                  83115f80    00000180                  : BIOS.obj (.text:ti_sysbios_timers_dmtimer_Timer_start__E)
                  83116100    00000180     ti.targets.rts6000.ae66 : Core-smem.oe66 (.text:xdc_runtime_Core_constructObject__I)
                  83116280    00000160     edma3_lld_drv.ae66 : edma3_drv_init.oe66 (.text:EDMA3_DRV_close)
                  831163e0    00000160     edma3_lld_rm.ae66 : edma3resmgr.oe66 (.text:edma3GlobalRegionInit)
                  83116540    00000160     sysbios.ae66 : BIOS.obj (.text:ti_sysbios_knl_Swi_post__E)
                  831166a0    00000140     edma3_lld_drv.ae66 : edma3_drv_adv.oe66 (.text:EDMA3_DRV_setCCRegister)
                  831167e0    00000140                        : edma3_drv_adv.oe66 (.text:EDMA3_DRV_setPaRAM)
                  83116920    00000140                        : edma3_drv_basic.oe66 (.text:EDMA3_DRV_setTransferParams)
                  83116a60    00000140     rts6600_elf.lib : fclose.obj (.text:__TI_closefile)
                  83116ba0    00000140     boot.ae66 : autoinit.oe66 (.text:_auto_init_elf)
                  83116ce0    00000140     rts6600_elf.lib : fflush.obj (.text:fflush)
                  83116e20    00000140                     : ldexp.obj (.text:ldexp)
                  83116f60    00000140     sysbios.ae66 : BIOS.obj (.text:ti_sysbios_family_c64p_Hwi_Module_startup__E)
                  831170a0    00000140                  : BIOS.obj (.text:ti_sysbios_family_c66_Cache_getL1DInitSize__I)
                  831171e0    00000140                  : BIOS.obj (.text:ti_sysbios_family_c66_Cache_getL1PInitSize__I)
                  83117320    00000140                  : BIOS.obj (.text:ti_sysbios_family_c66_Cache_startup__I)
                  83117460    00000140                  : BIOS.obj (.text:ti_sysbios_knl_Semaphore_Instance_init__E)
                  831175a0    00000140                  : BIOS.obj (.text:ti_sysbios_knl_Task_blockI__E)
                  831176e0    00000120     edma3_lld_drv.ae66 : edma3_drv_basic.oe66 (.text:EDMA3_DRV_setDestIndex)
                  83117800    00000120                        : edma3_drv_basic.oe66 (.text:EDMA3_DRV_setSrcIndex)
                  83117920    00000120                        : edma3_drv_adv.oe66 (.text:EDMA3_DRV_waitAndClearTcc)
                  83117a40    00000120     edma3_lld_rm.ae66 : edma3resmgr.oe66 (.text:edma3MemCpy)
                  83117b60    00000120     rts6600_elf.lib : fseek.obj (.text:fseek)
                  83117c80    00000120     dma_ping_pong_test.oe66 (.text:process_ping_pong_buffer)
                  83117da0    00000120     sysbios.ae66 : BIOS.obj (.text:ti_sysbios_family_shared_vayu_IntXbar_initIntXbar__I)
                  83117ec0    00000120                  : BIOS.obj (.text:ti_sysbios_family_shared_vayu_IntXbar_initXbarRegs__I)
                  83117fe0    00000120                  : BIOS.obj (.text:ti_sysbios_knl_Swi_restoreHwi__E)
                  83118100    00000120                  : BIOS.obj (.text:ti_sysbios_timers_dmtimer_Timer_Module_startup__E)
                  83118220    00000120                  : BIOS.obj (.text:ti_sysbios_timers_dmtimer_Timer_initDevice__I)
                  83118340    00000120     ti.targets.rts6000.ae66 : Core-mem.oe66 (.text:xdc_runtime_Core_deleteObject__I)
                  83118460    00000120                             : Text.oe66 (.text:xdc_runtime_Text_putLab__E)
                  83118580    00000120                             : Text.oe66 (.text:xdc_runtime_Text_putMod__E)
                  831186a0    00000100     edma3_lld_drv.ae66 : edma3_drv_basic.oe66 (.text:EDMA3_DRV_clearErrorBits)
                  831187a0    00000100                        : edma3_drv_adv.oe66 (.text:EDMA3_DRV_setPaRAMEntry)
                  831188a0    00000100     rts6600_elf.lib : trgdrv.obj (.text:HOSTlseek)
                  831189a0    00000100                     : copy_decompress_rle.obj (.text:__TI_decompress_rle_core)
                  83118aa0    00000100                     : _io_perm.obj (.text:__TI_wrt_ok)
                  83118ba0    00000100                     : atoi.obj (.text:atoi)
                  83118ca0    00000100     sysbios.ae66 : BIOS.obj (.text:ti_sysbios_knl_Swi_schedule__I)
                  83118da0    00000100                  : BIOS.obj (.text:ti_sysbios_knl_Task_unblockI__E)
                  83118ea0    00000100     ti.targets.rts6000.ae66 : Startup.oe66 (.text:xdc_runtime_Startup_exec__E)
                  83118fa0    000000e0     edma3_lld_drv.ae66 : edma3_drv_init.oe66 (.text:EDMA3_DRV_delete)
                  83119080    000000e0                        : edma3_drv_adv.oe66 (.text:EDMA3_DRV_getPaRAMPhyAddr)
                  83119160    000000e0                        : edma3_drv_adv.oe66 (.text:EDMA3_DRV_setQdmaTrigWord)
                  83119240    000000e0     edma3_lld_rm.ae66 : edma3resmgr.oe66 (.text:EDMA3_RM_delete)
                  83119320    000000e0     rts6600_elf.lib : trgdrv.obj (.text:HOSTopen)
                  83119400    000000e0                     : trgdrv.obj (.text:HOSTwrite)
                  831194e0    000000e0                     : lowlev.obj (.text:close)
                  831195c0    000000e0     edma3_lld_rm.ae66 : edma3resmgr.oe66 (.text:edma3MemZero)
                  831196a0    000000e0     edma3_lld_drv_sample.ae66 : sample_cs.oe66 (.text:edma3OsProtectEntry)
                  83119780    000000e0     rts6600_elf.lib : ltoa.obj (.text:ltoa)
                  83119860    000000e0                     : memset.obj (.text:memset)
                  83119940    000000e0                     : printf.obj (.text:printf)
                  83119a20    000000e0     sysbios.ae66 : BIOS.obj (.text:ti_sysbios_knl_Swi_runLoop__I)
                  83119b00    000000e0                  : BIOS.obj (.text:ti_sysbios_knl_Swi_startup__E)
                  83119be0    000000e0                  : BIOS.obj (.text:ti_sysbios_timers_dmtimer_Timer_startup__E)
                  83119cc0    000000e0     ti.targets.rts6000.ae66 : Error.oe66 (.text:xdc_runtime_Error_print__E)
                  83119da0    000000e0                             : Memory.oe66 (.text:xdc_runtime_Memory_alloc__E)
                  83119e80    000000e0                             : Text.oe66 (.text:xdc_runtime_Text_visitRope2__I)
                  83119f60    000000c0     rts6600_elf.lib : trgdrv.obj (.text:HOSTread)
                  8311a020    000000c0                     : trgdrv.obj (.text:HOSTunlink)
                  8311a0e0    000000c0                     : fflush.obj (.text:__TI_doflush)
                  8311a1a0    000000c0                     : divu.obj (.text:__divu)
                  8311a260    000000c0     edma3_lld_drv_sample.ae66 : sample_cs.oe66 (.text:edma3OsProtectExit)
                  8311a320    000000c0     rts6600_elf.lib : exit.obj (.text:exit)
                  8311a3e0    000000c0     sysbios.ae66 : BIOS.obj (.text:ti_sysbios_heaps_HeapMem_alloc__E)
                  8311a4a0    000000c0                  : BIOS.obj (.text:ti_sysbios_heaps_HeapMem_getStats__E)
                  8311a560    000000c0                  : BIOS.obj (.text:ti_sysbios_knl_Clock_logTick__E)
                  8311a620    000000c0                  : BIOS.obj (.text:ti_sysbios_knl_Task_allBlockedFunction__I)
                  8311a6e0    000000c0     edma3_drv_bios6_tda2xx_st_sample_pe66.oe66 (.text:ti_sysbios_knl_Task_create)
                  8311a7a0    000000c0     sysbios.ae66 : BIOS.obj (.text:ti_sysbios_timers_dmtimer_Timer_stop__E)
                  8311a860    000000c0     rts6600_elf.lib : tls.obj (.text:tls:init:__TI_tls_init)
                  8311a920    000000c0     edma3_lld_drv_sample.ae66 : sample_tda2xx_int_reg.oe66 (.text:unregisterEdma3Interrupts)
                  8311a9e0    000000c0     ti.targets.rts6000.ae66 : System.oe66 (.text:xdc_runtime_System_formatNum__I)
                  8311aaa0    000000a0     edma3_lld_drv.ae66 : edma3_drv_adv.oe66 (.text:EDMA3_DRV_getCCRegister)
                  8311ab40    000000a0                        : edma3_drv_init.oe66 (.text:EDMA3_DRV_initXbarEventMap)
                  8311abe0    000000a0     rts6600_elf.lib : trgdrv.obj (.text:HOSTclose)
                  8311ac80    000000a0                     : fopen.obj (.text:__TI_cleanup)
                  8311ad20    000000a0                     : remu.obj (.text:__remu)
                  8311adc0    000000a0     edma3_lld_drv_sample.ae66 : sample_init.oe66 (.text:edma3deinit)
                  8311ae60    000000a0     rts6600_elf.lib : memcpy64.obj (.text:memcpy)
                  8311af00    000000a0     edma3_lld_drv_sample.ae66 : sample_tda2xx_int_reg.oe66 (.text:sampleConfigScr)
                  8311afa0    000000a0     sysbios.ae66 : BIOS.obj (.text:ti_sysbios_family_c64p_Exception_Module_startup__E)
                  8311b040    000000a0                  : BIOS.obj (.text:ti_sysbios_family_c64p_Hwi_dispatchC__I)
                  8311b0e0    000000a0                  : BIOS.obj (.text:ti_sysbios_family_c64p_Hwi_getStackInfo__E)
                  8311b180    000000a0                  : BIOS.obj (.text:ti_sysbios_heaps_HeapMem_init__I)
                  8311b220    000000a0     ti.targets.rts6000.ae66 : Assert.oe66 (.text:xdc_runtime_Assert_raise__I)
                  8311b2c0    000000a0                             : Error.oe66 (.text:xdc_runtime_Error_setX__E)
                  8311b360    000000a0                             : SysMin.oe66 (.text:xdc_runtime_SysMin_abort__E)
                  8311b400    000000a0                             : SysMin.oe66 (.text:xdc_runtime_SysMin_flush__E)
                  8311b4a0    000000a0                             : SysMin.oe66 (.text:xdc_runtime_SysMin_putch__E)
                  8311b540    000000a0                             : Text.oe66 (.text:xdc_runtime_Text_xprintf__I)
                  8311b5e0    00000080     edma3_lld_rm.ae66 : edma3resmgr.oe66 (.text:EDMA3_RM_initXbarEventMap)
                  8311b660    00000080     rts6600_elf.lib : trgmsg.obj (.text:__TI_readmsg)
                  8311b6e0    00000080                     : trgmsg.obj (.text:__TI_writemsg)
                  8311b760    00000080                     : llshift.obj (.text:__c6xabi_llshl)
                  8311b7e0    00000080     sysbios.ae66 : c62_TaskSupport_asm.obj (.text:_ti_sysbios_family_c62_TaskSupport_swap__E)
                  8311b860    00000080     common.oe66 (.text:callback1)
                  8311b8e0    00000080     common.oe66 (.text:callback2)
                  8311b960    00000080     edma3_lld_rm.ae66 : edma3resmgr.oe66 (.text:edma3ParamCpy)
                  8311b9e0    00000080     edma3_lld_drv_sample.ae66 : sample_tda2xx_int_reg.oe66 (.text:sampleInitXbarEvt)
                  8311ba60    00000080     edma3_drv_bios6_tda2xx_st_sample_pe66.oe66 (.text:ti_sysbios_BIOS_atExitFunc__I)
                  8311bae0    00000080     edma3_drv_bios6_tda2xx_st_sample_pe66.oe66 (.text:ti_sysbios_BIOS_registerRTSLock__I)
                  8311bb60    00000080     edma3_drv_bios6_tda2xx_st_sample_pe66.oe66 (.text:ti_sysbios_gates_GateHwi_Object__create__S)
                  8311bbe0    00000080     edma3_drv_bios6_tda2xx_st_sample_pe66.oe66 (.text:ti_sysbios_gates_GateMutex_Object__create__S)
                  8311bc60    00000080     sysbios.ae66 : BIOS.obj (.text:ti_sysbios_hal_Hwi_checkStack)
                  8311bce0    00000080                  : BIOS.obj (.text:ti_sysbios_hal_Hwi_initStack)
                  8311bd60    00000080     edma3_drv_bios6_tda2xx_st_sample_pe66.oe66 (.text:ti_sysbios_heaps_HeapMem_Object__create__S)
                  8311bde0    00000080     edma3_drv_bios6_tda2xx_st_sample_pe66.oe66 (.text:ti_sysbios_knl_Clock_doTick__I)
                  8311be60    00000080     sysbios.ae66 : BIOS.obj (.text:ti_sysbios_knl_Idle_run__E)
                  8311bee0    00000080     edma3_drv_bios6_tda2xx_st_sample_pe66.oe66 (.text:ti_sysbios_knl_Semaphore_create)
                  8311bf60    00000080     sysbios.ae66 : BIOS.obj (.text:ti_sysbios_knl_Semaphore_pendTimeout__I)
                  8311bfe0    00000080                  : BIOS.obj (.text:ti_sysbios_knl_Task_enable__E)
                  8311c060    00000080                  : BIOS.obj (.text:ti_sysbios_knl_Task_processVitalTaskFlag__I)
                  8311c0e0    00000080     main.oe66 (.text:tskHeartBit)
                  8311c160    00000080     rts6600_elf.lib : lowlev.obj (.text:unlink)
                  8311c1e0    00000080     ti.targets.rts6000.ae66 : Core-label.oe66 (.text:xdc_runtime_Core_assignLabel__I)
                  8311c260    00000080                             : Core-params.oe66 (.text:xdc_runtime_Core_assignParams__I)
                  8311c2e0    00000080     edma3_drv_bios6_tda2xx_st_sample_pe66.oe66 (.text:xdc_runtime_SysMin_output__I)
                  8311c360    00000080     ti.targets.rts6000.ae66 : System.oe66 (.text:xdc_runtime_System_atexit__E)
                  8311c3e0    00000080                             : System.oe66 (.text:xdc_runtime_System_processAtExit__E)
                  8311c460    00000080                             : System.oe66 (.text:xdc_runtime_System_putchar__I)
                  8311c4e0    00000080                             : Text.oe66 (.text:xdc_runtime_Text_printVisFxn__I)
                  8311c560    00000060     rts6600_elf.lib : frcmpyd_div.obj (.text:__TI_frcmpyd_div)
                  8311c5c0    00000060                     : llshift.obj (.text:__c6xabi_llshru)
                  8311c620    00000060     sysbios.ae66 : c64p_Hwi_asm_switch.obj (.text:_ti_sysbios_family_c64p_Hwi_switchAndDispatch__I)
                  8311c680    00000060                  : c64p_Hwi_asm_switch.obj (.text:_ti_sysbios_family_xxx_Hwi_switchAndRunFunc)
                  8311c6e0    00000060     main.oe66 (.text:bypassCore)
                  8311c740    00000060     edma3_lld_drv_sample.ae66 : sample_cs.oe66 (.text:edma3OsSemCreate)
                  8311c7a0    00000060                               : sample_cs.oe66 (.text:edma3OsSemTake)
                  8311c800    00000060     rts6600_elf.lib : lowlev.obj (.text:lseek)
                  8311c860    00000060     edma3_drv_bios6_tda2xx_st_sample_pe66.oe66 (.text:malloc)
                  8311c8c0    00000060     rts6600_elf.lib : memccpy.obj (.text:memccpy)
                  8311c920    00000060     edma3_drv_bios6_tda2xx_st_sample_pe66.oe66 (.text:ti_sysbios_BIOS_errorRaiseHook__I)
                  8311c980    00000060     edma3_drv_bios6_tda2xx_st_sample_pe66.oe66 (.text:ti_sysbios_BIOS_removeRTSLock__I)
                  8311c9e0    00000060     edma3_drv_bios6_tda2xx_st_sample_pe66.oe66 (.text:ti_sysbios_BIOS_startFunc__I)
                  8311ca40    00000060     sysbios.ae66 : BIOS.obj (.text:ti_sysbios_family_c62_TaskSupport_start__E)
                  8311caa0    00000060                  : BIOS.obj (.text:ti_sysbios_family_c64p_EventCombiner_Module_startup__E)
                  8311cb00    00000060                  : BIOS.obj (.text:ti_sysbios_family_c64p_EventCombiner_unused__E)
                  8311cb60    00000060                  : BIOS.obj (.text:ti_sysbios_family_c66_Cache_Module_startup__E)
                  8311cbc0    00000060     edma3_drv_bios6_tda2xx_st_sample_pe66.oe66 (.text:ti_sysbios_gates_GateMutex_Object__delete__S)
                  8311cc20    00000060     sysbios.ae66 : BIOS.obj (.text:ti_sysbios_heaps_HeapMem_free__E)
                  8311cc80    00000060     edma3_drv_bios6_tda2xx_st_sample_pe66.oe66 (.text:ti_sysbios_knl_Queue_construct)
                  8311cce0    00000060     edma3_drv_bios6_tda2xx_st_sample_pe66.oe66 (.text:ti_sysbios_knl_Semaphore_Object__delete__S)
                  8311cd40    00000060     edma3_drv_bios6_tda2xx_st_sample_pe66.oe66 (.text:ti_sysbios_knl_Semaphore_construct)
                  8311cda0    00000060     sysbios.ae66 : BIOS.obj (.text:ti_sysbios_knl_Swi_Module_startup__E)
                  8311ce00    00000060                  : BIOS.obj (.text:ti_sysbios_knl_Task_enter__I)
                  8311ce60    00000060     rts6600_elf.lib : lowlev.obj (.text:write)
                  8311cec0    00000060     ti.targets.rts6000.ae66 : Memory.oe66 (.text:xdc_runtime_Memory_valloc__E)
                  8311cf20    00000060                             : SysMin.oe66 (.text:xdc_runtime_SysMin_Module_startup__E)
                  8311cf80    00000060                             : SysMin.oe66 (.text:xdc_runtime_SysMin_exit__E)
                  8311cfe0    00000060                             : System.oe66 (.text:xdc_runtime_System_avprintf__E)
                  8311d040    00000060                             : System.oe66 (.text:xdc_runtime_System_vprintf__E)
                  8311d0a0    00000060                             : Text.oe66 (.text:xdc_runtime_Text_cordText__E)
                  8311d100    00000040     edma3_lld_drv_sample.ae66 : sample_cs.oe66 (.text:Edma3_CacheFlush)
                  8311d140    00000040                               : sample_cs.oe66 (.text:Edma3_CacheInvalidate)
                  8311d180    00000040     rts6600_elf.lib : assert.obj (.text:__c6xabi_abort_msg)
                  8311d1c0    00000040                     : isinf.obj (.text:__c6xabi_isinf)
                  8311d200    00000040                     : _printfi.obj (.text:__c6xabi_isnan)
                  8311d240    00000040                     : strasg.obj (.text:__strasgi_64plus)
                  8311d280    00000040                     : args_main.obj (.text:_args_main)
                  8311d2c0    00000040                     : imath64.obj (.text:_subcull)
                  8311d300    00000040     sysbios.ae66 : c62_TaskSupport_asm.obj (.text:_ti_sysbios_family_c62_TaskSupport_buildTaskStack)
                  8311d340    00000040     edma3_lld_drv_sample.ae66 : sample_tda2xx_cfg.oe66 (.text:determineProcId)
                  8311d380    00000040                               : sample_cs.oe66 (.text:edma3OsSemDelete)
                  8311d3c0    00000040                               : sample_cs.oe66 (.text:edma3OsSemGive)
                  8311d400    00000040     edma3_drv_bios6_tda2xx_st_sample_pe66.oe66 (.text:free)
                  8311d440    00000040     main.oe66 (.text:main)
                  8311d480    00000040     edma3_lld_drv_sample.ae66 : sample_tda2xx_int_reg.oe66 (.text:sampleMapXbarEvtToChan)
                  8311d4c0    00000040     edma3_drv_bios6_tda2xx_st_sample_pe66.oe66 (.text:ti_sysbios_BIOS_exitFunc__I)
                  8311d500    00000040     edma3_drv_bios6_tda2xx_st_sample_pe66.oe66 (.text:ti_sysbios_BIOS_rtsLock__I)
                  8311d540    00000040     edma3_drv_bios6_tda2xx_st_sample_pe66.oe66 (.text:ti_sysbios_BIOS_rtsUnlock__I)
                  8311d580    00000040     sysbios.ae66 : BIOS.obj (.text:ti_sysbios_family_c64p_EventCombiner_disableEvent__E)
                  8311d5c0    00000040                  : BIOS.obj (.text:ti_sysbios_family_c64p_EventCombiner_enableEvent__E)
                  8311d600    00000040                  : BIOS.obj (.text:ti_sysbios_family_c64p_Hwi_disableInterrupt__E)
                  8311d640    00000040                  : BIOS.obj (.text:ti_sysbios_family_c64p_Hwi_enableInterrupt__E)
                  8311d680    00000040     edma3_drv_bios6_tda2xx_st_sample_pe66.oe66 (.text:ti_sysbios_gates_GateHwi_Handle__label__S)
                  8311d6c0    00000040     edma3_drv_bios6_tda2xx_st_sample_pe66.oe66 (.text:ti_sysbios_gates_GateHwi_Object__delete__S)
                  8311d700    00000040     edma3_drv_bios6_tda2xx_st_sample_pe66.oe66 (.text:ti_sysbios_gates_GateMutex_Handle__label__S)
                  8311d740    00000040     sysbios.ae66 : BIOS.obj (.text:ti_sysbios_gates_GateMutex_Instance_init__E)
                  8311d780    00000040                  : BIOS.obj (.text:ti_sysbios_gates_GateMutex_leave__E)
                  8311d7c0    00000040     edma3_drv_bios6_tda2xx_st_sample_pe66.oe66 (.text:ti_sysbios_heaps_HeapMem_Handle__label__S)
                  8311d800    00000040     edma3_drv_bios6_tda2xx_st_sample_pe66.oe66 (.text:ti_sysbios_heaps_HeapMem_Object__delete__S)
                  8311d840    00000040     edma3_drv_bios6_tda2xx_st_sample_pe66.oe66 (.text:ti_sysbios_heaps_HeapMem_Object__get__S)
                  8311d880    00000040     edma3_drv_bios6_tda2xx_st_sample_pe66.oe66 (.text:ti_sysbios_knl_Semaphore_Object__destruct__S)
                  8311d8c0    00000040     edma3_drv_bios6_tda2xx_st_sample_pe66.oe66 (.text:ti_sysbios_knl_Swi_Object__get__S)
                  8311d900    00000040     edma3_drv_bios6_tda2xx_st_sample_pe66.oe66 (.text:ti_sysbios_knl_Task_Object__get__S)
                  8311d940    00000040     sysbios.ae66 : BIOS.obj (.text:ti_sysbios_timers_dmtimer_Timer_stub__E)
                  8311d980    00000040     ti.targets.rts6000.ae66 : Error.oe66 (.text:xdc_runtime_Error_check__E)
                  8311d9c0    00000040                             : Error.oe66 (.text:xdc_runtime_Error_init__E)
                  8311da00    00000040                             : Memory.oe66 (.text:xdc_runtime_Memory_free__E)
                  8311da40    00000040                             : Registry.oe66 (.text:xdc_runtime_Registry_findById__E)
                  8311da80    00000040                             : System.oe66 (.text:xdc_runtime_System_abort__E)
                  8311dac0    00000040     edma3_drv_bios6_tda2xx_st_sample_pe66.oe66 (.text:xdc_runtime_System_aprintf__E)
                  8311db00    00000040     ti.targets.rts6000.ae66 : System.oe66 (.text:xdc_runtime_System_exit__E)
                  8311db40    00000040     edma3_drv_bios6_tda2xx_st_sample_pe66.oe66 (.text:xdc_runtime_System_printf__E)
                  8311db80    00000040     ti.targets.rts6000.ae66 : Text.oe66 (.text:xdc_runtime_Text_ropeText__E)
                  8311dbc0    00000020     edma3_lld_drv.ae66 : edma3_drv_basic.oe66 (.text:EDMA3_DRV_getVersion)
                  8311dbe0    00000020                        : edma3_drv_basic.oe66 (.text:EDMA3_DRV_getVersionStr)
                  8311dc00    00000020     rts6600_elf.lib : errno.obj (.text:__c6xabi_errno_addr)
                  8311dc20    00000020     ti.targets.rts6000.ae66 : xdc_noinit.oe66 (.text:__xdc__init)
                  8311dc40    00000020     rts6600_elf.lib : _lock.obj (.text:_nop)
                  8311dc60    00000020                     : printf.obj (.text:_outc)
                  8311dc80    00000020                     : printf.obj (.text:_outs)
                  8311dca0    00000020                     : _lock.obj (.text:_register_lock)
                  8311dcc0    00000020                     : _data_synch.obj (.text:_register_synch_api)
                  8311dce0    00000020                     : _lock.obj (.text:_register_unlock)
                  8311dd00    00000020     sysbios.ae66 : c62_TaskSupport_asm.obj (.text:_ti_sysbios_family_c62_TaskSupport_glue)
                  8311dd20    00000020     rts6600_elf.lib : exit.obj (.text:abort)
                  8311dd40    00000020                     : copy_zero_init.obj (.text:decompress:ZI:__TI_zero_init)
                  8311dd60    00000020                     : copy_decompress_none.obj (.text:decompress:none:__TI_decompress_none)
                  8311dd80    00000020                     : copy_decompress_rle.obj (.text:decompress:rle24:__TI_decompress_rle24)
                  8311dda0    00000020     edma3_lld_drv_sample.ae66 : sample_tda2xx_cfg.oe66 (.text:getGlobalAddr)
                  8311ddc0    00000020                               : sample_tda2xx_cfg.oe66 (.text:isGblConfigRequired)
                  8311dde0    00000020     edma3_lld_rm.ae66 : edma3resmgr.oe66 (.text:lisrEdma3CCErrHandler0)
                  8311de00    00000020                       : edma3resmgr.oe66 (.text:lisrEdma3ComplHandler0)
                  8311de20    00000020                       : edma3resmgr.oe66 (.text:lisrEdma3TC0ErrHandler0)
                  8311de40    00000020                       : edma3resmgr.oe66 (.text:lisrEdma3TC1ErrHandler0)
                  8311de60    00000020                       : edma3resmgr.oe66 (.text:lisrEdma3TC2ErrHandler0)
                  8311de80    00000020                       : edma3resmgr.oe66 (.text:lisrEdma3TC3ErrHandler0)
                  8311dea0    00000020                       : edma3resmgr.oe66 (.text:lisrEdma3TC4ErrHandler0)
                  8311dec0    00000020                       : edma3resmgr.oe66 (.text:lisrEdma3TC5ErrHandler0)
                  8311dee0    00000020                       : edma3resmgr.oe66 (.text:lisrEdma3TC6ErrHandler0)
                  8311df00    00000020                       : edma3resmgr.oe66 (.text:lisrEdma3TC7ErrHandler0)
                  8311df20    00000020     dsp_timer.oe66 (.text:mainDsp1TimerTick)
                  8311df40    00000020     edma3_drv_bios6_tda2xx_st_sample_pe66.oe66 (.text:ti_sysbios_BIOS_RtsGateProxy_enter__E)
                  8311df60    00000020     edma3_drv_bios6_tda2xx_st_sample_pe66.oe66 (.text:ti_sysbios_BIOS_RtsGateProxy_leave__E)
                  8311df80    00000020     sysbios.ae66 : BIOS.obj (.text:ti_sysbios_BIOS_getCpuFreq__E)
                  8311dfa0    00000020                  : BIOS.obj (.text:ti_sysbios_BIOS_linkedWithIncorrectBootLibrary__E)
                  8311dfc0    00000020     edma3_drv_bios6_tda2xx_st_sample_pe66.oe66 (.text:ti_sysbios_BIOS_nullFunc__I)
                  8311dfe0    00000020     sysbios.ae66 : BIOS.obj (.text:ti_sysbios_BIOS_setThreadType__E)
                  8311e000    00000020                  : BIOS.obj (.text:ti_sysbios_BIOS_start__E)
                  8311e020    00000020     edma3_drv_bios6_tda2xx_st_sample_pe66.oe66 (.text:ti_sysbios_family_c62_TaskSupport_Module__startupDone__S)
                  8311e040    00000020     sysbios.ae66 : BIOS.obj (.text:ti_sysbios_family_c62_TaskSupport_checkStack__E)
                  8311e060    00000020                  : BIOS.obj (.text:ti_sysbios_family_c62_TaskSupport_getStackAlignment__E)
                  8311e080    00000020     edma3_drv_bios6_tda2xx_st_sample_pe66.oe66 (.text:ti_sysbios_family_c64p_Hwi_Module__startupDone__F)
                  8311e0a0    00000020     sysbios.ae66 : BIOS.obj (.text:ti_sysbios_family_c64p_Hwi_clearInterrupt__E)
                  8311e0c0    00000020                  : BIOS.obj (.text:ti_sysbios_family_c64p_Hwi_startup__E)
                  8311e0e0    00000020                  : BIOS.obj (.text:ti_sysbios_family_c64p_Hwi_switchFromBootStack__E)
                  8311e100    00000020                  : BIOS.obj (.text:ti_sysbios_family_c64p_TimestampProvider_Module_startup__E)
                  8311e120    00000020                  : BIOS.obj (.text:ti_sysbios_family_c64p_TimestampProvider_get32__E)
                  8311e140    00000020                  : BIOS.obj (.text:ti_sysbios_family_c66_Cache_RTSSynchInv__I)
                  8311e160    00000020                  : BIOS.obj (.text:ti_sysbios_family_c66_Cache_RTSSynchWbInv__I)
                  8311e180    00000020                  : BIOS.obj (.text:ti_sysbios_family_c66_Cache_RTSSynchWb__I)
                  8311e1a0    00000020                  : BIOS.obj (.text:ti_sysbios_family_c66_Cache_inv__E)
                  8311e1c0    00000020                  : BIOS.obj (.text:ti_sysbios_family_c66_Cache_wait__E)
                  8311e1e0    00000020                  : BIOS.obj (.text:ti_sysbios_family_c66_Cache_wb__E)
                  8311e200    00000020     edma3_drv_bios6_tda2xx_st_sample_pe66.oe66 (.text:ti_sysbios_family_shared_vayu_TimerSupport_Module__startupDone__F)
                  8311e220    00000020     sysbios.ae66 : BIOS.obj (.text:ti_sysbios_family_shared_vayu_TimerSupport_Module_startup__E)
                  8311e240    00000020                  : BIOS.obj (.text:ti_sysbios_family_shared_vayu_TimerSupport_enable__E)
                  8311e260    00000020                  : BIOS.obj (.text:ti_sysbios_gates_GateHwi_Instance_init__E)
                  8311e280    00000020                  : BIOS.obj (.text:ti_sysbios_gates_GateHwi_enter__E)
                  8311e2a0    00000020                  : BIOS.obj (.text:ti_sysbios_gates_GateHwi_leave__E)
                  8311e2c0    00000020                  : BIOS.obj (.text:ti_sysbios_gates_GateHwi_query__E)
                  8311e2e0    00000020                  : BIOS.obj (.text:ti_sysbios_gates_GateMutex_Instance_finalize__E)
                  8311e300    00000020                  : BIOS.obj (.text:ti_sysbios_gates_GateMutex_query__E)
                  8311e320    00000020                  : BIOS.obj (.text:ti_sysbios_hal_Hwi_Module_startup__E)
                  8311e340    00000020     edma3_drv_bios6_tda2xx_st_sample_pe66.oe66 (.text:ti_sysbios_hal_TimerNull_Module__startupDone__S)
                  8311e360    00000020     edma3_drv_bios6_tda2xx_st_sample_pe66.oe66 (.text:ti_sysbios_heaps_HeapMem_Module_GateProxy_enter__E)
                  8311e380    00000020     edma3_drv_bios6_tda2xx_st_sample_pe66.oe66 (.text:ti_sysbios_heaps_HeapMem_Module_GateProxy_leave__E)
                  8311e3a0    00000020     sysbios.ae66 : BIOS.obj (.text:ti_sysbios_heaps_HeapMem_isBlocking__E)
                  8311e3c0    00000020                  : BIOS.obj (.text:ti_sysbios_knl_Clock_Module_startup__E)
                  8311e3e0    00000020                  : BIOS.obj (.text:ti_sysbios_knl_Clock_tick__E)
                  8311e400    00000020                  : BIOS.obj (.text:ti_sysbios_knl_Idle_loop__E)
                  8311e420    00000020                  : BIOS.obj (.text:ti_sysbios_knl_Queue_Instance_init__E)
                  8311e440    00000020     edma3_drv_bios6_tda2xx_st_sample_pe66.oe66 (.text:ti_sysbios_knl_Queue_Object__destruct__S)
                  8311e460    00000020     edma3_drv_bios6_tda2xx_st_sample_pe66.oe66 (.text:ti_sysbios_knl_Queue_Object__get__S)
                  8311e480    00000020     edma3_drv_bios6_tda2xx_st_sample_pe66.oe66 (.text:ti_sysbios_knl_Queue_destruct)
                  8311e4a0    00000020     sysbios.ae66 : BIOS.obj (.text:ti_sysbios_knl_Queue_empty__E)
                  8311e4c0    00000020                  : BIOS.obj (.text:ti_sysbios_knl_Semaphore_Instance_finalize__E)
                  8311e4e0    00000020     edma3_drv_bios6_tda2xx_st_sample_pe66.oe66 (.text:ti_sysbios_knl_Semaphore_Params__init__S)
                  8311e500    00000020     edma3_drv_bios6_tda2xx_st_sample_pe66.oe66 (.text:ti_sysbios_knl_Semaphore_delete)
                  8311e520    00000020     edma3_drv_bios6_tda2xx_st_sample_pe66.oe66 (.text:ti_sysbios_knl_Semaphore_destruct)
                  8311e540    00000020     sysbios.ae66 : BIOS.obj (.text:ti_sysbios_knl_Swi_disable__E)
                  8311e560    00000020                  : BIOS.obj (.text:ti_sysbios_knl_Task_disable__E)
                  8311e580    00000020                  : BIOS.obj (.text:ti_sysbios_knl_Task_startup__E)
                  8311e5a0    00000020     ti.targets.rts6000.ae66 : Error.oe66 (.text:xdc_runtime_Error_getSite__E)
                  8311e5c0    00000020                             : Error.oe66 (.text:xdc_runtime_Error_raiseX__E)
                  8311e5e0    00000020                             : Gate.oe66 (.text:xdc_runtime_Gate_enterSystem__E)
                  8311e600    00000020                             : Gate.oe66 (.text:xdc_runtime_Gate_leaveSystem__E)
                  8311e620    00000020     edma3_drv_bios6_tda2xx_st_sample_pe66.oe66 (.text:xdc_runtime_IHeap_alloc)
                  8311e640    00000020     edma3_drv_bios6_tda2xx_st_sample_pe66.oe66 (.text:xdc_runtime_IHeap_free)
                  8311e660    00000020     ti.targets.rts6000.ae66 : Memory.oe66 (.text:xdc_runtime_Memory_calloc__E)
                  8311e680    00000020                             : Memory.oe66 (.text:xdc_runtime_Memory_getMaxDefaultTypeAlign__E)
                  8311e6a0    00000020     edma3_drv_bios6_tda2xx_st_sample_pe66.oe66 (.text:xdc_runtime_Startup_exec__I)
                  8311e6c0    00000020     ti.targets.rts6000.ae66 : Startup.oe66 (.text:xdc_runtime_Startup_rtsDone__E)
                  8311e6e0    00000020                             : SysMin.oe66 (.text:xdc_runtime_SysMin_ready__E)
                  8311e700    00000020     edma3_drv_bios6_tda2xx_st_sample_pe66.oe66 (.text:xdc_runtime_System_Module_GateProxy_enter__E)
                  8311e720    00000020     edma3_drv_bios6_tda2xx_st_sample_pe66.oe66 (.text:xdc_runtime_System_Module_GateProxy_leave__E)
                  8311e740    00000020     ti.targets.rts6000.ae66 : System.oe66 (.text:xdc_runtime_System_Module_startup__E)
                  8311e760    00000020                             : System.oe66 (.text:xdc_runtime_System_aprintf_va__F)
                  8311e780    00000020                             : System.oe66 (.text:xdc_runtime_System_printf_va__F)
                  8311e7a0    00000020                             : System.oe66 (.text:xdc_runtime_System_vsnprintf__E)
                  8311e7c0    00000020     edma3_drv_bios6_tda2xx_st_sample_pe66.oe66 (.text:xdc_runtime_Text_visitRope__I)

.fardata   0    83800000    0002099c     UNINITIALIZED
                  83800000    0000df38     edma3_lld_drv.ae66 : edma3_drv_init.oe66 (.fardata:.edma3Globals:uninit)
                  8380df38    00007998     edma3_lld_rm.ae66 : edma3resmgr.oe66 (.fardata:.edma3Globals:uninit)
                  838158d0    000056e0                       : edma3_rm_gbl_data.oe66 (.fardata:.edma3Globals:uninit)
                  8381afb0    000017a0     edma3_lld_drv_sample.ae66 : sample_tda2xx_cfg.oe66 (.fardata:sampleXbarChanInitConfig)
                  8381c750    00000fc0     edma3_lld_rm.ae66 : edma3_tda2xx_cfg.oe66 (.fardata:defInstInitConfig)
                  8381d710    00000fc0     edma3_lld_drv_sample.ae66 : sample_tda2xx_cfg.oe66 (.fardata:sampleInstInitConfig)
                  8381e6d0    00000888     edma3_lld_rm.ae66 : edma3_tda2xx_cfg.oe66 (.fardata:edma3GblCfgParams)
                  8381ef58    00000888     edma3_lld_drv_sample.ae66 : sample_tda2xx_cfg.oe66 (.fardata:sampleEdma3GblCfgParams)
                  8381f7e0    00000608     edma3_drv_bios6_tda2xx_st_sample_pe66.oe66 (.fardata)
                  8381fde8    000001e0     rts6600_elf.lib : defs.obj (.fardata:_ftable)
                  8381ffc8    000000c0     edma3_drv_bios6_tda2xx_st_sample_pe66.oe66 (.fardata:ti_sysbios_timers_dmtimer_Timer_Module_State_0_device__A)
                  83820088    000000a0     rts6600_elf.lib : lowlev.obj (.fardata:_stream)
                  83820128    00000080     edma3_drv_bios6_tda2xx_st_sample_pe66.oe66 (.fardata:ti_sysbios_family_shared_vayu_IntXbar_Module_State_0_intXbar__A)
                  838201a8    00000080     edma3_drv_bios6_tda2xx_st_sample_pe66.oe66 (.fardata:ti_sysbios_knl_Swi_Module_State_0_readyQ__A)
                  83820228    00000080     edma3_drv_bios6_tda2xx_st_sample_pe66.oe66 (.fardata:ti_sysbios_knl_Task_Module_State_0_readyQ__A)
                  838202a8    00000080     edma3_drv_bios6_tda2xx_st_sample_pe66.oe66 (.fardata:ti_sysbios_timers_dmtimer_Timer_Module_State_0_intFreqs__A)
                  83820328    00000078     rts6600_elf.lib : lowlev.obj (.fardata:_device)
                  838203a0    00000078     edma3_drv_bios6_tda2xx_st_sample_pe66.oe66 (.fardata:ti_sysbios_family_c64p_Hwi_Object__table__V)
                  83820418    00000062     edma3_lld_rm.ae66 : edma3resmgr.oe66 (.fardata:.edma3Globals:init)
                  8382047a    00000002     edma3_lld_drv.ae66 : edma3_drv_init.oe66 (.fardata:.edma3Globals:init)
                  8382047c    00000004     rts6600_elf.lib : _lock.obj (.fardata:_lock)
                  83820480    00000060     edma3_lld_drv_sample.ae66 : sample_tda2xx_cfg.oe66 (.fardata:ccCompEdmaXbarIndex)
                  838204e0    00000060                               : sample_tda2xx_cfg.oe66 (.fardata:ccXferCompInt)
                  83820540    00000060                               : sample_tda2xx_cfg.oe66 (.fardata:ccXferCompIntXbarInstNo)
                  838205a0    00000060                               : sample_tda2xx_cfg.oe66 (.fardata:hwIntTcErr)
                  83820600    00000060                               : sample_tda2xx_cfg.oe66 (.fardata:tcErrEdmaXbarIndex)
                  83820660    00000060                               : sample_tda2xx_cfg.oe66 (.fardata:tcErrorInt)
                  838206c0    00000060                               : sample_tda2xx_cfg.oe66 (.fardata:tcErrorIntXbarInstNo)
                  83820720    00000060     edma3_drv_bios6_tda2xx_st_sample_pe66.oe66 (.fardata:ti_sysbios_timers_dmtimer_Timer_Object__table__V)
                  83820780    0000004c     edma3_drv_bios6_tda2xx_st_sample_pe66.oe66 (.fardata:ti_sysbios_knl_Task_Object__table__V)
                  838207cc    00000004     rts6600_elf.lib : _lock.obj (.fardata:_unlock)
                  838207d0    00000040     edma3_drv_bios6_tda2xx_st_sample_pe66.oe66 (.fardata:ti_sysbios_gates_GateMutex_Object__table__V)
                  83820810    00000040     edma3_drv_bios6_tda2xx_st_sample_pe66.oe66 (.fardata:ti_sysbios_timers_dmtimer_Timer_Module_State_0_handles__A)
                  83820850    00000030     edma3_drv_bios6_tda2xx_st_sample_pe66.oe66 (.fardata:ti_sysbios_knl_Swi_Object__table__V)
                  83820880    00000020     edma3_lld_drv_sample.ae66 : sample_tda2xx_int_reg.oe66 (.fardata:ptrEdma3TcIsrHandler)
                  838208a0    00000020     edma3_drv_bios6_tda2xx_st_sample_pe66.oe66 (.fardata:xdc_runtime_System_Module_State_0_atexitHandlers__A)
                  838208c0    00000018     edma3_drv_bios6_tda2xx_st_sample_pe66.oe66 (.fardata:ti_sysbios_heaps_HeapMem_Object__table__V)
                  838208d8    00000010     edma3_lld_rm.ae66 : edma3_rm_gbl_data.oe66 (.fardata:.edma3Globals:init)
                  838208e8    00000010     qdma_link_test.oe66 (.fardata)
                  838208f8    0000000c     edma3_lld_drv_sample.ae66 : sample_tda2xx_cfg.oe66 (.fardata:ccErrEdmaXbarIndex)
                  83820904    00000004     main.oe66 (.fardata)
                  83820908    0000000c     edma3_lld_drv_sample.ae66 : sample_tda2xx_cfg.oe66 (.fardata:ccErrorInt)
                  83820914    00000004     rts6600_elf.lib : defs.obj (.fardata)
                  83820918    0000000c     edma3_lld_drv_sample.ae66 : sample_tda2xx_cfg.oe66 (.fardata:ccErrorIntXbarInstNo)
                  83820924    0000000c     common.oe66 (.fardata)
                  83820930    0000000c     edma3_lld_drv_sample.ae66 : sample_tda2xx_cfg.oe66 (.fardata:hwIntCcErr)
                  8382093c    00000004     rts6600_elf.lib : errno.obj (.fardata)
                  83820940    0000000c     edma3_lld_drv_sample.ae66 : sample_tda2xx_cfg.oe66 (.fardata:hwIntXferComp)
                  8382094c    00000004     --HOLE--
                  83820950    0000000c                               : sample_tda2xx_cfg.oe66 (.fardata:numEdma3Tc)
                  8382095c    0000000c     rts6600_elf.lib : exit.obj (.fardata)
                  83820968    0000000c     edma3_lld_drv_sample.ae66 : sample_tda2xx_cfg.oe66 (.fardata:semHandle)
                  83820974    00000008                               : sample_tda2xx_int_reg.oe66 (.fardata)
                  8382097c    00000008     qdma_test.oe66 (.fardata)
                  83820984    00000004     --HOLE--
                  83820988    00000008     edma3_drv_bios6_tda2xx_st_sample_pe66.oe66 (.fardata:ti_sysbios_hal_Hwi_Object__table__V)
                  83820990    00000004     edma3_drv_bios6_tda2xx_st_sample_pe66.oe66 (.fardata:ti_sysbios_gates_GateHwi_Object__table__V)
                  83820994    00000004     --HOLE--
                  83820998    00000004     edma3_drv_bios6_tda2xx_st_sample_pe66.oe66 (.fardata:ti_sysbios_knl_Task_Module_State_0_idleTask__A)

.const     0    838209a0    00003ff0     
                  838209a0    00001cba     edma3_drv_bios6_tda2xx_st_sample_pe66.oe66 (.const:xdc_runtime_Text_charTab__A)
                  8382265a    00000002     edma3_drv_bios6_tda2xx_st_sample_pe66.oe66 (.const:ti_sysbios_family_c64p_EventCombiner_Module__id__C)
                  8382265c    0000071c     main.oe66 (.const:.string)
                  83822d78    00000518     sysbios.ae66 : BIOS.obj (.const:.string)
                  83823290    0000046c     edma3_lld_rm.ae66 : edma3resmgr.oe66 (.const:.string)
                  838236fc    00000004     ti.targets.rts6000.ae66 : Assert.oe66 (.const:.string)
                  83823700    00000400     edma3_drv_bios6_tda2xx_st_sample_pe66.oe66 (.const:ti_sysbios_family_c66_Cache_marvalues__C)
                  83823b00    000001fc     qdma_link_test.oe66 (.const:.string)
                  83823cfc    0000011c     dma_test.oe66 (.const:.string)
                  83823e18    00000101     rts6600_elf.lib : ctype.obj (.const:.string:_ctypes_)
                  83823f19    00000001     --HOLE-- [fill = 0]
                  83823f1a    00000002     edma3_drv_bios6_tda2xx_st_sample_pe66.oe66 (.const:ti_sysbios_family_c64p_Exception_Module__id__C)
                  83823f1c    000000f0     qdma_test.oe66 (.const:.string)
                  8382400c    00000004     edma3_lld_rm.ae66 : edma3_rm_gbl_data.oe66 (.const)
                  83824010    000000e8     edma3_drv_bios6_tda2xx_st_sample_pe66.oe66 (.const:xdc_runtime_Text_nodeTab__A)
                  838240f8    000000b0     edma3_lld_drv.ae66 : edma3_drv_basic.oe66 (.const:.string)
                  838241a8    00000084                        : edma3_drv_init.oe66 (.const:.string)
                  8382422c    00000064     edma3_drv_bios6_tda2xx_st_sample_pe66.oe66 (.const:.string)
                  83824290    00000058     ti.targets.rts6000.ae66 : Error.oe66 (.const:.string)
                  838242e8    00000040                             : Text.oe66 (.const:.string)
                  83824328    0000003c     edma3_drv_bios6_tda2xx_st_sample_pe66.oe66 (.const:ti_sysbios_knl_Task_Object__PARAMS__C)
                  83824364    00000004     edma3_drv_bios6_tda2xx_st_sample_pe66.oe66 (.const:ti_sysbios_family_c62_TaskSupport_stackAlignment__C)
                  83824368    00000035     edma3_lld_drv.ae66 : edma3_drv_basic.oe66 (.const:.string:edma3LldVersionStr)
                  8382439d    00000001     --HOLE-- [fill = 0]
                  8382439e    00000002     edma3_drv_bios6_tda2xx_st_sample_pe66.oe66 (.const:ti_sysbios_family_c64p_Exception_useInternalBuffer__C)
                  838243a0    00000034     edma3_drv_bios6_tda2xx_st_sample_pe66.oe66 (.const:xdc_runtime_Startup_sfxnTab__A)
                  838243d4    0000002c     ti.targets.rts6000.ae66 : Startup.oe66 (.const:.string)
                  83824400    00000028     edma3_drv_bios6_tda2xx_st_sample_pe66.oe66 (.const:ti_sysbios_heaps_HeapMem_Module__FXNS__C)
                  83824428    00000024     rts6600_elf.lib : _printfi.obj (.const:.string)
                  8382444c    00000024     edma3_drv_bios6_tda2xx_st_sample_pe66.oe66 (.const:ti_sysbios_gates_GateHwi_Module__FXNS__C)
                  83824470    00000024     edma3_drv_bios6_tda2xx_st_sample_pe66.oe66 (.const:ti_sysbios_gates_GateMutex_Module__FXNS__C)
                  83824494    00000024     edma3_drv_bios6_tda2xx_st_sample_pe66.oe66 (.const:ti_sysbios_heaps_HeapMem_Object__PARAMS__C)
                  838244b8    00000024     edma3_drv_bios6_tda2xx_st_sample_pe66.oe66 (.const:ti_sysbios_knl_Semaphore_Object__PARAMS__C)
                  838244dc    00000020     dma_link_test.oe66 (.const)
                  838244fc    00000020     dma_ping_pong_test.oe66 (.const)
                  8382451c    00000020     dma_test.oe66 (.const)
                  8382453c    00000020     edma3_drv_bios6_tda2xx_st_sample_pe66.oe66 (.const:ti_sysbios_gates_GateHwi_Object__DESC__C)
                  8382455c    00000020     edma3_drv_bios6_tda2xx_st_sample_pe66.oe66 (.const:ti_sysbios_gates_GateMutex_Object__DESC__C)
                  8382457c    00000020     edma3_drv_bios6_tda2xx_st_sample_pe66.oe66 (.const:ti_sysbios_heaps_HeapMem_Object__DESC__C)
                  8382459c    00000020     edma3_drv_bios6_tda2xx_st_sample_pe66.oe66 (.const:ti_sysbios_knl_Queue_Object__DESC__C)
                  838245bc    00000020     edma3_drv_bios6_tda2xx_st_sample_pe66.oe66 (.const:ti_sysbios_knl_Semaphore_Object__DESC__C)
                  838245dc    00000020     edma3_drv_bios6_tda2xx_st_sample_pe66.oe66 (.const:ti_sysbios_knl_Task_Object__DESC__C)
                  838245fc    0000001c     dma_chain_test.oe66 (.const:.string)
                  83824618    0000001c     dma_link_test.oe66 (.const:.string)
                  83824634    0000001c     dma_ping_pong_test.oe66 (.const:.string)
                  83824650    0000001a     edma3_drv_bios6_tda2xx_st_sample_pe66.oe66 (.const:xdc_runtime_Startup_sfxnRts__A)
                  8382466a    00000002     edma3_drv_bios6_tda2xx_st_sample_pe66.oe66 (.const:ti_sysbios_family_c64p_Hwi_Module__id__C)
                  8382466c    00000018     edma3_drv_bios6_tda2xx_st_sample_pe66.oe66 (.const:ti_sysbios_gates_GateHwi_Object__PARAMS__C)
                  83824684    00000018     edma3_drv_bios6_tda2xx_st_sample_pe66.oe66 (.const:ti_sysbios_gates_GateMutex_Object__PARAMS__C)
                  8382469c    00000018     edma3_drv_bios6_tda2xx_st_sample_pe66.oe66 (.const:ti_sysbios_knl_Queue_Object__PARAMS__C)
                  838246b4    00000004     edma3_drv_bios6_tda2xx_st_sample_pe66.oe66 (.const:ti_sysbios_family_c64p_EventCombiner_A_invalidEventId__C)
                  838246b8    00000011     ti.targets.rts6000.ae66 : System.oe66 (.const:.string:digtohex)
                  838246c9    00000001     --HOLE-- [fill = 0]
                  838246ca    00000002     edma3_drv_bios6_tda2xx_st_sample_pe66.oe66 (.const:ti_sysbios_family_c64p_Hwi_Module__loggerDefined__C)
                  838246cc    00000010     dma_chain_test.oe66 (.const)
                  838246dc    00000004     edma3_drv_bios6_tda2xx_st_sample_pe66.oe66 (.const:ti_sysbios_family_c64p_EventCombiner_E_unpluggedEvent__C)
                  838246e0    00000010     edma3_drv_bios6_tda2xx_st_sample_pe66.oe66 (.const:ti_sysbios_family_c64p_EventCombiner_EVTMASK__C)
                  838246f0    0000000c     edma3_drv_bios6_tda2xx_st_sample_pe66.oe66 (.const:xdc_runtime_Startup_firstFxns__A)
                  838246fc    00000008     ti.targets.rts6000.ae66 : System.oe66 (.const:.string)
                  83824704    00000008     edma3_lld_drv_sample.ae66 : sample_tda2xx_cfg.oe66 (.const)
                  8382470c    00000008     edma3_drv_bios6_tda2xx_st_sample_pe66.oe66 (.const:ti_sysbios_knl_Idle_funcList__C)
                  83824714    00000008     edma3_drv_bios6_tda2xx_st_sample_pe66.oe66 (.const:xdc_runtime_Startup_firstFxns__C)
                  8382471c    00000008     edma3_drv_bios6_tda2xx_st_sample_pe66.oe66 (.const:xdc_runtime_Startup_lastFxns__C)
                  83824724    00000004     edma3_drv_bios6_tda2xx_st_sample_pe66.oe66 (.const:ti_sysbios_family_c64p_EventCombiner_Module__diagsEnabled__C)
                  83824728    00000004     edma3_drv_bios6_tda2xx_st_sample_pe66.oe66 (.const:ti_sysbios_family_c64p_EventCombiner_Module__diagsIncluded__C)
                  8382472c    00000004     edma3_drv_bios6_tda2xx_st_sample_pe66.oe66 (.const:ti_sysbios_family_c64p_EventCombiner_Module__diagsMask__C)
                  83824730    00000004     edma3_drv_bios6_tda2xx_st_sample_pe66.oe66 (.const:ti_sysbios_family_c64p_Exception_E_exceptionMax__C)
                  83824734    00000004     edma3_drv_bios6_tda2xx_st_sample_pe66.oe66 (.const:ti_sysbios_family_c64p_Exception_exceptionHook__C)
                  83824738    00000004     edma3_drv_bios6_tda2xx_st_sample_pe66.oe66 (.const:ti_sysbios_family_c64p_Exception_externalHook__C)
                  8382473c    00000004     edma3_drv_bios6_tda2xx_st_sample_pe66.oe66 (.const:ti_sysbios_family_c64p_Exception_internalHook__C)
                  83824740    00000004     edma3_drv_bios6_tda2xx_st_sample_pe66.oe66 (.const:ti_sysbios_family_c64p_Exception_nmiHook__C)
                  83824744    00000004     edma3_drv_bios6_tda2xx_st_sample_pe66.oe66 (.const:ti_sysbios_family_c64p_Hwi_LD_end__C)
                  83824748    00000004     edma3_drv_bios6_tda2xx_st_sample_pe66.oe66 (.const:ti_sysbios_family_c64p_Hwi_LM_begin__C)
                  8382474c    00000004     edma3_drv_bios6_tda2xx_st_sample_pe66.oe66 (.const:ti_sysbios_family_c64p_Hwi_Module__diagsEnabled__C)
                  83824750    00000004     edma3_drv_bios6_tda2xx_st_sample_pe66.oe66 (.const:ti_sysbios_family_c64p_Hwi_Module__diagsIncluded__C)
                  83824754    00000004     edma3_drv_bios6_tda2xx_st_sample_pe66.oe66 (.const:ti_sysbios_family_c64p_Hwi_Module__diagsMask__C)
                  83824758    00000004     edma3_drv_bios6_tda2xx_st_sample_pe66.oe66 (.const:ti_sysbios_family_c64p_Hwi_Module__loggerFxn1__C)
                  8382475c    00000004     edma3_drv_bios6_tda2xx_st_sample_pe66.oe66 (.const:ti_sysbios_family_c64p_Hwi_Module__loggerFxn8__C)
                  83824760    00000004     edma3_drv_bios6_tda2xx_st_sample_pe66.oe66 (.const:ti_sysbios_family_c64p_Hwi_Module__loggerObj__C)
                  83824764    00000004     edma3_drv_bios6_tda2xx_st_sample_pe66.oe66 (.const:ti_sysbios_family_c66_Cache_E_invalidL1CacheSize__C)
                  83824768    00000004     edma3_drv_bios6_tda2xx_st_sample_pe66.oe66 (.const:ti_sysbios_family_c66_Cache_E_invalidL2CacheSize__C)
                  8382476c    00000004     edma3_drv_bios6_tda2xx_st_sample_pe66.oe66 (.const:ti_sysbios_family_c66_Cache_atomicBlockSize__C)
                  83824770    00000004     edma3_drv_bios6_tda2xx_st_sample_pe66.oe66 (.const:ti_sysbios_family_shared_vayu_IntXbar_A_badDspCpuId__C)
                  83824774    00000004     edma3_drv_bios6_tda2xx_st_sample_pe66.oe66 (.const:ti_sysbios_family_shared_vayu_IntXbar_A_badDspXbarInstanceNum__C)
                  83824778    00000004     edma3_drv_bios6_tda2xx_st_sample_pe66.oe66 (.const:ti_sysbios_family_shared_vayu_IntXbar_A_badIntSourceIdx__C)
                  8382477c    00000004     edma3_drv_bios6_tda2xx_st_sample_pe66.oe66 (.const:ti_sysbios_family_shared_vayu_IntXbar_Module__diagsEnabled__C)
                  83824780    00000004     edma3_drv_bios6_tda2xx_st_sample_pe66.oe66 (.const:ti_sysbios_family_shared_vayu_IntXbar_Module__diagsIncluded__C)
                  83824784    00000004     edma3_drv_bios6_tda2xx_st_sample_pe66.oe66 (.const:ti_sysbios_family_shared_vayu_IntXbar_Module__diagsMask__C)
                  83824788    00000004     edma3_drv_bios6_tda2xx_st_sample_pe66.oe66 (.const:ti_sysbios_family_shared_vayu_IntXbar_mmrBaseAddr__C)
                  8382478c    00000004     edma3_drv_bios6_tda2xx_st_sample_pe66.oe66 (.const:ti_sysbios_gates_GateMutex_A_badContext__C)
                  83824790    00000004     edma3_drv_bios6_tda2xx_st_sample_pe66.oe66 (.const:ti_sysbios_gates_GateMutex_Instance_State_sem__O)
                  83824794    00000004     edma3_drv_bios6_tda2xx_st_sample_pe66.oe66 (.const:ti_sysbios_gates_GateMutex_Module__diagsEnabled__C)
                  83824798    00000004     edma3_drv_bios6_tda2xx_st_sample_pe66.oe66 (.const:ti_sysbios_gates_GateMutex_Module__diagsIncluded__C)
                  8382479c    00000004     edma3_drv_bios6_tda2xx_st_sample_pe66.oe66 (.const:ti_sysbios_gates_GateMutex_Module__diagsMask__C)
                  838247a0    00000004     edma3_drv_bios6_tda2xx_st_sample_pe66.oe66 (.const:ti_sysbios_hal_Hwi_E_stackOverflow__C)
                  838247a4    00000004     edma3_drv_bios6_tda2xx_st_sample_pe66.oe66 (.const:ti_sysbios_heaps_HeapMem_A_align__C)
                  838247a8    00000004     edma3_drv_bios6_tda2xx_st_sample_pe66.oe66 (.const:ti_sysbios_heaps_HeapMem_A_heapSize__C)
                  838247ac    00000004     edma3_drv_bios6_tda2xx_st_sample_pe66.oe66 (.const:ti_sysbios_heaps_HeapMem_A_invalidFree__C)
                  838247b0    00000004     edma3_drv_bios6_tda2xx_st_sample_pe66.oe66 (.const:ti_sysbios_heaps_HeapMem_A_zeroBlock__C)
                  838247b4    00000004     edma3_drv_bios6_tda2xx_st_sample_pe66.oe66 (.const:ti_sysbios_heaps_HeapMem_E_memory__C)
                  838247b8    00000004     edma3_drv_bios6_tda2xx_st_sample_pe66.oe66 (.const:ti_sysbios_heaps_HeapMem_Module__diagsEnabled__C)
                  838247bc    00000004     edma3_drv_bios6_tda2xx_st_sample_pe66.oe66 (.const:ti_sysbios_heaps_HeapMem_Module__diagsIncluded__C)
                  838247c0    00000004     edma3_drv_bios6_tda2xx_st_sample_pe66.oe66 (.const:ti_sysbios_heaps_HeapMem_Module__diagsMask__C)
                  838247c4    00000004     edma3_drv_bios6_tda2xx_st_sample_pe66.oe66 (.const:ti_sysbios_heaps_HeapMem_Module__gateObj__C)
                  838247c8    00000004     edma3_drv_bios6_tda2xx_st_sample_pe66.oe66 (.const:ti_sysbios_heaps_HeapMem_Object__count__C)
                  838247cc    00000004     edma3_drv_bios6_tda2xx_st_sample_pe66.oe66 (.const:ti_sysbios_heaps_HeapMem_reqAlign__C)
                  838247d0    00000004     edma3_drv_bios6_tda2xx_st_sample_pe66.oe66 (.const:ti_sysbios_knl_Clock_LM_begin__C)
                  838247d4    00000004     edma3_drv_bios6_tda2xx_st_sample_pe66.oe66 (.const:ti_sysbios_knl_Clock_LM_tick__C)
                  838247d8    00000004     edma3_drv_bios6_tda2xx_st_sample_pe66.oe66 (.const:ti_sysbios_knl_Clock_LW_delayed__C)
                  838247dc    00000004     edma3_drv_bios6_tda2xx_st_sample_pe66.oe66 (.const:ti_sysbios_knl_Clock_Module_State_clockQ__O)
                  838247e0    00000004     edma3_drv_bios6_tda2xx_st_sample_pe66.oe66 (.const:ti_sysbios_knl_Clock_Module__diagsEnabled__C)
                  838247e4    00000004     edma3_drv_bios6_tda2xx_st_sample_pe66.oe66 (.const:ti_sysbios_knl_Clock_Module__diagsIncluded__C)
                  838247e8    00000004     edma3_drv_bios6_tda2xx_st_sample_pe66.oe66 (.const:ti_sysbios_knl_Clock_Module__diagsMask__C)
                  838247ec    00000004     edma3_drv_bios6_tda2xx_st_sample_pe66.oe66 (.const:ti_sysbios_knl_Clock_Module__loggerFxn1__C)
                  838247f0    00000004     edma3_drv_bios6_tda2xx_st_sample_pe66.oe66 (.const:ti_sysbios_knl_Clock_Module__loggerFxn2__C)
                  838247f4    00000004     edma3_drv_bios6_tda2xx_st_sample_pe66.oe66 (.const:ti_sysbios_knl_Clock_Module__loggerObj__C)
                  838247f8    00000004     edma3_drv_bios6_tda2xx_st_sample_pe66.oe66 (.const:ti_sysbios_knl_Clock_doTickFunc__C)
                  838247fc    00000004     edma3_drv_bios6_tda2xx_st_sample_pe66.oe66 (.const:ti_sysbios_knl_Semaphore_A_badContext__C)
                  83824800    00000004     edma3_drv_bios6_tda2xx_st_sample_pe66.oe66 (.const:ti_sysbios_knl_Idle_funcList__A)
                  83824804    00000004     edma3_drv_bios6_tda2xx_st_sample_pe66.oe66 (.const:ti_sysbios_knl_Semaphore_A_noEvents__C)
                  83824808    00000004     edma3_drv_bios6_tda2xx_st_sample_pe66.oe66 (.const:ti_sysbios_knl_Semaphore_A_overflow__C)
                  8382480c    00000004     edma3_drv_bios6_tda2xx_st_sample_pe66.oe66 (.const:ti_sysbios_knl_Semaphore_A_pendTaskDisabled__C)
                  83824810    00000004     edma3_drv_bios6_tda2xx_st_sample_pe66.oe66 (.const:ti_sysbios_knl_Semaphore_Instance_State_pendQ__O)
                  83824814    00000004     edma3_drv_bios6_tda2xx_st_sample_pe66.oe66 (.const:ti_sysbios_knl_Semaphore_LM_pend__C)
                  83824818    00000004     edma3_drv_bios6_tda2xx_st_sample_pe66.oe66 (.const:ti_sysbios_knl_Semaphore_LM_post__C)
                  8382481c    00000004     edma3_drv_bios6_tda2xx_st_sample_pe66.oe66 (.const:ti_sysbios_knl_Semaphore_Module__diagsEnabled__C)
                  83824820    00000004     edma3_drv_bios6_tda2xx_st_sample_pe66.oe66 (.const:ti_sysbios_knl_Semaphore_Module__diagsIncluded__C)
                  83824824    00000004     edma3_drv_bios6_tda2xx_st_sample_pe66.oe66 (.const:ti_sysbios_knl_Semaphore_Module__diagsMask__C)
                  83824828    00000004     edma3_drv_bios6_tda2xx_st_sample_pe66.oe66 (.const:ti_sysbios_knl_Semaphore_Module__loggerFxn2__C)
                  8382482c    00000004     edma3_drv_bios6_tda2xx_st_sample_pe66.oe66 (.const:ti_sysbios_knl_Semaphore_Module__loggerFxn4__C)
                  83824830    00000004     edma3_drv_bios6_tda2xx_st_sample_pe66.oe66 (.const:ti_sysbios_knl_Semaphore_Module__loggerObj__C)
                  83824834    00000004     edma3_drv_bios6_tda2xx_st_sample_pe66.oe66 (.const:ti_sysbios_knl_Swi_LD_end__C)
                  83824838    00000004     edma3_drv_bios6_tda2xx_st_sample_pe66.oe66 (.const:ti_sysbios_knl_Swi_LM_begin__C)
                  8382483c    00000004     edma3_drv_bios6_tda2xx_st_sample_pe66.oe66 (.const:ti_sysbios_knl_Swi_LM_post__C)
                  83824840    00000004     edma3_drv_bios6_tda2xx_st_sample_pe66.oe66 (.const:ti_sysbios_knl_Swi_Module__diagsEnabled__C)
                  83824844    00000004     edma3_drv_bios6_tda2xx_st_sample_pe66.oe66 (.const:ti_sysbios_knl_Swi_Module__diagsIncluded__C)
                  83824848    00000004     edma3_drv_bios6_tda2xx_st_sample_pe66.oe66 (.const:ti_sysbios_knl_Swi_Module__diagsMask__C)
                  8382484c    00000004     edma3_drv_bios6_tda2xx_st_sample_pe66.oe66 (.const:ti_sysbios_knl_Swi_Module__loggerFxn1__C)
                  83824850    00000004     edma3_drv_bios6_tda2xx_st_sample_pe66.oe66 (.const:ti_sysbios_knl_Swi_Module__loggerFxn4__C)
                  83824854    00000004     edma3_drv_bios6_tda2xx_st_sample_pe66.oe66 (.const:ti_sysbios_knl_Swi_Module__loggerObj__C)
                  83824858    00000004     edma3_drv_bios6_tda2xx_st_sample_pe66.oe66 (.const:ti_sysbios_knl_Swi_Object__count__C)
                  8382485c    00000004     edma3_drv_bios6_tda2xx_st_sample_pe66.oe66 (.const:ti_sysbios_knl_Task_A_badPriority__C)
                  83824860    00000004     edma3_drv_bios6_tda2xx_st_sample_pe66.oe66 (.const:ti_sysbios_knl_Task_A_badTaskState__C)
                  83824864    00000004     edma3_drv_bios6_tda2xx_st_sample_pe66.oe66 (.const:ti_sysbios_knl_Task_A_badThreadType__C)
                  83824868    00000004     edma3_drv_bios6_tda2xx_st_sample_pe66.oe66 (.const:ti_sysbios_knl_Task_A_noPendElem__C)
                  8382486c    00000004     edma3_drv_bios6_tda2xx_st_sample_pe66.oe66 (.const:ti_sysbios_knl_Task_E_spOutOfBounds__C)
                  83824870    00000004     edma3_drv_bios6_tda2xx_st_sample_pe66.oe66 (.const:ti_sysbios_knl_Task_E_stackOverflow__C)
                  83824874    00000004     edma3_drv_bios6_tda2xx_st_sample_pe66.oe66 (.const:ti_sysbios_knl_Task_LD_block__C)
                  83824878    00000004     edma3_drv_bios6_tda2xx_st_sample_pe66.oe66 (.const:ti_sysbios_knl_Task_LD_exit__C)
                  8382487c    00000004     edma3_drv_bios6_tda2xx_st_sample_pe66.oe66 (.const:ti_sysbios_knl_Task_LD_ready__C)
                  83824880    00000004     edma3_drv_bios6_tda2xx_st_sample_pe66.oe66 (.const:ti_sysbios_knl_Task_LM_switch__C)
                  83824884    00000004     edma3_drv_bios6_tda2xx_st_sample_pe66.oe66 (.const:ti_sysbios_knl_Task_Module_State_inactiveQ__O)
                  83824888    00000004     edma3_drv_bios6_tda2xx_st_sample_pe66.oe66 (.const:ti_sysbios_knl_Task_Module__diagsEnabled__C)
                  8382488c    00000004     edma3_drv_bios6_tda2xx_st_sample_pe66.oe66 (.const:ti_sysbios_knl_Task_Module__diagsIncluded__C)
                  83824890    00000004     edma3_drv_bios6_tda2xx_st_sample_pe66.oe66 (.const:ti_sysbios_knl_Task_Module__diagsMask__C)
                  83824894    00000004     edma3_drv_bios6_tda2xx_st_sample_pe66.oe66 (.const:ti_sysbios_knl_Task_Module__loggerFxn2__C)
                  83824898    00000004     edma3_drv_bios6_tda2xx_st_sample_pe66.oe66 (.const:ti_sysbios_knl_Task_Module__loggerFxn4__C)
                  8382489c    00000004     edma3_drv_bios6_tda2xx_st_sample_pe66.oe66 (.const:ti_sysbios_knl_Task_Module__loggerObj__C)
                  838248a0    00000004     edma3_drv_bios6_tda2xx_st_sample_pe66.oe66 (.const:ti_sysbios_knl_Task_Object__count__C)
                  838248a4    00000004     edma3_drv_bios6_tda2xx_st_sample_pe66.oe66 (.const:ti_sysbios_knl_Task_allBlockedFunc__C)
                  838248a8    00000004     edma3_drv_bios6_tda2xx_st_sample_pe66.oe66 (.const:ti_sysbios_knl_Task_defaultStackHeap__C)
                  838248ac    00000004     edma3_drv_bios6_tda2xx_st_sample_pe66.oe66 (.const:ti_sysbios_knl_Task_defaultStackSize__C)
                  838248b0    00000004     edma3_drv_bios6_tda2xx_st_sample_pe66.oe66 (.const:ti_sysbios_knl_Task_numConstructedTasks__C)
                  838248b4    00000004     edma3_drv_bios6_tda2xx_st_sample_pe66.oe66 (.const:ti_sysbios_timers_dmtimer_Timer_E_cannotSupport__C)
                  838248b8    00000004     edma3_drv_bios6_tda2xx_st_sample_pe66.oe66 (.const:ti_sysbios_timers_dmtimer_Timer_E_freqMismatch__C)
                  838248bc    00000004     edma3_drv_bios6_tda2xx_st_sample_pe66.oe66 (.const:ti_sysbios_timers_dmtimer_Timer_Module__diagsEnabled__C)
                  838248c0    00000004     edma3_drv_bios6_tda2xx_st_sample_pe66.oe66 (.const:ti_sysbios_timers_dmtimer_Timer_Module__diagsIncluded__C)
                  838248c4    00000004     edma3_drv_bios6_tda2xx_st_sample_pe66.oe66 (.const:ti_sysbios_timers_dmtimer_Timer_Module__diagsMask__C)
                  838248c8    00000004     edma3_drv_bios6_tda2xx_st_sample_pe66.oe66 (.const:ti_sysbios_timers_dmtimer_Timer_numTimerDevices__C)
                  838248cc    00000004     edma3_drv_bios6_tda2xx_st_sample_pe66.oe66 (.const:xdc_runtime_Assert_E_assertFailed__C)
                  838248d0    00000004     edma3_drv_bios6_tda2xx_st_sample_pe66.oe66 (.const:xdc_runtime_Core_A_initializedParams__C)
                  838248d4    00000004     edma3_drv_bios6_tda2xx_st_sample_pe66.oe66 (.const:xdc_runtime_Core_Module__diagsEnabled__C)
                  838248d8    00000004     edma3_drv_bios6_tda2xx_st_sample_pe66.oe66 (.const:xdc_runtime_Core_Module__diagsIncluded__C)
                  838248dc    00000004     edma3_drv_bios6_tda2xx_st_sample_pe66.oe66 (.const:xdc_runtime_Core_Module__diagsMask__C)
                  838248e0    00000004     edma3_drv_bios6_tda2xx_st_sample_pe66.oe66 (.const:xdc_runtime_Error_E_memory__C)
                  838248e4    00000004     edma3_drv_bios6_tda2xx_st_sample_pe66.oe66 (.const:xdc_runtime_Error_Module__diagsEnabled__C)
                  838248e8    00000004     edma3_drv_bios6_tda2xx_st_sample_pe66.oe66 (.const:xdc_runtime_Error_Module__diagsIncluded__C)
                  838248ec    00000004     edma3_drv_bios6_tda2xx_st_sample_pe66.oe66 (.const:xdc_runtime_Error_Module__diagsMask__C)
                  838248f0    00000004     edma3_drv_bios6_tda2xx_st_sample_pe66.oe66 (.const:xdc_runtime_Error_Module__loggerFxn8__C)
[...]
8382092c  AppSemHandle2                                                           
83820930  hwIntCcErr                                                              
8382093c  __errno                                                                 
8382093c  errno                                                                   
83820940  hwIntXferComp                                                           
83820950  numEdma3Tc                                                              
8382095c  __TI_cleanup_ptr                                                        
83820960  __TI_dtors_ptr                                                          
83820964  __TI_enable_exit_profile_output                                         
83820968  semHandle                                                               
83820988  ti_sysbios_hal_Hwi_Object__table__V                                     
83820990  ti_sysbios_gates_GateHwi_Object__table__V                               
83820998  ti_sysbios_knl_Task_Module_State_0_idleTask__A                          
838209a0  xdc_runtime_Text_charTab__A                                             
8382265a  ti_sysbios_family_c64p_EventCombiner_Module__id__C                      
83823700  ti_sysbios_family_c66_Cache_marvalues__C                                
83823e18  _ctypes_                                                                
83823f1a  ti_sysbios_family_c64p_Exception_Module__id__C                          
8382400c  EDMA3_MAX_RM_INSTANCES                                                  
83824010  xdc_runtime_Text_nodeTab__A                                             
83824328  ti_sysbios_knl_Task_Object__PARAMS__C                                   
83824364  ti_sysbios_family_c62_TaskSupport_stackAlignment__C                     
83824368  edma3LldVersionStr                                                      
8382439e  ti_sysbios_family_c64p_Exception_useInternalBuffer__C                   
838243a0  xdc_runtime_Startup_sfxnTab__A                                          
83824400  ti_sysbios_heaps_HeapMem_Module__FXNS__C                                
8382444c  ti_sysbios_gates_GateHwi_Module__FXNS__C                                
83824470  ti_sysbios_gates_GateMutex_Module__FXNS__C                              
83824494  ti_sysbios_heaps_HeapMem_Object__PARAMS__C                              
838244b8  ti_sysbios_knl_Semaphore_Object__PARAMS__C                              
8382453c  ti_sysbios_gates_GateHwi_Object__DESC__C                                
8382455c  ti_sysbios_gates_GateMutex_Object__DESC__C                              
8382457c  ti_sysbios_heaps_HeapMem_Object__DESC__C                                
8382459c  ti_sysbios_knl_Queue_Object__DESC__C                                    
838245bc  ti_sysbios_knl_Semaphore_Object__DESC__C                                
838245dc  ti_sysbios_knl_Task_Object__DESC__C                                     
83824650  xdc_runtime_Startup_sfxnRts__A                                          
8382466a  ti_sysbios_family_c64p_Hwi_Module__id__C                                
8382466c  ti_sysbios_gates_GateHwi_Object__PARAMS__C                              
83824684  ti_sysbios_gates_GateMutex_Object__PARAMS__C                            
8382469c  ti_sysbios_knl_Queue_Object__PARAMS__C                                  
838246b4  ti_sysbios_family_c64p_EventCombiner_A_invalidEventId__C                
838246ca  ti_sysbios_family_c64p_Hwi_Module__loggerDefined__C                     
838246dc  ti_sysbios_family_c64p_EventCombiner_E_unpluggedEvent__C                
838246e0  ti_sysbios_family_c64p_EventCombiner_EVTMASK__C                         
838246f0  xdc_runtime_Startup_firstFxns__A                                        
83824704  numEdma3Instances                                                       
83824708  numDsps                                                                 
8382470c  ti_sysbios_knl_Idle_funcList__C                                         
83824714  xdc_runtime_Startup_firstFxns__C                                        
8382471c  xdc_runtime_Startup_lastFxns__C                                         
83824724  ti_sysbios_family_c64p_EventCombiner_Module__diagsEnabled__C            
83824728  ti_sysbios_family_c64p_EventCombiner_Module__diagsIncluded__C           
8382472c  ti_sysbios_family_c64p_EventCombiner_Module__diagsMask__C               
83824730  ti_sysbios_family_c64p_Exception_E_exceptionMax__C                      
83824734  ti_sysbios_family_c64p_Exception_exceptionHook__C                       
83824738  ti_sysbios_family_c64p_Exception_externalHook__C                        
8382473c  ti_sysbios_family_c64p_Exception_internalHook__C                        
83824740  ti_sysbios_family_c64p_Exception_nmiHook__C                             
83824744  ti_sysbios_family_c64p_Hwi_LD_end__C                                    
83824748  ti_sysbios_family_c64p_Hwi_LM_begin__C                                  
8382474c  ti_sysbios_family_c64p_Hwi_Module__diagsEnabled__C                      
83824750  ti_sysbios_family_c64p_Hwi_Module__diagsIncluded__C                     
83824754  ti_sysbios_family_c64p_Hwi_Module__diagsMask__C                         
83824758  ti_sysbios_family_c64p_Hwi_Module__loggerFxn1__C                        
8382475c  ti_sysbios_family_c64p_Hwi_Module__loggerFxn8__C                        
83824760  ti_sysbios_family_c64p_Hwi_Module__loggerObj__C                         
83824764  ti_sysbios_family_c66_Cache_E_invalidL1CacheSize__C                     
83824768  ti_sysbios_family_c66_Cache_E_invalidL2CacheSize__C                     
8382476c  ti_sysbios_family_c66_Cache_atomicBlockSize__C                          
83824770  ti_sysbios_family_shared_vayu_IntXbar_A_badDspCpuId__C                  
83824774  ti_sysbios_family_shared_vayu_IntXbar_A_badDspXbarInstanceNum__C        
83824778  ti_sysbios_family_shared_vayu_IntXbar_A_badIntSourceIdx__C              
8382477c  ti_sysbios_family_shared_vayu_IntXbar_Module__diagsEnabled__C           
83824780  ti_sysbios_family_shared_vayu_IntXbar_Module__diagsIncluded__C          
83824784  ti_sysbios_family_shared_vayu_IntXbar_Module__diagsMask__C              
83824788  ti_sysbios_family_shared_vayu_IntXbar_mmrBaseAddr__C                    
8382478c  ti_sysbios_gates_GateMutex_A_badContext__C                              
83824790  ti_sysbios_gates_GateMutex_Instance_State_sem__O                        
83824794  ti_sysbios_gates_GateMutex_Module__diagsEnabled__C                      
83824798  ti_sysbios_gates_GateMutex_Module__diagsIncluded__C                     
8382479c  ti_sysbios_gates_GateMutex_Module__diagsMask__C                         
838247a0  ti_sysbios_hal_Hwi_E_stackOverflow__C                                   
838247a4  ti_sysbios_heaps_HeapMem_A_align__C                                     
838247a8  ti_sysbios_heaps_HeapMem_A_heapSize__C                                  
838247ac  ti_sysbios_heaps_HeapMem_A_invalidFree__C                               
838247b0  ti_sysbios_heaps_HeapMem_A_zeroBlock__C                                 
838247b4  ti_sysbios_heaps_HeapMem_E_memory__C                                    
838247b8  ti_sysbios_heaps_HeapMem_Module__diagsEnabled__C                        
838247bc  ti_sysbios_heaps_HeapMem_Module__diagsIncluded__C                       
838247c0  ti_sysbios_heaps_HeapMem_Module__diagsMask__C                           
838247c4  ti_sysbios_heaps_HeapMem_Module__gateObj__C                             
838247c8  ti_sysbios_heaps_HeapMem_Object__count__C                               
838247cc  ti_sysbios_heaps_HeapMem_reqAlign__C                                    
838247d0  ti_sysbios_knl_Clock_LM_begin__C                                        
838247d4  ti_sysbios_knl_Clock_LM_tick__C                                         
838247d8  ti_sysbios_knl_Clock_LW_delayed__C                                      
838247dc  ti_sysbios_knl_Clock_Module_State_clockQ__O                             
838247e0  ti_sysbios_knl_Clock_Module__diagsEnabled__C                            
838247e4  ti_sysbios_knl_Clock_Module__diagsIncluded__C                           
838247e8  ti_sysbios_knl_Clock_Module__diagsMask__C                               
838247ec  ti_sysbios_knl_Clock_Module__loggerFxn1__C                              
838247f0  ti_sysbios_knl_Clock_Module__loggerFxn2__C                              
838247f4  ti_sysbios_knl_Clock_Module__loggerObj__C                               
838247f8  ti_sysbios_knl_Clock_doTickFunc__C                                      
838247fc  ti_sysbios_knl_Semaphore_A_badContext__C                                
83824800  ti_sysbios_knl_Idle_funcList__A                                         
83824804  ti_sysbios_knl_Semaphore_A_noEvents__C                                  
83824808  ti_sysbios_knl_Semaphore_A_overflow__C                                  
8382480c  ti_sysbios_knl_Semaphore_A_pendTaskDisabled__C                          
83824810  ti_sysbios_knl_Semaphore_Instance_State_pendQ__O                        
83824814  ti_sysbios_knl_Semaphore_LM_pend__C                                     
83824818  ti_sysbios_knl_Semaphore_LM_post__C                                     
8382481c  ti_sysbios_knl_Semaphore_Module__diagsEnabled__C                        
83824820  ti_sysbios_knl_Semaphore_Module__diagsIncluded__C                       
83824824  ti_sysbios_knl_Semaphore_Module__diagsMask__C                           
83824828  ti_sysbios_knl_Semaphore_Module__loggerFxn2__C                          
8382482c  ti_sysbios_knl_Semaphore_Module__loggerFxn4__C                          
83824830  ti_sysbios_knl_Semaphore_Module__loggerObj__C                           
83824834  ti_sysbios_knl_Swi_LD_end__C                                            
83824838  ti_sysbios_knl_Swi_LM_begin__C                                          
8382483c  ti_sysbios_knl_Swi_LM_post__C                                           
83824840  ti_sysbios_knl_Swi_Module__diagsEnabled__C                              
83824844  ti_sysbios_knl_Swi_Module__diagsIncluded__C                             
83824848  ti_sysbios_knl_Swi_Module__diagsMask__C                                 
8382484c  ti_sysbios_knl_Swi_Module__loggerFxn1__C                                
83824850  ti_sysbios_knl_Swi_Module__loggerFxn4__C                                
83824854  ti_sysbios_knl_Swi_Module__loggerObj__C                                 
83824858  ti_sysbios_knl_Swi_Object__count__C                                     
8382485c  ti_sysbios_knl_Task_A_badPriority__C                                    
83824860  ti_sysbios_knl_Task_A_badTaskState__C                                   
83824864  ti_sysbios_knl_Task_A_badThreadType__C                                  
83824868  ti_sysbios_knl_Task_A_noPendElem__C                                     
8382486c  ti_sysbios_knl_Task_E_spOutOfBounds__C                                  
83824870  ti_sysbios_knl_Task_E_stackOverflow__C                                  
83824874  ti_sysbios_knl_Task_LD_block__C                                         
83824878  ti_sysbios_knl_Task_LD_exit__C                                          
8382487c  ti_sysbios_knl_Task_LD_ready__C                                         
83824880  ti_sysbios_knl_Task_LM_switch__C                                        
83824884  ti_sysbios_knl_Task_Module_State_inactiveQ__O                           
83824888  ti_sysbios_knl_Task_Module__diagsEnabled__C                             
8382488c  ti_sysbios_knl_Task_Module__diagsIncluded__C                            
83824890  ti_sysbios_knl_Task_Module__diagsMask__C                                
83824894  ti_sysbios_knl_Task_Module__loggerFxn2__C                               
83824898  ti_sysbios_knl_Task_Module__loggerFxn4__C                               
8382489c  ti_sysbios_knl_Task_Module__loggerObj__C                                
838248a0  ti_sysbios_knl_Task_Object__count__C                                    
838248a4  ti_sysbios_knl_Task_allBlockedFunc__C                                   
838248a8  ti_sysbios_knl_Task_defaultStackHeap__C                                 
838248ac  ti_sysbios_knl_Task_defaultStackSize__C                                 
838248b0  ti_sysbios_knl_Task_numConstructedTasks__C                              
838248b4  ti_sysbios_timers_dmtimer_Timer_E_cannotSupport__C                      
838248b8  ti_sysbios_timers_dmtimer_Timer_E_freqMismatch__C                       
838248bc  ti_sysbios_timers_dmtimer_Timer_Module__diagsEnabled__C                 
838248c0  ti_sysbios_timers_dmtimer_Timer_Module__diagsIncluded__C                
838248c4  ti_sysbios_timers_dmtimer_Timer_Module__diagsMask__C                    
838248c8  ti_sysbios_timers_dmtimer_Timer_numTimerDevices__C                      
838248cc  xdc_runtime_Assert_E_assertFailed__C                                    
838248d0  xdc_runtime_Core_A_initializedParams__C                                 
838248d4  xdc_runtime_Core_Module__diagsEnabled__C                                
838248d8  xdc_runtime_Core_Module__diagsIncluded__C                               
838248dc  xdc_runtime_Core_Module__diagsMask__C                                   
838248e0  xdc_runtime_Error_E_memory__C                                           
838248e4  xdc_runtime_Error_Module__diagsEnabled__C                               
838248e8  xdc_runtime_Error_Module__diagsIncluded__C                              
838248ec  xdc_runtime_Error_Module__diagsMask__C                                  
838248f0  xdc_runtime_Error_Module__loggerFxn8__C                                 
838248f4  xdc_runtime_Error_Module__loggerObj__C                                  
838248f8  xdc_runtime_Error_policyFxn__C                                          
838248fc  xdc_runtime_Error_policy__C                                             
83824900  xdc_runtime_Error_raiseHook__C                                          
83824904  xdc_runtime_IGateProvider_Interface__BASE__C                            
83824908  xdc_runtime_IHeap_Interface__BASE__C                                    
8382490c  xdc_runtime_IModule_Interface__BASE__C                                  
83824910  xdc_runtime_Log_L_error__C                                              
83824914  xdc_runtime_Memory_defaultHeapInstance__C                               
83824918  xdc_runtime_Startup_execImpl__C                                         
8382491c  xdc_runtime_Startup_maxPasses__C                                        
83824920  xdc_runtime_Startup_sfxnRts__C                                          
83824924  xdc_runtime_Startup_sfxnTab__C                                          
83824928  xdc_runtime_SysMin_bufSize__C                                           
8382492c  xdc_runtime_SysMin_outputFunc__C                                        
83824930  xdc_runtime_System_Module__gateObj__C                                   
83824934  xdc_runtime_System_abortFxn__C                                          
83824938  xdc_runtime_System_exitFxn__C                                           
8382493c  xdc_runtime_System_extendFxn__C                                         
83824940  xdc_runtime_System_maxAtexitHandlers__C                                 
83824944  xdc_runtime_Text_charTab__C                                             
83824948  xdc_runtime_Text_nameEmpty__C                                           
8382494c  xdc_runtime_Text_nameStatic__C                                          
83824950  xdc_runtime_Text_nameUnknown__C                                         
83824954  xdc_runtime_Text_nodeTab__C                                             
83824958  xdc_runtime_Text_visitRopeFxn__C                                        
8382495c  ti_sysbios_family_c66_Cache_Module__id__C                               
8382495e  ti_sysbios_family_c66_Cache_registerRTSSynch__C                         
83824960  ti_sysbios_family_shared_vayu_IntXbar_Module__id__C                     
83824962  ti_sysbios_gates_GateMutex_Module__id__C                                
83824964  ti_sysbios_hal_Hwi_Module__id__C                                        
83824966  ti_sysbios_heaps_HeapMem_Module__id__C                                  
83824968  ti_sysbios_knl_Clock_Module__id__C                                      
8382496a  ti_sysbios_knl_Clock_Module__loggerDefined__C                           
8382496c  ti_sysbios_knl_Semaphore_Module__id__C                                  
8382496e  ti_sysbios_knl_Semaphore_Module__loggerDefined__C                       
83824970  ti_sysbios_knl_Swi_Module__id__C                                        
83824972  ti_sysbios_knl_Swi_Module__loggerDefined__C                             
83824974  ti_sysbios_knl_Task_Module__id__C                                       
83824976  ti_sysbios_knl_Task_Module__loggerDefined__C                            
83824978  ti_sysbios_timers_dmtimer_Timer_Module__id__C                           
8382497a  ti_sysbios_timers_dmtimer_Timer_checkFrequency__C                       
8382497c  ti_sysbios_timers_dmtimer_Timer_startupNeeded__C                        
8382497e  xdc_runtime_Core_Module__id__C                                          
83824980  xdc_runtime_Error_Module__loggerDefined__C                              
83824982  xdc_runtime_Error_maxDepth__C                                           
83824984  xdc_runtime_Memory_Module__id__C                                        
83824986  xdc_runtime_SysMin_flushAtExit__C                                       
83824988  xdc_runtime_Text_charCnt__C                                             
8382498a  xdc_runtime_Text_isLoaded__C                                            
8382498c  xdc_runtime_Text_registryModsLastId__C                                  
8382498e  xdc_runtime_Text_unnamedModsLastId__C                                   
83824a00  _pingpongSrcBuf                                                         
83825780  _pingpongDestBuf                                                        
83826500  _srcBuff1                                                               
83826580  _dstBuff1                                                               
83826600  _srcBuff2                                                               
83826680  _dstBuff2                                                               
838266c0  _stack                                                                  
838276c0  __TI_STACK_END                                                          
83827700  _dstL1DBuff1                                                            
83827980  _dstL1DBuff2                                                            
83827bc0  __CIOBUF_                                                               
ffffffff  __TI_pprof_out_hndl                                                     
ffffffff  __TI_prof_data_size                                                     
ffffffff  __TI_prof_data_start                                                    
ffffffff  __binit__                                                               
ffffffff  __c_args__                                                              
ffffffff  binit                                                                   
UNDEFED   __TI_INITARRAY_Base                                                     
UNDEFED   __TI_INITARRAY_Limit                                                    
UNDEFED   __TI_TLS_INIT_Base                                                      
UNDEFED   __TI_TLS_INIT_Limit                                                     

[795 symbols]
