******************************************************************************
               TMS320C6x Linker Unix v8.1.0                    
******************************************************************************
>> Linked Wed Dec 14 18:59:29 2016

OUTPUT FILE NAME:   <bin/tda2xx-evm/edma3_drv_tda2xx_sample_c6xdsp_debug.xe66>
ENTRY POINT SYMBOL: "_c_int00"  address: 83122800


MEMORY CONFIGURATION

         name            origin    length      used     unused   attr    fill
----------------------  --------  ---------  --------  --------  ----  --------
  L2SRAM                00800000   00040000  00000000  00040000  RW X
  OCMC_RAM1             40300000   00080000  00000000  00080000  RW X
  OCMC_RAM2             40400000   00100000  00000000  00100000  RW X
  OCMC_RAM3             40500000   00100000  00000000  00100000  RW X
  CODE_CORE_DSP1        83100000   00700000  00023d68  006dc298  RW X
  PRIVATE_DATA_CORE_DSP 83800000   00800000  00027de6  007d821a  RW X
  SHARED_FRAME_BUFFER   8a000000   04000000  00000000  04000000  RW X
  SHARED_CTRL           a0000000   01000000  00000000  01000000  RW X
  SHARED_LOG_MEM        a1000000   00700000  00000000  00700000  RW X
  SHARED_MEM            a2000000   01000000  00000000  01000000  RW X


SEGMENT ALLOCATION MAP

run origin  load origin   length   init length attrs members
----------  ----------- ---------- ----------- ----- -------
83100000    83100000    00020280   00020280    r-x
  83100000    83100000    00020280   00020280    r-x .text
83120280    83120280    00001df8   00000000    rw-
  83120280    83120280    00001df8   00000000    rw- .far
83122400    83122400    00000200   00000200    r-x
  83122400    83122400    00000200   00000200    r-x .vecs
83122800    83122800    00001af0   00001af0    r-x
  83122800    83122800    000000a0   000000a0    r-x .text:_c_int00
  831228a0    831228a0    00001a50   00001a50    r-- .cinit
83800000    83800000    0002099c   00000000    rw-
  83800000    83800000    0002099c   00000000    rw- .fardata
838209a0    838209a0    000040d8   000040d8    r--
  838209a0    838209a0    0000408e   0000408e    r-- .const
  83824a30    83824a30    00000048   00000048    r-- .switch.1
83824a80    83824a80    00002cc0   00000000    rw-
  83824a80    83824a80    00001cc0   00000000    rw- .my_sect_ddr
  83826740    83826740    00001000   00000000    rw- .stack
83827740    83827740    00000034   00000034    r--
  83827740    83827740    00000034   00000034    r-- .switch.2
83827780    83827780    000004c0   00000000    rw-
  83827780    83827780    000004c0   00000000    rw- .my_sect_iram
83827c40    83827c40    000000a0   000000a0    r--
  83827c40    83827c40    000000a0   000000a0    r-- .switch.3
83827ce0    83827ce0    00000120   00000000    rw-
  83827ce0    83827ce0    00000120   00000000    rw- .cio


SECTION ALLOCATION MAP

 output                                  attributes/
section   page    origin      length       input sections
--------  ----  ----------  ----------   ----------------
.stack     0    83826740    00001000     UNINITIALIZED
                  83826740    00000008     boot.ae66 : boot.oe66 (.stack)
                  83826748    00000ff8     --HOLE--

.cinit     0    831228a0    00001a50     
                  831228a0    00001a07     (.cinit..fardata.load) [load image, compression = rle]
                  831242a7    00000001     --HOLE-- [fill = 0]
                  831242a8    0000000c     (__TI_handler_table)
                  831242b4    00000008     (.cinit..far.load) [load image, compression = zero_init]
                  831242bc    00000008     (.cinit..my_sect_ddr.load) [load image, compression = zero_init]
                  831242c4    00000008     (.cinit..my_sect_iram.load) [load image, compression = zero_init]
                  831242cc    00000004     --HOLE-- [fill = 0]
                  831242d0    00000020     (__TI_cinit_table)

.init_array 
*          0    83800000    00000000     UNINITIALIZED

.far       0    83120280    00001df8     UNINITIALIZED
                  83120280    00001000     (.common:ti_sysbios_heaps_HeapMem_Instance_State_0_buf__A)
                  83121280    00000800     edma3_drv_bios6_tda2xx_st_sample_pe66.oe66 (.far:taskStackSection)
                  83121a80    00000400     (.common:xdc_runtime_SysMin_Module_State_0_outbuf__A)
                  83121e80    00000140     (.common:__TI_tmpnams)
                  83121fc0    00000014     (.common:edma3_dma_ch_max_val)
                  83121fd4    00000004     (.common:dsp_num)
                  83121fd8    00000014     (.common:edma3_link_ch_max_val)
                  83121fec    00000004     (.common:dsp_num_tmp)
                  83121ff0    00000014     (.common:edma3_link_ch_min_val)
                  83122004    00000004     (.common:dstBuff1)
                  83122008    00000014     (.common:edma3_log_ch_max_val)
                  8312201c    00000004     (.common:dstBuff2)
                  83122020    00000014     (.common:edma3_qdma_ch_max_val)
                  83122034    00000004     (.common:dstL1DBuff1)
                  83122038    00000014     (.common:edma3_qdma_ch_min_val)
                  8312204c    00000004     (.common:dstL1DBuff2)
                  83122050    00000008     (.common:parmbuf)
                  83122058    00000004     (.common:myCoreNum)
                  8312205c    00000004     (.common:pingpongDestBuf)
                  83122060    00000004     (.common:pingpongDestBufCopy)
                  83122064    00000004     (.common:pingpongSrcBuf)
                  83122068    00000004     (.common:pingpongSrcBufCopy)
                  8312206c    00000004     (.common:region_id)
                  83122070    00000004     (.common:srcBuff1)
                  83122074    00000004     (.common:srcBuff2)

.vecs      0    83122400    00000200     
                  83122400    00000200     edma3_drv_bios6_tda2xx_st_sample_pe66.oe66 (.vecs)

.text:_c_int00 
*          0    83122800    000000a0     
                  83122800    000000a0     boot.ae66 : boot.oe66 (.text:_c_int00)

.my_sect_ddr 
*          0    83824a80    00001cc0     UNINITIALIZED
                  83824a80    00001b00     dma_ping_pong_test.oe66 (.my_sect_ddr)
                  83826580    000001c0     common.oe66 (.my_sect_ddr)

.my_sect_iram 
*          0    83827780    000004c0     UNINITIALIZED
                  83827780    000004c0     dma_ping_pong_test.oe66 (.my_sect_iram)

xdc.meta   0    83800000    000001d8     COPY SECTION
                  83800000    000001d8     edma3_drv_bios6_tda2xx_st_sample_pe66.oe66 (xdc.meta)

.text      0    83100000    00020280     
                  83100000    00000d40     edma3_lld_rm.ae66 : edma3resmgr.oe66 (.text:EDMA3_RM_allocResource)
                  83100d40    00000d00     qdma_link_test.oe66 (.text:qdma_test_with_link)
                  83101a40    00000c20     edma3_lld_drv.ae66 : edma3_drv_basic.oe66 (.text:EDMA3_DRV_requestChannel)
                  83102660    00000880     rts6600_elf.lib : _printfi.obj (.text:_pproc_diouxp)
                  83102ee0    00000880     dma_link_test.oe66 (.text:edma3_test_with_link)
                  83103760    00000880     ti.targets.rts6000.ae66 : System.oe66 (.text:xdc_runtime_System_doPrint__I)
                  83103fe0    00000800     sysbios.ae66 : BIOS.obj (.text:ti_sysbios_knl_Semaphore_pend__E)
                  831047e0    000007e0     edma3_lld_rm.ae66 : edma3resmgr.oe66 (.text:edma3CCErrHandler)
                  83104fc0    000007e0     dma_chain_test.oe66 (.text:edma3_test_with_chaining)
                  831057a0    000007a0     dma_ping_pong_test.oe66 (.text:edma3_test_ping_pong_mode)
                  83105f40    00000780     rts6600_elf.lib : _printfi.obj (.text:__TI_printfi)
                  831066c0    00000780     sysbios.ae66 : BIOS.obj (.text:ti_sysbios_family_c64p_Exception_handler__I)
                  83106e40    00000740     edma3_lld_rm.ae66 : edma3resmgr.oe66 (.text:EDMA3_RM_open)
                  83107580    000006a0                       : edma3resmgr.oe66 (.text:EDMA3_RM_create)
                  83107c20    00000640     qdma_test.oe66 (.text:qdma_test)
                  83108260    00000640     sysbios.ae66 : BIOS.obj (.text:ti_sysbios_heaps_HeapMem_allocUnprotected__E)
                  831088a0    00000600     rts6600_elf.lib : divd.obj (.text:__c6xabi_divd)
                  83108ea0    000005c0     sysbios.ae66 : BIOS.obj (.text:ti_sysbios_heaps_HeapMem_freeUnprotected__E)
                  83109460    000005a0     rts6600_elf.lib : _printfi.obj (.text:_setfield)
                  83109a00    00000580     edma3_lld_rm.ae66 : edma3resmgr.oe66 (.text:EDMA3_RM_freeResource)
                  83109f80    00000560     rts6600_elf.lib : _printfi.obj (.text:_pconv_g)
                  8310a4e0    00000560     dma_test.oe66 (.text:edma3_test)
                  8310aa40    00000520     main.oe66 (.text:echo)
                  8310af60    00000520     sysbios.ae66 : BIOS.obj (.text:ti_sysbios_knl_Task_Instance_finalize__E)
                  8310b480    00000500     edma3_lld_rm.ae66 : edma3resmgr.oe66 (.text:edma3TCErrHandler)
                  8310b980    000004a0     rts6600_elf.lib : _printfi.obj (.text:_pconv_e)
                  8310be20    00000480     edma3_lld_drv.ae66 : edma3_drv_basic.oe66 (.text:EDMA3_DRV_disableTransfer)
                  8310c2a0    00000480     dma_poll_test.oe66 (.text:edma3_test_poll_mode)
                  8310c720    00000440     rts6600_elf.lib : _printfi.obj (.text:_pconv_a)
                  8310cb60    000003e0     edma3_lld_drv.ae66 : edma3_drv_init.oe66 (.text:edma3OpenResMgr)
                  8310cf40    000003e0     sysbios.ae66 : BIOS.obj (.text:ti_sysbios_timers_dmtimer_Timer_checkFreq__I)
                  8310d320    000003c0     edma3_lld_drv.ae66 : edma3_drv_init.oe66 (.text:EDMA3_DRV_create)
                  8310d6e0    000003c0     sysbios.ae66 : BIOS.obj (.text:ti_sysbios_knl_Task_Module_startup__E)
                  8310daa0    000003a0     edma3_lld_drv.ae66 : edma3_drv_basic.oe66 (.text:EDMA3_DRV_freeChannel)
                  8310de40    000003a0     sysbios.ae66 : BIOS.obj (.text:ti_sysbios_knl_Task_Instance_init__E)
                  8310e1e0    00000380     edma3_lld_rm.ae66 : edma3resmgr.oe66 (.text:edma3ComplHandler)
                  8310e560    00000380     sysbios.ae66 : BIOS.obj (.text:ti_sysbios_timers_dmtimer_Timer_deviceConfig__I)
                  8310e8e0    00000360     edma3_lld_drv.ae66 : edma3_drv_basic.oe66 (.text:EDMA3_DRV_enableTransfer)
                  8310ec40    00000360     rts6600_elf.lib : _printfi.obj (.text:acvt)
                  8310efa0    00000360                     : fputs.obj (.text:fputs)
                  8310f300    00000340     edma3_lld_drv.ae66 : edma3_drv_adv.oe66 (.text:EDMA3_DRV_getPaRAMField)
                  8310f640    00000340     sysbios.ae66 : BIOS.obj (.text:ti_sysbios_family_shared_vayu_IntXbar_connect__E)
                  8310f980    00000340     edma3_drv_bios6_tda2xx_st_sample_pe66.oe66 (.text:xdc_runtime_System_printfExtend__I)
                  8310fcc0    00000320     rts6600_elf.lib : _printfi.obj (.text:_pproc_fgea)
                  8310ffe0    00000300     edma3_lld_drv.ae66 : edma3_drv_basic.oe66 (.text:EDMA3_DRV_setDestParams)
                  831102e0    00000300                        : edma3_drv_basic.oe66 (.text:EDMA3_DRV_setSrcParams)
                  831105e0    000002e0                        : edma3_drv_basic.oe66 (.text:EDMA3_DRV_setOptField)
                  831108c0    000002e0                        : edma3_drv_basic.oe66 (.text:edma3RemoveMapping)
                  83110ba0    000002e0     sysbios.ae66 : BIOS.obj (.text:ti_sysbios_heaps_HeapMem_Instance_init__E)
                  83110e80    000002c0     edma3_lld_drv.ae66 : edma3_drv_init.oe66 (.text:EDMA3_DRV_open)
                  83111140    000002c0     edma3_lld_drv_sample.ae66 : sample_tda2xx_int_reg.oe66 (.text:registerEdma3Interrupts)
                  83111400    000002a0     rts6600_elf.lib : _printfi.obj (.text:_pproc_fwp)
                  831116a0    000002a0     sysbios.ae66 : BIOS.obj (.text:ti_sysbios_knl_Clock_workFunc__E)
                  83111940    000002a0                  : BIOS.obj (.text:ti_sysbios_knl_Semaphore_post__E)
                  83111be0    00000280     edma3_lld_drv.ae66 : edma3_drv_adv.oe66 (.text:EDMA3_DRV_linkChannel)
                  83111e60    00000280     rts6600_elf.lib : _printfi.obj (.text:_pconv_f)
                  831120e0    00000280     edma3_lld_rm.ae66 : edma3resmgr.oe66 (.text:edma3ShadowRegionInit)
                  83112360    00000280     rts6600_elf.lib : _printfi.obj (.text:fcvt)
                  831125e0    00000280     sysbios.ae66 : BIOS.obj (.text:ti_sysbios_timers_dmtimer_Timer_setPeriodMicroSecs__E)
                  83112860    00000260     edma3_lld_drv.ae66 : edma3_drv_adv.oe66 (.text:EDMA3_DRV_chainChannel)
                  83112ac0    00000260     main.oe66 (.text:edma3MemToMemCpytest)
                  83112d20    00000260     sysbios.ae66 : BIOS.obj (.text:ti_sysbios_family_c64p_Hwi_dispatchCore__I)
                  83112f80    00000240     edma3_lld_drv.ae66 : edma3_drv_basic.oe66 (.text:EDMA3_DRV_setTransferParams)
                  831131c0    00000240     edma3_lld_rm.ae66 : edma3resmgr.oe66 (.text:EDMA3_RM_close)
                  83113400    00000240                       : edma3resmgr.oe66 (.text:EDMA3_RM_registerTccCb)
                  83113640    00000240                       : edma3resmgr.oe66 (.text:EDMA3_RM_unregisterTccCb)
                  83113880    00000240     rts6600_elf.lib : imath64.obj (.text:__c6xabi_divull)
                  83113ac0    00000240                     : _printfi.obj (.text:_ltostr)
                  83113d00    00000240                     : setvbuf.obj (.text:setvbuf)
                  83113f40    00000240     sysbios.ae66 : BIOS.obj (.text:ti_sysbios_family_c64p_Exception_internalHandler__I)
                  83114180    00000220     rts6600_elf.lib : fputc.obj (.text:fputc)
                  831143a0    00000220     sysbios.ae66 : BIOS.obj (.text:ti_sysbios_knl_Swi_run__I)
                  831145c0    00000220     ti.targets.rts6000.ae66 : Core-mem.oe66 (.text:xdc_runtime_Core_createObject__I)
                  831147e0    00000200     sysbios.ae66 : c64p_Hwi_disp_always.obj (.text:_ti_sysbios_family_c64p_Hwi_dispatchAlways)
                  831149e0    00000200     edma3_lld_rm.ae66 : edma3resmgr.oe66 (.text:edma3GlobalRegionInit)
                  83114be0    00000200     sysbios.ae66 : BIOS.obj (.text:ti_sysbios_family_c64p_EventCombiner_dispatchPlug__E)
                  83114de0    00000200                  : BIOS.obj (.text:ti_sysbios_family_c64p_EventCombiner_dispatch__E)
                  83114fe0    000001e0     edma3_lld_drv.ae66 : edma3_drv_basic.oe66 (.text:EDMA3_DRV_setDestIndex)
                  831151c0    000001e0                        : edma3_drv_basic.oe66 (.text:EDMA3_DRV_setSrcIndex)
                  831153a0    000001e0     dma_misc_test.oe66 (.text:edma3_misc_test)
                  83115580    000001e0     sysbios.ae66 : BIOS.obj (.text:ti_sysbios_gates_GateMutex_enter__E)
                  83115760    000001e0                  : BIOS.obj (.text:ti_sysbios_knl_Task_checkStacks__E)
                  83115940    000001e0                  : BIOS.obj (.text:ti_sysbios_knl_Task_exit__E)
                  83115b20    000001e0     ti.targets.rts6000.ae66 : Error.oe66 (.text:xdc_runtime_Error_policyDefault__E)
                  83115d00    000001e0                             : Startup.oe66 (.text:xdc_runtime_Startup_startMods__I)
                  83115ee0    000001c0     edma3_lld_drv.ae66 : edma3_drv_basic.oe66 (.text:EDMA3_DRV_clearErrorBits)
                  831160a0    000001c0     rts6600_elf.lib : imath40.obj (.text:__c6xabi_divul)
                  83116260    000001c0     edma3_lld_drv_sample.ae66 : sample_init.oe66 (.text:edma3init)
                  83116420    000001c0     ti.targets.rts6000.ae66 : Text.oe66 (.text:xdc_runtime_Text_putSite__E)
                  831165e0    000001a0     rts6600_elf.lib : trgdrv.obj (.text:HOSTrename)
                  83116780    000001a0                     : frexp.obj (.text:frexp)
                  83116920    000001a0                     : lowlev.obj (.text:getdevice)
                  83116ac0    000001a0     main.oe66 (.text:printWelcomeBanner)
                  83116c60    000001a0     sysbios.ae66 : BIOS.obj (.text:ti_sysbios_family_c66_Cache_getL2InitSize__I)
                  83116e00    000001a0                  : BIOS.obj (.text:ti_sysbios_knl_Task_postInit__I)
                  83116fa0    000001a0                  : BIOS.obj (.text:ti_sysbios_knl_Task_schedule__I)
                  83117140    00000180                  : c64p_Exception_asm.obj (.text)
                  831172c0    00000180                  : BIOS.obj (.text:ti_sysbios_family_c66_Cache_block__I)
                  83117440    00000180                  : BIOS.obj (.text:ti_sysbios_knl_Task_startCore__E)
                  831175c0    00000180                  : BIOS.obj (.text:ti_sysbios_timers_dmtimer_Timer_start__E)
                  83117740    00000180     ti.targets.rts6000.ae66 : Core-smem.oe66 (.text:xdc_runtime_Core_constructObject__I)
                  831178c0    00000160     edma3_lld_drv.ae66 : edma3_drv_init.oe66 (.text:EDMA3_DRV_delete)
                  83117a20    00000160                        : edma3_drv_adv.oe66 (.text:EDMA3_DRV_setQdmaTrigWord)
                  83117b80    00000160                        : edma3_drv_adv.oe66 (.text:EDMA3_DRV_waitAndClearTcc)
                  83117ce0    00000160     edma3_lld_rm.ae66 : edma3resmgr.oe66 (.text:EDMA3_RM_delete)
                  83117e40    00000160     sysbios.ae66 : BIOS.obj (.text:ti_sysbios_knl_Swi_post__E)
                  83117fa0    00000140     edma3_lld_drv.ae66 : edma3_drv_adv.oe66 (.text:EDMA3_DRV_getPaRAMPhyAddr)
                  831180e0    00000140                        : edma3_drv_adv.oe66 (.text:EDMA3_DRV_setPaRAM)
                  83118220    00000140                        : edma3_drv_adv.oe66 (.text:EDMA3_DRV_setPaRAMEntry)
                  83118360    00000140     rts6600_elf.lib : fclose.obj (.text:__TI_closefile)
                  831184a0    00000140     boot.ae66 : autoinit.oe66 (.text:_auto_init_elf)
                  831185e0    00000140     rts6600_elf.lib : fflush.obj (.text:fflush)
                  83118720    00000140                     : ldexp.obj (.text:ldexp)
                  83118860    00000140     sysbios.ae66 : BIOS.obj (.text:ti_sysbios_family_c64p_Hwi_Module_startup__E)
                  831189a0    00000140                  : BIOS.obj (.text:ti_sysbios_family_c66_Cache_getL1DInitSize__I)
                  83118ae0    00000140                  : BIOS.obj (.text:ti_sysbios_family_c66_Cache_getL1PInitSize__I)
                  83118c20    00000140                  : BIOS.obj (.text:ti_sysbios_family_c66_Cache_startup__I)
                  83118d60    00000140                  : BIOS.obj (.text:ti_sysbios_knl_Semaphore_Instance_init__E)
                  83118ea0    00000140                  : BIOS.obj (.text:ti_sysbios_knl_Task_blockI__E)
                  83118fe0    00000120     edma3_lld_drv.ae66 : edma3_drv_init.oe66 (.text:EDMA3_DRV_close)
                  83119100    00000120     rts6600_elf.lib : fseek.obj (.text:fseek)
                  83119220    00000120     edma3_drv_bios6_tda2xx_st_sample_pe66.oe66 (.text:ti_sysbios_BIOS_rtsUnlock__I)
                  83119340    00000120     sysbios.ae66 : BIOS.obj (.text:ti_sysbios_family_shared_vayu_IntXbar_initIntXbar__I)
                  83119460    00000120                  : BIOS.obj (.text:ti_sysbios_family_shared_vayu_IntXbar_initXbarRegs__I)
                  83119580    00000120                  : BIOS.obj (.text:ti_sysbios_knl_Swi_restoreHwi__E)
                  831196a0    00000120                  : BIOS.obj (.text:ti_sysbios_timers_dmtimer_Timer_Module_startup__E)
                  831197c0    00000120                  : BIOS.obj (.text:ti_sysbios_timers_dmtimer_Timer_initDevice__I)
                  831198e0    00000120     ti.targets.rts6000.ae66 : Core-mem.oe66 (.text:xdc_runtime_Core_deleteObject__I)
                  83119a00    00000120                             : Text.oe66 (.text:xdc_runtime_Text_putLab__E)
                  83119b20    00000120                             : Text.oe66 (.text:xdc_runtime_Text_putMod__E)
                  83119c40    00000100     edma3_lld_drv.ae66 : edma3_drv_adv.oe66 (.text:EDMA3_DRV_setCCRegister)
                  83119d40    00000100     rts6600_elf.lib : trgdrv.obj (.text:HOSTlseek)
                  83119e40    00000100                     : copy_decompress_rle.obj (.text:__TI_decompress_rle_core)
                  83119f40    00000100                     : _io_perm.obj (.text:__TI_wrt_ok)
                  8311a040    00000100                     : atoi.obj (.text:atoi)
                  8311a140    00000100     edma3_lld_drv_sample.ae66 : sample_cs.oe66 (.text:edma3OsProtectEntry)
                  8311a240    00000100     dma_ping_pong_test.oe66 (.text:process_ping_pong_buffer)
                  8311a340    00000100     sysbios.ae66 : BIOS.obj (.text:ti_sysbios_knl_Swi_schedule__I)
                  8311a440    00000100                  : BIOS.obj (.text:ti_sysbios_knl_Task_unblockI__E)
                  8311a540    00000100     edma3_lld_drv_sample.ae66 : sample_tda2xx_int_reg.oe66 (.text:unregisterEdma3Interrupts)
                  8311a640    00000100     ti.targets.rts6000.ae66 : Startup.oe66 (.text:xdc_runtime_Startup_exec__E)
                  8311a740    000000e0     rts6600_elf.lib : trgdrv.obj (.text:HOSTopen)
                  8311a820    000000e0                     : trgdrv.obj (.text:HOSTwrite)
                  8311a900    000000e0                     : lowlev.obj (.text:close)
                  8311a9e0    000000e0     edma3_lld_rm.ae66 : edma3resmgr.oe66 (.text:edma3MemCpy)
                  8311aac0    000000e0     edma3_lld_drv_sample.ae66 : sample_cs.oe66 (.text:edma3OsProtectExit)
                  8311aba0    000000e0     rts6600_elf.lib : ltoa.obj (.text:ltoa)
                  8311ac80    000000e0                     : memset.obj (.text:memset)
                  8311ad60    000000e0                     : printf.obj (.text:printf)
                  8311ae40    000000e0     edma3_lld_drv_sample.ae66 : sample_tda2xx_int_reg.oe66 (.text:sampleConfigScr)
                  8311af20    000000e0     sysbios.ae66 : BIOS.obj (.text:ti_sysbios_knl_Swi_runLoop__I)
                  8311b000    000000e0                  : BIOS.obj (.text:ti_sysbios_knl_Swi_startup__E)
                  8311b0e0    000000e0                  : BIOS.obj (.text:ti_sysbios_timers_dmtimer_Timer_startup__E)
                  8311b1c0    000000e0     ti.targets.rts6000.ae66 : Error.oe66 (.text:xdc_runtime_Error_print__E)
                  8311b2a0    000000e0                             : Memory.oe66 (.text:xdc_runtime_Memory_alloc__E)
                  8311b380    000000e0                             : Text.oe66 (.text:xdc_runtime_Text_visitRope2__I)
                  8311b460    000000c0     edma3_lld_drv.ae66 : edma3_drv_init.oe66 (.text:EDMA3_DRV_initXbarEventMap)
                  8311b520    000000c0     rts6600_elf.lib : trgdrv.obj (.text:HOSTread)
                  8311b5e0    000000c0                     : trgdrv.obj (.text:HOSTunlink)
                  8311b6a0    000000c0                     : fflush.obj (.text:__TI_doflush)
                  8311b760    000000c0                     : divu.obj (.text:__divu)
                  8311b820    000000c0     main.oe66 (.text:bypassCore)
                  8311b8e0    000000c0     rts6600_elf.lib : exit.obj (.text:exit)
                  8311b9a0    000000c0     sysbios.ae66 : BIOS.obj (.text:ti_sysbios_heaps_HeapMem_alloc__E)
                  8311ba60    000000c0                  : BIOS.obj (.text:ti_sysbios_heaps_HeapMem_getStats__E)
                  8311bb20    000000c0                  : BIOS.obj (.text:ti_sysbios_knl_Clock_logTick__E)
                  8311bbe0    000000c0                  : BIOS.obj (.text:ti_sysbios_knl_Task_allBlockedFunction__I)
                  8311bca0    000000c0                  : BIOS.obj (.text:ti_sysbios_timers_dmtimer_Timer_stop__E)
                  8311bd60    000000c0     rts6600_elf.lib : tls.obj (.text:tls:init:__TI_tls_init)
                  8311be20    000000c0     ti.targets.rts6000.ae66 : System.oe66 (.text:xdc_runtime_System_formatNum__I)
                  8311bee0    000000a0     edma3_lld_drv.ae66 : edma3_drv_adv.oe66 (.text:EDMA3_DRV_getCCRegister)
                  8311bf80    000000a0     edma3_lld_rm.ae66 : edma3resmgr.oe66 (.text:EDMA3_RM_initXbarEventMap)
                  8311c020    000000a0     rts6600_elf.lib : trgdrv.obj (.text:HOSTclose)
                  8311c0c0    000000a0                     : fopen.obj (.text:__TI_cleanup)
                  8311c160    000000a0                     : remu.obj (.text:__remu)
                  8311c200    000000a0     edma3_lld_rm.ae66 : edma3resmgr.oe66 (.text:edma3MemZero)
                  8311c2a0    000000a0                       : edma3resmgr.oe66 (.text:edma3ParamCpy)
                  8311c340    000000a0     edma3_lld_drv_sample.ae66 : sample_init.oe66 (.text:edma3deinit)
                  8311c3e0    000000a0     rts6600_elf.lib : memcpy64.obj (.text:memcpy)
                  8311c480    000000a0     sysbios.ae66 : BIOS.obj (.text:ti_sysbios_family_c64p_Exception_Module_startup__E)
                  8311c520    000000a0                  : BIOS.obj (.text:ti_sysbios_family_c64p_Hwi_dispatchC__I)
                  8311c5c0    000000a0                  : BIOS.obj (.text:ti_sysbios_family_c64p_Hwi_getStackInfo__E)
                  8311c660    000000a0                  : BIOS.obj (.text:ti_sysbios_heaps_HeapMem_init__I)
                  8311c700    000000a0     edma3_drv_bios6_tda2xx_st_sample_pe66.oe66 (.text:ti_sysbios_knl_Task_create)
                  8311c7a0    000000a0     main.oe66 (.text:tskHeartBit)
                  8311c840    000000a0     ti.targets.rts6000.ae66 : Assert.oe66 (.text:xdc_runtime_Assert_raise__I)
                  8311c8e0    000000a0                             : Error.oe66 (.text:xdc_runtime_Error_setX__E)
                  8311c980    000000a0                             : SysMin.oe66 (.text:xdc_runtime_SysMin_abort__E)
                  8311ca20    000000a0                             : SysMin.oe66 (.text:xdc_runtime_SysMin_flush__E)
                  8311cac0    000000a0                             : SysMin.oe66 (.text:xdc_runtime_SysMin_putch__E)
                  8311cb60    000000a0                             : Text.oe66 (.text:xdc_runtime_Text_xprintf__I)
                  8311cc00    00000080     rts6600_elf.lib : trgmsg.obj (.text:__TI_readmsg)
                  8311cc80    00000080                     : trgmsg.obj (.text:__TI_writemsg)
                  8311cd00    00000080                     : llshift.obj (.text:__c6xabi_llshl)
                  8311cd80    00000080     sysbios.ae66 : c62_TaskSupport_asm.obj (.text:_ti_sysbios_family_c62_TaskSupport_swap__E)
                  8311ce00    00000080     common.oe66 (.text:callback1)
                  8311ce80    00000080     common.oe66 (.text:callback2)
                  8311cf00    00000080     edma3_lld_drv_sample.ae66 : sample_tda2xx_cfg.oe66 (.text:determineProcId)
                  8311cf80    00000080                               : sample_tda2xx_int_reg.oe66 (.text:sampleInitXbarEvt)
                  8311d000    00000080                               : sample_tda2xx_int_reg.oe66 (.text:sampleMapXbarEvtToChan)
                  8311d080    00000080     sysbios.ae66 : BIOS.obj (.text:ti_sysbios_hal_Hwi_checkStack)
                  8311d100    00000080                  : BIOS.obj (.text:ti_sysbios_hal_Hwi_initStack)
                  8311d180    00000080     edma3_drv_bios6_tda2xx_st_sample_pe66.oe66 (.text:ti_sysbios_heaps_HeapMem_Object__get__S)
                  8311d200    00000080     sysbios.ae66 : BIOS.obj (.text:ti_sysbios_knl_Idle_run__E)
                  8311d280    00000080                  : BIOS.obj (.text:ti_sysbios_knl_Semaphore_pendTimeout__I)
                  8311d300    00000080     edma3_drv_bios6_tda2xx_st_sample_pe66.oe66 (.text:ti_sysbios_knl_Task_Object__get__S)
                  8311d380    00000080     sysbios.ae66 : BIOS.obj (.text:ti_sysbios_knl_Task_enable__E)
                  8311d400    00000080                  : BIOS.obj (.text:ti_sysbios_knl_Task_processVitalTaskFlag__I)
                  8311d480    00000080     rts6600_elf.lib : lowlev.obj (.text:unlink)
                  8311d500    00000080     ti.targets.rts6000.ae66 : Core-label.oe66 (.text:xdc_runtime_Core_assignLabel__I)
                  8311d580    00000080                             : Core-params.oe66 (.text:xdc_runtime_Core_assignParams__I)
                  8311d600    00000080                             : System.oe66 (.text:xdc_runtime_System_atexit__E)
                  8311d680    00000080                             : System.oe66 (.text:xdc_runtime_System_processAtExit__E)
                  8311d700    00000080                             : System.oe66 (.text:xdc_runtime_System_putchar__I)
                  8311d780    00000080                             : Text.oe66 (.text:xdc_runtime_Text_printVisFxn__I)
                  8311d800    00000060     rts6600_elf.lib : frcmpyd_div.obj (.text:__TI_frcmpyd_div)
                  8311d860    00000060                     : llshift.obj (.text:__c6xabi_llshru)
                  8311d8c0    00000060     sysbios.ae66 : c64p_Hwi_asm_switch.obj (.text:_ti_sysbios_family_c64p_Hwi_switchAndDispatch__I)
                  8311d920    00000060                  : c64p_Hwi_asm_switch.obj (.text:_ti_sysbios_family_xxx_Hwi_switchAndRunFunc)
                  8311d980    00000060     edma3_lld_drv_sample.ae66 : sample_cs.oe66 (.text:edma3OsSemCreate)
                  8311d9e0    00000060                               : sample_cs.oe66 (.text:edma3OsSemTake)
                  8311da40    00000060     rts6600_elf.lib : lowlev.obj (.text:lseek)
                  8311daa0    00000060     edma3_drv_bios6_tda2xx_st_sample_pe66.oe66 (.text:malloc)
                  8311db00    00000060     rts6600_elf.lib : memccpy.obj (.text:memccpy)
                  8311db60    00000060     edma3_drv_bios6_tda2xx_st_sample_pe66.oe66 (.text:ti_sysbios_BIOS_atExitFunc__I)
                  8311dbc0    00000060     edma3_drv_bios6_tda2xx_st_sample_pe66.oe66 (.text:ti_sysbios_BIOS_errorRaiseHook__I)
                  8311dc20    00000060     edma3_drv_bios6_tda2xx_st_sample_pe66.oe66 (.text:ti_sysbios_BIOS_rtsLock__I)
                  8311dc80    00000060     sysbios.ae66 : BIOS.obj (.text:ti_sysbios_family_c62_TaskSupport_start__E)
                  8311dce0    00000060                  : BIOS.obj (.text:ti_sysbios_family_c64p_EventCombiner_Module_startup__E)
                  8311dd40    00000060                  : BIOS.obj (.text:ti_sysbios_family_c64p_EventCombiner_unused__E)
                  8311dda0    00000060                  : BIOS.obj (.text:ti_sysbios_family_c66_Cache_Module_startup__E)
                  8311de00    00000060     edma3_drv_bios6_tda2xx_st_sample_pe66.oe66 (.text:ti_sysbios_gates_GateHwi_Object__create__S)
                  8311de60    00000060     edma3_drv_bios6_tda2xx_st_sample_pe66.oe66 (.text:ti_sysbios_gates_GateMutex_Object__create__S)
                  8311dec0    00000060     edma3_drv_bios6_tda2xx_st_sample_pe66.oe66 (.text:ti_sysbios_heaps_HeapMem_Object__create__S)
                  8311df20    00000060     sysbios.ae66 : BIOS.obj (.text:ti_sysbios_heaps_HeapMem_free__E)
                  8311df80    00000060     edma3_drv_bios6_tda2xx_st_sample_pe66.oe66 (.text:ti_sysbios_knl_Clock_doTick__I)
                  8311dfe0    00000060     edma3_drv_bios6_tda2xx_st_sample_pe66.oe66 (.text:ti_sysbios_knl_Queue_Object__get__S)
                  8311e040    00000060     edma3_drv_bios6_tda2xx_st_sample_pe66.oe66 (.text:ti_sysbios_knl_Queue_construct)
                  8311e0a0    00000060     edma3_drv_bios6_tda2xx_st_sample_pe66.oe66 (.text:ti_sysbios_knl_Semaphore_construct)
                  8311e100    00000060     edma3_drv_bios6_tda2xx_st_sample_pe66.oe66 (.text:ti_sysbios_knl_Semaphore_create)
                  8311e160    00000060     sysbios.ae66 : BIOS.obj (.text:ti_sysbios_knl_Swi_Module_startup__E)
                  8311e1c0    00000060     edma3_drv_bios6_tda2xx_st_sample_pe66.oe66 (.text:ti_sysbios_knl_Swi_Object__get__S)
                  8311e220    00000060     sysbios.ae66 : BIOS.obj (.text:ti_sysbios_knl_Task_enter__I)
                  8311e280    00000060     rts6600_elf.lib : lowlev.obj (.text:write)
                  8311e2e0    00000060     ti.targets.rts6000.ae66 : Memory.oe66 (.text:xdc_runtime_Memory_valloc__E)
                  8311e340    00000060                             : SysMin.oe66 (.text:xdc_runtime_SysMin_Module_startup__E)
                  8311e3a0    00000060                             : SysMin.oe66 (.text:xdc_runtime_SysMin_exit__E)
                  8311e400    00000060     edma3_drv_bios6_tda2xx_st_sample_pe66.oe66 (.text:xdc_runtime_SysMin_output__I)
                  8311e460    00000060     ti.targets.rts6000.ae66 : System.oe66 (.text:xdc_runtime_System_avprintf__E)
                  8311e4c0    00000060                             : System.oe66 (.text:xdc_runtime_System_vprintf__E)
                  8311e520    00000060                             : Text.oe66 (.text:xdc_runtime_Text_cordText__E)
                  8311e580    00000040     edma3_lld_drv_sample.ae66 : sample_cs.oe66 (.text:Edma3_CacheFlush)
                  8311e5c0    00000040                               : sample_cs.oe66 (.text:Edma3_CacheInvalidate)
                  8311e600    00000040     rts6600_elf.lib : assert.obj (.text:__c6xabi_abort_msg)
                  8311e640    00000040                     : isinf.obj (.text:__c6xabi_isinf)
                  8311e680    00000040                     : _printfi.obj (.text:__c6xabi_isnan)
                  8311e6c0    00000040                     : strasg.obj (.text:__strasgi_64plus)
                  8311e700    00000040                     : args_main.obj (.text:_args_main)
                  8311e740    00000040                     : imath64.obj (.text:_subcull)
                  8311e780    00000040     sysbios.ae66 : c62_TaskSupport_asm.obj (.text:_ti_sysbios_family_c62_TaskSupport_buildTaskStack)
                  8311e7c0    00000040     edma3_lld_drv_sample.ae66 : sample_cs.oe66 (.text:edma3OsSemDelete)
                  8311e800    00000040                               : sample_cs.oe66 (.text:edma3OsSemGive)
                  8311e840    00000040     edma3_drv_bios6_tda2xx_st_sample_pe66.oe66 (.text:free)
                  8311e880    00000040     edma3_lld_rm.ae66 : edma3resmgr.oe66 (.text:lisrEdma3CCErrHandler0)
                  8311e8c0    00000040                       : edma3resmgr.oe66 (.text:lisrEdma3ComplHandler0)
                  8311e900    00000040                       : edma3resmgr.oe66 (.text:lisrEdma3TC0ErrHandler0)
                  8311e940    00000040                       : edma3resmgr.oe66 (.text:lisrEdma3TC1ErrHandler0)
                  8311e980    00000040                       : edma3resmgr.oe66 (.text:lisrEdma3TC2ErrHandler0)
                  8311e9c0    00000040                       : edma3resmgr.oe66 (.text:lisrEdma3TC3ErrHandler0)
                  8311ea00    00000040                       : edma3resmgr.oe66 (.text:lisrEdma3TC4ErrHandler0)
                  8311ea40    00000040                       : edma3resmgr.oe66 (.text:lisrEdma3TC5ErrHandler0)
                  8311ea80    00000040                       : edma3resmgr.oe66 (.text:lisrEdma3TC6ErrHandler0)
                  8311eac0    00000040                       : edma3resmgr.oe66 (.text:lisrEdma3TC7ErrHandler0)
                  8311eb00    00000040     main.oe66 (.text:main)
                  8311eb40    00000040     edma3_drv_bios6_tda2xx_st_sample_pe66.oe66 (.text:ti_sysbios_BIOS_exitFunc__I)
                  8311eb80    00000040     edma3_drv_bios6_tda2xx_st_sample_pe66.oe66 (.text:ti_sysbios_BIOS_registerRTSLock__I)
                  8311ebc0    00000040     edma3_drv_bios6_tda2xx_st_sample_pe66.oe66 (.text:ti_sysbios_BIOS_removeRTSLock__I)
                  8311ec00    00000040     edma3_drv_bios6_tda2xx_st_sample_pe66.oe66 (.text:ti_sysbios_BIOS_startFunc__I)
                  8311ec40    00000040     sysbios.ae66 : BIOS.obj (.text:ti_sysbios_family_c64p_EventCombiner_disableEvent__E)
                  8311ec80    00000040                  : BIOS.obj (.text:ti_sysbios_family_c64p_EventCombiner_enableEvent__E)
                  8311ecc0    00000040     edma3_drv_bios6_tda2xx_st_sample_pe66.oe66 (.text:ti_sysbios_family_c64p_Hwi_Module__startupDone__F)
                  8311ed00    00000040     sysbios.ae66 : BIOS.obj (.text:ti_sysbios_family_c64p_Hwi_disableInterrupt__E)
                  8311ed40    00000040                  : BIOS.obj (.text:ti_sysbios_family_c64p_Hwi_enableInterrupt__E)
                  8311ed80    00000040     edma3_drv_bios6_tda2xx_st_sample_pe66.oe66 (.text:ti_sysbios_family_shared_vayu_TimerSupport_Module__startupDone__F)
                  8311edc0    00000040     edma3_drv_bios6_tda2xx_st_sample_pe66.oe66 (.text:ti_sysbios_gates_GateHwi_Handle__label__S)
                  8311ee00    00000040     edma3_drv_bios6_tda2xx_st_sample_pe66.oe66 (.text:ti_sysbios_gates_GateHwi_Object__delete__S)
                  8311ee40    00000040     edma3_drv_bios6_tda2xx_st_sample_pe66.oe66 (.text:ti_sysbios_gates_GateMutex_Handle__label__S)
                  8311ee80    00000040     sysbios.ae66 : BIOS.obj (.text:ti_sysbios_gates_GateMutex_Instance_init__E)
                  8311eec0    00000040     edma3_drv_bios6_tda2xx_st_sample_pe66.oe66 (.text:ti_sysbios_gates_GateMutex_Object__delete__S)
                  8311ef00    00000040     sysbios.ae66 : BIOS.obj (.text:ti_sysbios_gates_GateMutex_leave__E)
                  8311ef40    00000040     edma3_drv_bios6_tda2xx_st_sample_pe66.oe66 (.text:ti_sysbios_hal_Cache_CacheProxy_inv__E)
                  8311ef80    00000040     edma3_drv_bios6_tda2xx_st_sample_pe66.oe66 (.text:ti_sysbios_hal_Cache_CacheProxy_wb__E)
                  8311efc0    00000040     edma3_drv_bios6_tda2xx_st_sample_pe66.oe66 (.text:ti_sysbios_hal_Hwi_HwiProxy_getStackInfo__E)
                  8311f000    00000040     edma3_drv_bios6_tda2xx_st_sample_pe66.oe66 (.text:ti_sysbios_heaps_HeapMem_Handle__label__S)
                  8311f040    00000040     edma3_drv_bios6_tda2xx_st_sample_pe66.oe66 (.text:ti_sysbios_heaps_HeapMem_Object__delete__S)
                  8311f080    00000040     edma3_drv_bios6_tda2xx_st_sample_pe66.oe66 (.text:ti_sysbios_knl_Queue_Object__destruct__S)
                  8311f0c0    00000040     edma3_drv_bios6_tda2xx_st_sample_pe66.oe66 (.text:ti_sysbios_knl_Semaphore_Object__delete__S)
                  8311f100    00000040     edma3_drv_bios6_tda2xx_st_sample_pe66.oe66 (.text:ti_sysbios_knl_Semaphore_Object__destruct__S)
                  8311f140    00000040     edma3_drv_bios6_tda2xx_st_sample_pe66.oe66 (.text:ti_sysbios_knl_Semaphore_Params__init__S)
                  8311f180    00000040     sysbios.ae66 : BIOS.obj (.text:ti_sysbios_timers_dmtimer_Timer_stub__E)
                  8311f1c0    00000040     ti.targets.rts6000.ae66 : Error.oe66 (.text:xdc_runtime_Error_check__E)
                  8311f200    00000040                             : Error.oe66 (.text:xdc_runtime_Error_init__E)
                  8311f240    00000040     edma3_drv_bios6_tda2xx_st_sample_pe66.oe66 (.text:xdc_runtime_IHeap_alloc)
                  8311f280    00000040     edma3_drv_bios6_tda2xx_st_sample_pe66.oe66 (.text:xdc_runtime_IHeap_free)
                  8311f2c0    00000040     ti.targets.rts6000.ae66 : Memory.oe66 (.text:xdc_runtime_Memory_free__E)
                  8311f300    00000040                             : Registry.oe66 (.text:xdc_runtime_Registry_findById__E)
                  8311f340    00000040     edma3_drv_bios6_tda2xx_st_sample_pe66.oe66 (.text:xdc_runtime_Startup_exec__I)
                  8311f380    00000040     ti.targets.rts6000.ae66 : System.oe66 (.text:xdc_runtime_System_abort__E)
                  8311f3c0    00000040     edma3_drv_bios6_tda2xx_st_sample_pe66.oe66 (.text:xdc_runtime_System_aprintf__E)
                  8311f400    00000040     ti.targets.rts6000.ae66 : System.oe66 (.text:xdc_runtime_System_exit__E)
                  8311f440    00000040     edma3_drv_bios6_tda2xx_st_sample_pe66.oe66 (.text:xdc_runtime_System_printf__E)
                  8311f480    00000040     ti.targets.rts6000.ae66 : Text.oe66 (.text:xdc_runtime_Text_ropeText__E)
                  8311f4c0    00000040     edma3_drv_bios6_tda2xx_st_sample_pe66.oe66 (.text:xdc_runtime_Text_visitRope__I)
                  8311f500    00000020     edma3_lld_drv.ae66 : edma3_drv_basic.oe66 (.text:EDMA3_DRV_getVersion)
                  8311f520    00000020                        : edma3_drv_basic.oe66 (.text:EDMA3_DRV_getVersionStr)
                  8311f540    00000020     rts6600_elf.lib : errno.obj (.text:__c6xabi_errno_addr)
                  8311f560    00000020     ti.targets.rts6000.ae66 : xdc_noinit.oe66 (.text:__xdc__init)
                  8311f580    00000020     rts6600_elf.lib : _lock.obj (.text:_nop)
                  8311f5a0    00000020                     : printf.obj (.text:_outc)
                  8311f5c0    00000020                     : printf.obj (.text:_outs)
                  8311f5e0    00000020                     : _lock.obj (.text:_register_lock)
                  8311f600    00000020                     : _data_synch.obj (.text:_register_synch_api)
                  8311f620    00000020                     : _lock.obj (.text:_register_unlock)
                  8311f640    00000020     sysbios.ae66 : c62_TaskSupport_asm.obj (.text:_ti_sysbios_family_c62_TaskSupport_glue)
                  8311f660    00000020     rts6600_elf.lib : exit.obj (.text:abort)
                  8311f680    00000020                     : copy_zero_init.obj (.text:decompress:ZI:__TI_zero_init)
                  8311f6a0    00000020                     : copy_decompress_none.obj (.text:decompress:none:__TI_decompress_none)
                  8311f6c0    00000020                     : copy_decompress_rle.obj (.text:decompress:rle24:__TI_decompress_rle24)
                  8311f6e0    00000020     edma3_lld_drv_sample.ae66 : sample_tda2xx_cfg.oe66 (.text:getGlobalAddr)
                  8311f700    00000020                               : sample_tda2xx_cfg.oe66 (.text:isGblConfigRequired)
                  8311f720    00000020     dsp_timer.oe66 (.text:mainDsp1TimerTick)
                  8311f740    00000020     edma3_drv_bios6_tda2xx_st_sample_pe66.oe66 (.text:ti_sysbios_BIOS_RtsGateProxy_enter__E)
                  8311f760    00000020     edma3_drv_bios6_tda2xx_st_sample_pe66.oe66 (.text:ti_sysbios_BIOS_RtsGateProxy_leave__E)
                  8311f780    00000020     sysbios.ae66 : BIOS.obj (.text:ti_sysbios_BIOS_getCpuFreq__E)
                  8311f7a0    00000020                  : BIOS.obj (.text:ti_sysbios_BIOS_linkedWithIncorrectBootLibrary__E)
                  8311f7c0    00000020     edma3_drv_bios6_tda2xx_st_sample_pe66.oe66 (.text:ti_sysbios_BIOS_nullFunc__I)
                  8311f7e0    00000020     sysbios.ae66 : BIOS.obj (.text:ti_sysbios_BIOS_setThreadType__E)
                  8311f800    00000020                  : BIOS.obj (.text:ti_sysbios_BIOS_start__E)
                  8311f820    00000020     edma3_drv_bios6_tda2xx_st_sample_pe66.oe66 (.text:ti_sysbios_family_c62_TaskSupport_Module__startupDone__S)
                  8311f840    00000020     sysbios.ae66 : BIOS.obj (.text:ti_sysbios_family_c62_TaskSupport_checkStack__E)
                  8311f860    00000020                  : BIOS.obj (.text:ti_sysbios_family_c62_TaskSupport_getStackAlignment__E)
                  8311f880    00000020     edma3_drv_bios6_tda2xx_st_sample_pe66.oe66 (.text:ti_sysbios_family_c64p_Hwi_Module__startupDone__S)
                  8311f8a0    00000020     sysbios.ae66 : BIOS.obj (.text:ti_sysbios_family_c64p_Hwi_clearInterrupt__E)
                  8311f8c0    00000020                  : BIOS.obj (.text:ti_sysbios_family_c64p_Hwi_startup__E)
                  8311f8e0    00000020                  : BIOS.obj (.text:ti_sysbios_family_c64p_Hwi_switchFromBootStack__E)
                  8311f900    00000020                  : BIOS.obj (.text:ti_sysbios_family_c64p_TimestampProvider_Module_startup__E)
                  8311f920    00000020                  : BIOS.obj (.text:ti_sysbios_family_c64p_TimestampProvider_get32__E)
                  8311f940    00000020                  : BIOS.obj (.text:ti_sysbios_family_c66_Cache_RTSSynchInv__I)
                  8311f960    00000020                  : BIOS.obj (.text:ti_sysbios_family_c66_Cache_RTSSynchWbInv__I)
                  8311f980    00000020                  : BIOS.obj (.text:ti_sysbios_family_c66_Cache_RTSSynchWb__I)
                  8311f9a0    00000020                  : BIOS.obj (.text:ti_sysbios_family_c66_Cache_inv__E)
                  8311f9c0    00000020                  : BIOS.obj (.text:ti_sysbios_family_c66_Cache_wait__E)
                  8311f9e0    00000020                  : BIOS.obj (.text:ti_sysbios_family_c66_Cache_wb__E)
                  8311fa00    00000020     edma3_drv_bios6_tda2xx_st_sample_pe66.oe66 (.text:ti_sysbios_family_shared_vayu_TimerSupport_Module__startupDone__S)
                  8311fa20    00000020     sysbios.ae66 : BIOS.obj (.text:ti_sysbios_family_shared_vayu_TimerSupport_Module_startup__E)
                  8311fa40    00000020                  : BIOS.obj (.text:ti_sysbios_family_shared_vayu_TimerSupport_enable__E)
                  8311fa60    00000020                  : BIOS.obj (.text:ti_sysbios_gates_GateHwi_Instance_init__E)
                  8311fa80    00000020                  : BIOS.obj (.text:ti_sysbios_gates_GateHwi_enter__E)
                  8311faa0    00000020                  : BIOS.obj (.text:ti_sysbios_gates_GateHwi_leave__E)
                  8311fac0    00000020                  : BIOS.obj (.text:ti_sysbios_gates_GateHwi_query__E)
                  8311fae0    00000020                  : BIOS.obj (.text:ti_sysbios_gates_GateMutex_Instance_finalize__E)
                  8311fb00    00000020                  : BIOS.obj (.text:ti_sysbios_gates_GateMutex_query__E)
                  8311fb20    00000020     edma3_drv_bios6_tda2xx_st_sample_pe66.oe66 (.text:ti_sysbios_hal_Hwi_HwiProxy_Module__startupDone__S)
                  8311fb40    00000020     edma3_drv_bios6_tda2xx_st_sample_pe66.oe66 (.text:ti_sysbios_hal_Hwi_HwiProxy_clearInterrupt__E)
                  8311fb60    00000020     edma3_drv_bios6_tda2xx_st_sample_pe66.oe66 (.text:ti_sysbios_hal_Hwi_HwiProxy_disableInterrupt__E)
                  8311fb80    00000020     edma3_drv_bios6_tda2xx_st_sample_pe66.oe66 (.text:ti_sysbios_hal_Hwi_HwiProxy_enableInterrupt__E)
                  8311fba0    00000020     edma3_drv_bios6_tda2xx_st_sample_pe66.oe66 (.text:ti_sysbios_hal_Hwi_HwiProxy_startup__E)
                  8311fbc0    00000020     edma3_drv_bios6_tda2xx_st_sample_pe66.oe66 (.text:ti_sysbios_hal_Hwi_HwiProxy_switchFromBootStack__E)
                  8311fbe0    00000020     sysbios.ae66 : BIOS.obj (.text:ti_sysbios_hal_Hwi_Module_startup__E)
                  8311fc00    00000020     edma3_drv_bios6_tda2xx_st_sample_pe66.oe66 (.text:ti_sysbios_hal_TimerNull_Module__startupDone__S)
                  8311fc20    00000020     edma3_drv_bios6_tda2xx_st_sample_pe66.oe66 (.text:ti_sysbios_heaps_HeapMem_Module_GateProxy_enter__E)
                  8311fc40    00000020     edma3_drv_bios6_tda2xx_st_sample_pe66.oe66 (.text:ti_sysbios_heaps_HeapMem_Module_GateProxy_leave__E)
                  8311fc60    00000020     edma3_drv_bios6_tda2xx_st_sample_pe66.oe66 (.text:ti_sysbios_heaps_HeapMem_Module_GateProxy_query__E)
                  8311fc80    00000020     sysbios.ae66 : BIOS.obj (.text:ti_sysbios_heaps_HeapMem_isBlocking__E)
                  8311fca0    00000020     edma3_drv_bios6_tda2xx_st_sample_pe66.oe66 (.text:ti_sysbios_knl_Clock_Module_State_clockQ)
                  8311fcc0    00000020     sysbios.ae66 : BIOS.obj (.text:ti_sysbios_knl_Clock_Module_startup__E)
                  8311fce0    00000020     edma3_drv_bios6_tda2xx_st_sample_pe66.oe66 (.text:ti_sysbios_knl_Clock_TimerProxy_Module__startupDone__S)
                  8311fd00    00000020     sysbios.ae66 : BIOS.obj (.text:ti_sysbios_knl_Clock_tick__E)
                  8311fd20    00000020                  : BIOS.obj (.text:ti_sysbios_knl_Idle_loop__E)
                  8311fd40    00000020                  : BIOS.obj (.text:ti_sysbios_knl_Queue_Instance_init__E)
                  8311fd60    00000020     edma3_drv_bios6_tda2xx_st_sample_pe66.oe66 (.text:ti_sysbios_knl_Queue_destruct)
                  8311fd80    00000020     sysbios.ae66 : BIOS.obj (.text:ti_sysbios_knl_Queue_empty__E)
                  8311fda0    00000020                  : BIOS.obj (.text:ti_sysbios_knl_Semaphore_Instance_finalize__E)
                  8311fdc0    00000020     edma3_lld_drv_sample.ae66 : sample_init.oe66 (.text:ti_sysbios_knl_Semaphore_Params_init)
                  8311fde0    00000020     main.oe66 (.text:ti_sysbios_knl_Semaphore_Params_init)
                  8311fe00    00000020     edma3_drv_bios6_tda2xx_st_sample_pe66.oe66 (.text:ti_sysbios_knl_Semaphore_delete)
                  8311fe20    00000020     edma3_drv_bios6_tda2xx_st_sample_pe66.oe66 (.text:ti_sysbios_knl_Semaphore_destruct)
                  8311fe40    00000020     sysbios.ae66 : BIOS.obj (.text:ti_sysbios_knl_Swi_disable__E)
                  8311fe60    00000020     edma3_drv_bios6_tda2xx_st_sample_pe66.oe66 (.text:ti_sysbios_knl_Task_SupportProxy_Module__startupDone__S)
                  8311fe80    00000020     edma3_drv_bios6_tda2xx_st_sample_pe66.oe66 (.text:ti_sysbios_knl_Task_SupportProxy_checkStack__E)
                  8311fea0    00000020     edma3_drv_bios6_tda2xx_st_sample_pe66.oe66 (.text:ti_sysbios_knl_Task_SupportProxy_getStackAlignment__E)
                  8311fec0    00000020     edma3_drv_bios6_tda2xx_st_sample_pe66.oe66 (.text:ti_sysbios_knl_Task_SupportProxy_start__E)
                  8311fee0    00000020     edma3_drv_bios6_tda2xx_st_sample_pe66.oe66 (.text:ti_sysbios_knl_Task_SupportProxy_swap__E)
                  8311ff00    00000020     sysbios.ae66 : BIOS.obj (.text:ti_sysbios_knl_Task_disable__E)
                  8311ff20    00000020                  : BIOS.obj (.text:ti_sysbios_knl_Task_startup__E)
                  8311ff40    00000020     edma3_drv_bios6_tda2xx_st_sample_pe66.oe66 (.text:ti_sysbios_timers_dmtimer_Timer_TimerSupportProxy_Module__startupDone__S)
                  8311ff60    00000020     edma3_drv_bios6_tda2xx_st_sample_pe66.oe66 (.text:ti_sysbios_timers_dmtimer_Timer_TimerSupportProxy_enable__E)
                  8311ff80    00000020     edma3_drv_bios6_tda2xx_st_sample_pe66.oe66 (.text:xdc_iargToPtr)
                  8311ffa0    00000020     ti.targets.rts6000.ae66 : Error.oe66 (.text:xdc_runtime_Error_getSite__E)
                  8311ffc0    00000020                             : Error.oe66 (.text:xdc_runtime_Error_raiseX__E)
                  8311ffe0    00000020                             : Gate.oe66 (.text:xdc_runtime_Gate_enterSystem__E)
                  83120000    00000020                             : Gate.oe66 (.text:xdc_runtime_Gate_leaveSystem__E)
                  83120020    00000020     edma3_drv_bios6_tda2xx_st_sample_pe66.oe66 (.text:xdc_runtime_Memory_HeapProxy_alloc__E)
                  83120040    00000020     edma3_drv_bios6_tda2xx_st_sample_pe66.oe66 (.text:xdc_runtime_Memory_HeapProxy_free__E)
                  83120060    00000020     ti.targets.rts6000.ae66 : Memory.oe66 (.text:xdc_runtime_Memory_calloc__E)
                  83120080    00000020                             : Memory.oe66 (.text:xdc_runtime_Memory_getMaxDefaultTypeAlign__E)
                  831200a0    00000020     edma3_drv_bios6_tda2xx_st_sample_pe66.oe66 (.text:xdc_runtime_Startup_reset__I)
                  831200c0    00000020     ti.targets.rts6000.ae66 : Startup.oe66 (.text:xdc_runtime_Startup_rtsDone__E)
                  831200e0    00000020                             : SysMin.oe66 (.text:xdc_runtime_SysMin_ready__E)
                  83120100    00000020     edma3_drv_bios6_tda2xx_st_sample_pe66.oe66 (.text:xdc_runtime_System_Module_GateProxy_enter__E)
                  83120120    00000020     edma3_drv_bios6_tda2xx_st_sample_pe66.oe66 (.text:xdc_runtime_System_Module_GateProxy_leave__E)
                  83120140    00000020     ti.targets.rts6000.ae66 : System.oe66 (.text:xdc_runtime_System_Module_startup__E)
                  83120160    00000020     edma3_drv_bios6_tda2xx_st_sample_pe66.oe66 (.text:xdc_runtime_System_SupportProxy_abort__E)
                  83120180    00000020     edma3_drv_bios6_tda2xx_st_sample_pe66.oe66 (.text:xdc_runtime_System_SupportProxy_exit__E)
                  831201a0    00000020     edma3_drv_bios6_tda2xx_st_sample_pe66.oe66 (.text:xdc_runtime_System_SupportProxy_putch__E)
                  831201c0    00000020     edma3_drv_bios6_tda2xx_st_sample_pe66.oe66 (.text:xdc_runtime_System_SupportProxy_ready__E)
                  831201e0    00000020     ti.targets.rts6000.ae66 : System.oe66 (.text:xdc_runtime_System_aprintf_va__F)
                  83120200    00000020                             : System.oe66 (.text:xdc_runtime_System_printf_va__F)
                  83120220    00000020                             : System.oe66 (.text:xdc_runtime_System_vsnprintf__E)
                  83120240    00000020     edma3_drv_bios6_tda2xx_st_sample_pe66.oe66 (.text:xdc_runtime_Timestamp_SupportProxy_get32__E)
                  83120260    00000020     edma3_drv_bios6_tda2xx_st_sample_pe66.oe66 (.text:xdc_runtime_Timestamp_SupportProxy_getFreq__E)

.fardata   0    83800000    0002099c     UNINITIALIZED
                  83800000    0000df38     edma3_lld_drv.ae66 : edma3_drv_init.oe66 (.fardata:.edma3Globals:uninit)
                  8380df38    00007998     edma3_lld_rm.ae66 : edma3resmgr.oe66 (.fardata:.edma3Globals:uninit)
                  838158d0    000056e0                       : edma3_rm_gbl_data.oe66 (.fardata:.edma3Globals:uninit)
                  8381afb0    000017a0     edma3_lld_drv_sample.ae66 : sample_tda2xx_cfg.oe66 (.fardata:sampleXbarChanInitConfig)
                  8381c750    00000fc0     edma3_lld_rm.ae66 : edma3_tda2xx_cfg.oe66 (.fardata:defInstInitConfig)
                  8381d710    00000fc0     edma3_lld_drv_sample.ae66 : sample_tda2xx_cfg.oe66 (.fardata:sampleInstInitConfig)
                  8381e6d0    00000888     edma3_lld_rm.ae66 : edma3_tda2xx_cfg.oe66 (.fardata:edma3GblCfgParams)
                  8381ef58    00000888     edma3_lld_drv_sample.ae66 : sample_tda2xx_cfg.oe66 (.fardata:sampleEdma3GblCfgParams)
                  8381f7e0    00000608     edma3_drv_bios6_tda2xx_st_sample_pe66.oe66 (.fardata)
                  8381fde8    000001e0     rts6600_elf.lib : defs.obj (.fardata:_ftable)
                  8381ffc8    000000c0     edma3_drv_bios6_tda2xx_st_sample_pe66.oe66 (.fardata:ti_sysbios_timers_dmtimer_Timer_Module_State_0_device__A)
                  83820088    000000a0     rts6600_elf.lib : lowlev.obj (.fardata:_stream)
                  83820128    00000080     edma3_drv_bios6_tda2xx_st_sample_pe66.oe66 (.fardata:ti_sysbios_family_shared_vayu_IntXbar_Module_State_0_intXbar__A)
                  838201a8    00000080     edma3_drv_bios6_tda2xx_st_sample_pe66.oe66 (.fardata:ti_sysbios_knl_Swi_Module_State_0_readyQ__A)
                  83820228    00000080     edma3_drv_bios6_tda2xx_st_sample_pe66.oe66 (.fardata:ti_sysbios_knl_Task_Module_State_0_readyQ__A)
                  838202a8    00000080     edma3_drv_bios6_tda2xx_st_sample_pe66.oe66 (.fardata:ti_sysbios_timers_dmtimer_Timer_Module_State_0_intFreqs__A)
                  83820328    00000078     rts6600_elf.lib : lowlev.obj (.fardata:_device)
                  838203a0    00000078     edma3_drv_bios6_tda2xx_st_sample_pe66.oe66 (.fardata:ti_sysbios_family_c64p_Hwi_Object__table__V)
                  83820418    00000062     edma3_lld_rm.ae66 : edma3resmgr.oe66 (.fardata:.edma3Globals:init)
                  8382047a    00000002     edma3_lld_drv.ae66 : edma3_drv_init.oe66 (.fardata:.edma3Globals:init)
                  8382047c    00000004     rts6600_elf.lib : _lock.obj (.fardata:_lock)
                  83820480    00000060     edma3_lld_drv_sample.ae66 : sample_tda2xx_cfg.oe66 (.fardata:ccCompEdmaXbarIndex)
                  838204e0    00000060                               : sample_tda2xx_cfg.oe66 (.fardata:ccXferCompInt)
                  83820540    00000060                               : sample_tda2xx_cfg.oe66 (.fardata:ccXferCompIntXbarInstNo)
                  838205a0    00000060                               : sample_tda2xx_cfg.oe66 (.fardata:hwIntTcErr)
                  83820600    00000060                               : sample_tda2xx_cfg.oe66 (.fardata:tcErrEdmaXbarIndex)
                  83820660    00000060                               : sample_tda2xx_cfg.oe66 (.fardata:tcErrorInt)
                  838206c0    00000060                               : sample_tda2xx_cfg.oe66 (.fardata:tcErrorIntXbarInstNo)
                  83820720    00000060     edma3_drv_bios6_tda2xx_st_sample_pe66.oe66 (.fardata:ti_sysbios_timers_dmtimer_Timer_Object__table__V)
                  83820780    0000004c     edma3_drv_bios6_tda2xx_st_sample_pe66.oe66 (.fardata:ti_sysbios_knl_Task_Object__table__V)
                  838207cc    00000004     rts6600_elf.lib : _lock.obj (.fardata:_unlock)
                  838207d0    00000040     edma3_drv_bios6_tda2xx_st_sample_pe66.oe66 (.fardata:ti_sysbios_gates_GateMutex_Object__table__V)
                  83820810    00000040     edma3_drv_bios6_tda2xx_st_sample_pe66.oe66 (.fardata:ti_sysbios_timers_dmtimer_Timer_Module_State_0_handles__A)
                  83820850    00000030     edma3_drv_bios6_tda2xx_st_sample_pe66.oe66 (.fardata:ti_sysbios_knl_Swi_Object__table__V)
                  83820880    00000020     edma3_lld_drv_sample.ae66 : sample_tda2xx_int_reg.oe66 (.fardata:ptrEdma3TcIsrHandler)
                  838208a0    00000020     edma3_drv_bios6_tda2xx_st_sample_pe66.oe66 (.fardata:xdc_runtime_System_Module_State_0_atexitHandlers__A)
                  838208c0    00000018     edma3_drv_bios6_tda2xx_st_sample_pe66.oe66 (.fardata:ti_sysbios_heaps_HeapMem_Object__table__V)
                  838208d8    00000010     edma3_lld_rm.ae66 : edma3_rm_gbl_data.oe66 (.fardata:.edma3Globals:init)
                  838208e8    00000010     qdma_link_test.oe66 (.fardata)
                  838208f8    0000000c     edma3_lld_drv_sample.ae66 : sample_tda2xx_cfg.oe66 (.fardata:ccErrEdmaXbarIndex)
                  83820904    00000004     main.oe66 (.fardata)
                  83820908    0000000c     edma3_lld_drv_sample.ae66 : sample_tda2xx_cfg.oe66 (.fardata:ccErrorInt)
                  83820914    00000004     rts6600_elf.lib : defs.obj (.fardata)
                  83820918    0000000c     edma3_lld_drv_sample.ae66 : sample_tda2xx_cfg.oe66 (.fardata:ccErrorIntXbarInstNo)
                  83820924    0000000c     common.oe66 (.fardata)
                  83820930    0000000c     edma3_lld_drv_sample.ae66 : sample_tda2xx_cfg.oe66 (.fardata:hwIntCcErr)
                  8382093c    00000004     rts6600_elf.lib : errno.obj (.fardata)
                  83820940    0000000c     edma3_lld_drv_sample.ae66 : sample_tda2xx_cfg.oe66 (.fardata:hwIntXferComp)
                  8382094c    00000004     --HOLE--
                  83820950    0000000c                               : sample_tda2xx_cfg.oe66 (.fardata:numEdma3Tc)
                  8382095c    0000000c     rts6600_elf.lib : exit.obj (.fardata)
                  83820968    0000000c     edma3_lld_drv_sample.ae66 : sample_tda2xx_cfg.oe66 (.fardata:semHandle)
                  83820974    00000008                               : sample_tda2xx_int_reg.oe66 (.fardata)
                  8382097c    00000008     qdma_test.oe66 (.fardata)
                  83820984    00000004     --HOLE--
                  83820988    00000008     edma3_drv_bios6_tda2xx_st_sample_pe66.oe66 (.fardata:ti_sysbios_hal_Hwi_Object__table__V)
                  83820990    00000004     edma3_drv_bios6_tda2xx_st_sample_pe66.oe66 (.fardata:ti_sysbios_gates_GateHwi_Object__table__V)
                  83820994    00000004     --HOLE--
                  83820998    00000004     edma3_drv_bios6_tda2xx_st_sample_pe66.oe66 (.fardata:ti_sysbios_knl_Task_Module_State_0_idleTask__A)

.const     0    838209a0    0000408e     
                  838209a0    00001cba     edma3_drv_bios6_tda2xx_st_sample_pe66.oe66 (.const:xdc_runtime_Text_charTab__A)
                  8382265a    00000002     edma3_drv_bios6_tda2xx_st_sample_pe66.oe66 (.const:ti_sysbios_family_c64p_EventCombiner_Module__id__C)
                  8382265c    0000071c     main.oe66 (.const:.string)
                  83822d78    00000518     sysbios.ae66 : BIOS.obj (.const:.string)
                  83823290    0000046c     edma3_lld_rm.ae66 : edma3resmgr.oe66 (.const:.string)
                  838236fc    00000004     ti.targets.rts6000.ae66 : Assert.oe66 (.const:.string)
                  83823700    00000400     edma3_drv_bios6_tda2xx_st_sample_pe66.oe66 (.const:ti_sysbios_family_c66_Cache_marvalues__C)
                  83823b00    000001fc     qdma_link_test.oe66 (.const:.string)
                  83823cfc    0000011c     dma_test.oe66 (.const:.string)
                  83823e18    00000101     rts6600_elf.lib : ctype.obj (.const:.string:_ctypes_)
                  83823f19    00000001     --HOLE-- [fill = 0]
                  83823f1a    00000002     edma3_drv_bios6_tda2xx_st_sample_pe66.oe66 (.const:ti_sysbios_family_c64p_Exception_Module__id__C)
                  83823f1c    000000f0     qdma_test.oe66 (.const:.string)
                  8382400c    00000004     edma3_lld_rm.ae66 : edma3_rm_gbl_data.oe66 (.const)
                  83824010    000000e8     edma3_drv_bios6_tda2xx_st_sample_pe66.oe66 (.const:xdc_runtime_Text_nodeTab__A)
                  838240f8    000000d8     edma3_drv_bios6_tda2xx_st_sample_pe66.oe66 (.const:.string)
                  838241d0    000000b0     edma3_lld_drv.ae66 : edma3_drv_basic.oe66 (.const:.string)
                  83824280    00000084                        : edma3_drv_init.oe66 (.const:.string)
                  83824304    00000058     ti.targets.rts6000.ae66 : Error.oe66 (.const:.string)
                  8382435c    00000040                             : Text.oe66 (.const:.string)
                  8382439c    0000003c     edma3_drv_bios6_tda2xx_st_sample_pe66.oe66 (.const:ti_sysbios_knl_Task_Object__PARAMS__C)
                  838243d8    00000035     edma3_lld_drv.ae66 : edma3_drv_basic.oe66 (.const:.string:edma3LldVersionStr)
                  8382440d    00000001     --HOLE-- [fill = 0]
                  8382440e    00000002     edma3_drv_bios6_tda2xx_st_sample_pe66.oe66 (.const:ti_sysbios_family_c64p_Exception_useInternalBuffer__C)
                  83824410    00000034     edma3_drv_bios6_tda2xx_st_sample_pe66.oe66 (.const:xdc_runtime_Startup_sfxnTab__A)
                  83824444    0000002c     ti.targets.rts6000.ae66 : Startup.oe66 (.const:.string)
                  83824470    00000028     edma3_drv_bios6_tda2xx_st_sample_pe66.oe66 (.const:ti_sysbios_heaps_HeapMem_Module__FXNS__C)
                  83824498    00000024     rts6600_elf.lib : _printfi.obj (.const:.string)
                  838244bc    00000024     edma3_drv_bios6_tda2xx_st_sample_pe66.oe66 (.const:ti_sysbios_gates_GateHwi_Module__FXNS__C)
                  838244e0    00000024     edma3_drv_bios6_tda2xx_st_sample_pe66.oe66 (.const:ti_sysbios_gates_GateMutex_Module__FXNS__C)
                  83824504    00000024     edma3_drv_bios6_tda2xx_st_sample_pe66.oe66 (.const:ti_sysbios_heaps_HeapMem_Object__PARAMS__C)
                  83824528    00000024     edma3_drv_bios6_tda2xx_st_sample_pe66.oe66 (.const:ti_sysbios_knl_Semaphore_Object__PARAMS__C)
                  8382454c    00000020     dma_link_test.oe66 (.const)
                  8382456c    00000020     dma_ping_pong_test.oe66 (.const)
                  8382458c    00000020     dma_test.oe66 (.const)
                  838245ac    00000020     edma3_drv_bios6_tda2xx_st_sample_pe66.oe66 (.const:ti_sysbios_gates_GateHwi_Object__DESC__C)
                  838245cc    00000020     edma3_drv_bios6_tda2xx_st_sample_pe66.oe66 (.const:ti_sysbios_gates_GateMutex_Object__DESC__C)
                  838245ec    00000020     edma3_drv_bios6_tda2xx_st_sample_pe66.oe66 (.const:ti_sysbios_heaps_HeapMem_Object__DESC__C)
                  8382460c    00000020     edma3_drv_bios6_tda2xx_st_sample_pe66.oe66 (.const:ti_sysbios_knl_Queue_Object__DESC__C)
                  8382462c    00000020     edma3_drv_bios6_tda2xx_st_sample_pe66.oe66 (.const:ti_sysbios_knl_Semaphore_Object__DESC__C)
                  8382464c    00000020     edma3_drv_bios6_tda2xx_st_sample_pe66.oe66 (.const:ti_sysbios_knl_Task_Object__DESC__C)
                  8382466c    0000001c     dma_chain_test.oe66 (.const:.string)
                  83824688    0000001c     dma_link_test.oe66 (.const:.string)
                  838246a4    0000001c     dma_ping_pong_test.oe66 (.const:.string)
                  838246c0    0000001a     edma3_drv_bios6_tda2xx_st_sample_pe66.oe66 (.const:xdc_runtime_Startup_sfxnRts__A)
                  838246da    00000002     edma3_drv_bios6_tda2xx_st_sample_pe66.oe66 (.const:ti_sysbios_family_c64p_Hwi_Module__id__C)
                  838246dc    00000018     edma3_drv_bios6_tda2xx_st_sample_pe66.oe66 (.const:ti_sysbios_gates_GateHwi_Object__PARAMS__C)
                  838246f4    00000018     edma3_drv_bios6_tda2xx_st_sample_pe66.oe66 (.const:ti_sysbios_gates_GateMutex_Object__PARAMS__C)
                  8382470c    00000018     edma3_drv_bios6_tda2xx_st_sample_pe66.oe66 (.const:ti_sysbios_knl_Queue_Object__PARAMS__C)
                  83824724    00000004     edma3_drv_bios6_tda2xx_st_sample_pe66.oe66 (.const:ti_sysbios_BIOS_installedErrorHook__C)
                  83824728    00000011     ti.targets.rts6000.ae66 : System.oe66 (.const:.string:digtohex)
                  83824739    00000001     --HOLE-- [fill = 0]
                  8382473a    00000002     edma3_drv_bios6_tda2xx_st_sample_pe66.oe66 (.const:ti_sysbios_family_c64p_Hwi_Module__loggerDefined__C)
                  8382473c    00000010     dma_chain_test.oe66 (.const)
                  8382474c    00000004     edma3_drv_bios6_tda2xx_st_sample_pe66.oe66 (.const:ti_sysbios_family_c62_TaskSupport_stackAlignment__C)
                  83824750    00000010     edma3_drv_bios6_tda2xx_st_sample_pe66.oe66 (.const:ti_sysbios_family_c64p_EventCombiner_EVTMASK__C)
                  83824760    0000000c     edma3_drv_bios6_tda2xx_st_sample_pe66.oe66 (.const:xdc_runtime_Startup_firstFxns__A)
                  8382476c    00000008     ti.targets.rts6000.ae66 : System.oe66 (.const:.string)
                  83824774    00000008     edma3_lld_drv_sample.ae66 : sample_tda2xx_cfg.oe66 (.const)
                  8382477c    00000008     edma3_drv_bios6_tda2xx_st_sample_pe66.oe66 (.const:ti_sysbios_knl_Idle_funcList__C)
                  83824784    00000008     edma3_drv_bios6_tda2xx_st_sample_pe66.oe66 (.const:xdc_runtime_Startup_firstFxns__C)
                  8382478c    00000008     edma3_drv_bios6_tda2xx_st_sample_pe66.oe66 (.const:xdc_runtime_Startup_lastFxns__C)
                  83824794    00000004     edma3_drv_bios6_tda2xx_st_sample_pe66.oe66 (.const:ti_sysbios_family_c64p_EventCombiner_A_invalidEventId__C)
                  83824798    00000004     edma3_drv_bios6_tda2xx_st_sample_pe66.oe66 (.const:ti_sysbios_family_c64p_EventCombiner_E_unpluggedEvent__C)
                  8382479c    00000004     edma3_drv_bios6_tda2xx_st_sample_pe66.oe66 (.const:ti_sysbios_family_c64p_EventCombiner_Module__diagsEnabled__C)
                  838247a0    00000004     edma3_drv_bios6_tda2xx_st_sample_pe66.oe66 (.const:ti_sysbios_family_c64p_EventCombiner_Module__diagsIncluded__C)
                  838247a4    00000004     edma3_drv_bios6_tda2xx_st_sample_pe66.oe66 (.const:ti_sysbios_family_c64p_EventCombiner_Module__diagsMask__C)
                  838247a8    00000004     edma3_drv_bios6_tda2xx_st_sample_pe66.oe66 (.const:ti_sysbios_family_c64p_Exception_E_exceptionMax__C)
                  838247ac    00000004     edma3_drv_bios6_tda2xx_st_sample_pe66.oe66 (.const:ti_sysbios_family_c64p_Exception_exceptionHook__C)
                  838247b0    00000004     edma3_drv_bios6_tda2xx_st_sample_pe66.oe66 (.const:ti_sysbios_family_c64p_Exception_externalHook__C)
                  838247b4    00000004     edma3_drv_bios6_tda2xx_st_sample_pe66.oe66 (.const:ti_sysbios_family_c64p_Exception_internalHook__C)
                  838247b8    00000004     edma3_drv_bios6_tda2xx_st_sample_pe66.oe66 (.const:ti_sysbios_family_c64p_Exception_nmiHook__C)
                  838247bc    00000004     edma3_drv_bios6_tda2xx_st_sample_pe66.oe66 (.const:ti_sysbios_family_c64p_Hwi_LD_end__C)
                  838247c0    00000004     edma3_drv_bios6_tda2xx_st_sample_pe66.oe66 (.const:ti_sysbios_family_c64p_Hwi_LM_begin__C)
                  838247c4    00000004     edma3_drv_bios6_tda2xx_st_sample_pe66.oe66 (.const:ti_sysbios_family_c64p_Hwi_Module__diagsEnabled__C)
                  838247c8    00000004     edma3_drv_bios6_tda2xx_st_sample_pe66.oe66 (.const:ti_sysbios_family_c64p_Hwi_Module__diagsIncluded__C)
                  838247cc    00000004     edma3_drv_bios6_tda2xx_st_sample_pe66.oe66 (.const:ti_sysbios_family_c64p_Hwi_Module__diagsMask__C)
                  838247d0    00000004     edma3_drv_bios6_tda2xx_st_sample_pe66.oe66 (.const:ti_sysbios_family_c64p_Hwi_Module__loggerFxn1__C)
                  838247d4    00000004     edma3_drv_bios6_tda2xx_st_sample_pe66.oe66 (.const:ti_sysbios_family_c64p_Hwi_Module__loggerFxn8__C)
                  838247d8    00000004     edma3_drv_bios6_tda2xx_st_sample_pe66.oe66 (.const:ti_sysbios_family_c64p_Hwi_Module__loggerObj__C)
                  838247dc    00000004     edma3_drv_bios6_tda2xx_st_sample_pe66.oe66 (.const:ti_sysbios_family_c66_Cache_E_invalidL1CacheSize__C)
                  838247e0    00000004     edma3_drv_bios6_tda2xx_st_sample_pe66.oe66 (.const:ti_sysbios_family_c66_Cache_E_invalidL2CacheSize__C)
                  838247e4    00000004     edma3_drv_bios6_tda2xx_st_sample_pe66.oe66 (.const:ti_sysbios_family_c66_Cache_atomicBlockSize__C)
                  838247e8    00000004     edma3_drv_bios6_tda2xx_st_sample_pe66.oe66 (.const:ti_sysbios_family_shared_vayu_IntXbar_A_badDspCpuId__C)
                  838247ec    00000004     edma3_drv_bios6_tda2xx_st_sample_pe66.oe66 (.const:ti_sysbios_family_shared_vayu_IntXbar_A_badDspXbarInstanceNum__C)
                  838247f0    00000004     edma3_drv_bios6_tda2xx_st_sample_pe66.oe66 (.const:ti_sysbios_family_shared_vayu_IntXbar_A_badIntSourceIdx__C)
                  838247f4    00000004     edma3_drv_bios6_tda2xx_st_sample_pe66.oe66 (.const:ti_sysbios_family_shared_vayu_IntXbar_Module__diagsEnabled__C)
                  838247f8    00000004     edma3_drv_bios6_tda2xx_st_sample_pe66.oe66 (.const:ti_sysbios_family_shared_vayu_IntXbar_Module__diagsIncluded__C)
                  838247fc    00000004     edma3_drv_bios6_tda2xx_st_sample_pe66.oe66 (.const:ti_sysbios_family_shared_vayu_IntXbar_Module__diagsMask__C)
                  83824800    00000004     edma3_drv_bios6_tda2xx_st_sample_pe66.oe66 (.const:ti_sysbios_family_shared_vayu_IntXbar_mmrBaseAddr__C)
                  83824804    00000004     edma3_drv_bios6_tda2xx_st_sample_pe66.oe66 (.const:ti_sysbios_gates_GateMutex_A_badContext__C)
                  83824808    00000004     edma3_drv_bios6_tda2xx_st_sample_pe66.oe66 (.const:ti_sysbios_gates_GateMutex_Instance_State_sem__O)
                  8382480c    00000004     edma3_drv_bios6_tda2xx_st_sample_pe66.oe66 (.const:ti_sysbios_gates_GateMutex_Module__diagsEnabled__C)
                  83824810    00000004     edma3_drv_bios6_tda2xx_st_sample_pe66.oe66 (.const:ti_sysbios_gates_GateMutex_Module__diagsIncluded__C)
                  83824814    00000004     edma3_drv_bios6_tda2xx_st_sample_pe66.oe66 (.const:ti_sysbios_gates_GateMutex_Module__diagsMask__C)
                  83824818    00000004     edma3_drv_bios6_tda2xx_st_sample_pe66.oe66 (.const:ti_sysbios_hal_Hwi_E_stackOverflow__C)
                  8382481c    00000004     edma3_drv_bios6_tda2xx_st_sample_pe66.oe66 (.const:ti_sysbios_heaps_HeapMem_A_align__C)
                  83824820    00000004     edma3_drv_bios6_tda2xx_st_sample_pe66.oe66 (.const:ti_sysbios_heaps_HeapMem_A_heapSize__C)
                  83824824    00000004     edma3_drv_bios6_tda2xx_st_sample_pe66.oe66 (.const:ti_sysbios_heaps_HeapMem_A_invalidFree__C)
                  83824828    00000004     edma3_drv_bios6_tda2xx_st_sample_pe66.oe66 (.const:ti_sysbios_heaps_HeapMem_A_zeroBlock__C)
                  8382482c    00000004     edma3_drv_bios6_tda2xx_st_sample_pe66.oe66 (.const:ti_sysbios_heaps_HeapMem_E_memory__C)
                  83824830    00000004     edma3_drv_bios6_tda2xx_st_sample_pe66.oe66 (.const:ti_sysbios_heaps_HeapMem_Module__diagsEnabled__C)
                  83824834    00000004     edma3_drv_bios6_tda2xx_st_sample_pe66.oe66 (.const:ti_sysbios_heaps_HeapMem_Module__diagsIncluded__C)
                  83824838    00000004     edma3_drv_bios6_tda2xx_st_sample_pe66.oe66 (.const:ti_sysbios_heaps_HeapMem_Module__diagsMask__C)
                  8382483c    00000004     edma3_drv_bios6_tda2xx_st_sample_pe66.oe66 (.const:ti_sysbios_heaps_HeapMem_Module__gateObj__C)
                  83824840    00000004     edma3_drv_bios6_tda2xx_st_sample_pe66.oe66 (.const:ti_sysbios_heaps_HeapMem_Object__count__C)
                  83824844    00000004     edma3_drv_bios6_tda2xx_st_sample_pe66.oe66 (.const:ti_sysbios_heaps_HeapMem_Object__table__C)
                  83824848    00000004     edma3_drv_bios6_tda2xx_st_sample_pe66.oe66 (.const:ti_sysbios_heaps_HeapMem_reqAlign__C)
                  8382484c    00000004     edma3_drv_bios6_tda2xx_st_sample_pe66.oe66 (.const:ti_sysbios_knl_Clock_LM_begin__C)
                  83824850    00000004     edma3_drv_bios6_tda2xx_st_sample_pe66.oe66 (.const:ti_sysbios_knl_Clock_LM_tick__C)
                  83824854    00000004     edma3_drv_bios6_tda2xx_st_sample_pe66.oe66 (.const:ti_sysbios_knl_Clock_LW_delayed__C)
                  83824858    00000004     edma3_drv_bios6_tda2xx_st_sample_pe66.oe66 (.const:ti_sysbios_knl_Clock_Module_State_clockQ__O)
                  8382485c    00000004     edma3_drv_bios6_tda2xx_st_sample_pe66.oe66 (.const:ti_sysbios_knl_Clock_Module__diagsEnabled__C)
                  83824860    00000004     edma3_drv_bios6_tda2xx_st_sample_pe66.oe66 (.const:ti_sysbios_knl_Clock_Module__diagsIncluded__C)
                  83824864    00000004     edma3_drv_bios6_tda2xx_st_sample_pe66.oe66 (.const:ti_sysbios_knl_Clock_Module__diagsMask__C)
                  83824868    00000004     edma3_drv_bios6_tda2xx_st_sample_pe66.oe66 (.const:ti_sysbios_knl_Clock_Module__loggerFxn1__C)
                  8382486c    00000004     edma3_drv_bios6_tda2xx_st_sample_pe66.oe66 (.const:ti_sysbios_knl_Clock_Module__loggerFxn2__C)
                  83824870    00000004     edma3_drv_bios6_tda2xx_st_sample_pe66.oe66 (.const:ti_sysbios_knl_Clock_Module__loggerObj__C)
                  83824874    00000004     edma3_drv_bios6_tda2xx_st_sample_pe66.oe66 (.const:ti_sysbios_knl_Clock_doTickFunc__C)
                  83824878    00000004     edma3_drv_bios6_tda2xx_st_sample_pe66.oe66 (.const:ti_sysbios_knl_Idle_funcList__A)
                  8382487c    00000004     edma3_drv_bios6_tda2xx_st_sample_pe66.oe66 (.const:ti_sysbios_knl_Queue_Object__count__C)
                  83824880    00000004     edma3_drv_bios6_tda2xx_st_sample_pe66.oe66 (.const:ti_sysbios_knl_Queue_Object__table__C)
                  83824884    00000004     edma3_drv_bios6_tda2xx_st_sample_pe66.oe66 (.const:ti_sysbios_knl_Semaphore_A_badContext__C)
                  83824888    00000004     edma3_drv_bios6_tda2xx_st_sample_pe66.oe66 (.const:ti_sysbios_knl_Semaphore_A_noEvents__C)
                  8382488c    00000004     edma3_drv_bios6_tda2xx_st_sample_pe66.oe66 (.const:ti_sysbios_knl_Semaphore_A_overflow__C)
                  83824890    00000004     edma3_drv_bios6_tda2xx_st_sample_pe66.oe66 (.const:ti_sysbios_knl_Semaphore_A_pendTaskDisabled__C)
                  83824894    00000004     edma3_drv_bios6_tda2xx_st_sample_pe66.oe66 (.const:ti_sysbios_knl_Semaphore_Instance_State_pendQ__O)
                  83824898    00000004     edma3_drv_bios6_tda2xx_st_sample_pe66.oe66 (.const:ti_sysbios_knl_Semaphore_LM_pend__C)
                  8382489c    00000004     edma3_drv_bios6_tda2xx_st_sample_pe66.oe66 (.const:ti_sysbios_knl_Semaphore_LM_post__C)
                  838248a0    00000004     edma3_drv_bios6_tda2xx_st_sample_pe66.oe66 (.const:ti_sysbios_knl_Semaphore_Module__diagsEnabled__C)
                  838248a4    00000004     edma3_drv_bios6_tda2xx_st_sample_pe66.oe66 (.const:ti_sysbios_knl_Semaphore_Module__diagsIncluded__C)
                  838248a8    00000004     edma3_drv_bios6_tda2xx_st_sample_pe66.oe66 (.const:ti_sysbios_knl_Semaphore_Module__diagsMask__C)
                  838248ac    00000004     edma3_drv_bios6_tda2xx_st_sample_pe66.oe66 (.const:ti_sysbios_knl_Semaphore_Module__loggerFxn2__C)
                  838248b0    00000004     edma3_drv_bios6_tda2xx_st_sample_pe66.oe66 (.const:ti_sysbios_knl_Semaphore_Module__loggerFxn4__C)
                  838248b4    00000004     edma3_drv_bios6_tda2xx_st_sample_pe66.oe66 (.const:ti_sysbios_knl_Semaphore_Module__loggerObj__C)
                  838248b8    00000004     edma3_drv_bios6_tda2xx_st_sample_pe66.oe66 (.const:ti_sysbios_knl_Swi_LD_end__C)
                  838248bc    00000004     edma3_drv_bios6_tda2xx_st_sample_pe66.oe66 (.const:ti_sysbios_knl_Swi_LM_begin__C)
                  838248c0    00000004     edma3_drv_bios6_tda2xx_st_sample_pe66.oe66 (.const:ti_sysbios_knl_Swi_LM_post__C)
                  838248c4    00000004     edma3_drv_bios6_tda2xx_st_sample_pe66.oe66 (.const:ti_sysbios_knl_Swi_Module__diagsEnabled__C)
                  838248c8    00000004     edma3_drv_bios6_tda2xx_st_sample_pe66.oe66 (.const:ti_sysbios_knl_Swi_Module__diagsIncluded__C)
                  838248cc    00000004     edma3_drv_bios6_tda2xx_st_sample_pe66.oe66 (.const:ti_sysbios_knl_Swi_Module__diagsMask__C)
                  838248d0    00000004     edma3_drv_bios6_tda2xx_st_sample_pe66.oe66 (.const:ti_sysbios_knl_Swi_Module__loggerFxn1__C)
                  838248d4    00000004     edma3_drv_bios6_tda2xx_st_sample_pe66.oe66 (.const:ti_sysbios_knl_Swi_Module__loggerFxn4__C)
                  838248d8    00000004     edma3_drv_bios6_tda2xx_st_sample_pe66.oe66 (.const:ti_sysbios_knl_Swi_Module__loggerObj__C)
[...]
83820990  ti_sysbios_gates_GateHwi_Object__table__V                               
83820998  ti_sysbios_knl_Task_Module_State_0_idleTask__A                          
838209a0  xdc_runtime_Text_charTab__A                                             
8382265a  ti_sysbios_family_c64p_EventCombiner_Module__id__C                      
83823700  ti_sysbios_family_c66_Cache_marvalues__C                                
83823e18  _ctypes_                                                                
83823f1a  ti_sysbios_family_c64p_Exception_Module__id__C                          
8382400c  EDMA3_MAX_RM_INSTANCES                                                  
83824010  xdc_runtime_Text_nodeTab__A                                             
8382439c  ti_sysbios_knl_Task_Object__PARAMS__C                                   
838243d8  edma3LldVersionStr                                                      
8382440e  ti_sysbios_family_c64p_Exception_useInternalBuffer__C                   
83824410  xdc_runtime_Startup_sfxnTab__A                                          
83824470  ti_sysbios_heaps_HeapMem_Module__FXNS__C                                
838244bc  ti_sysbios_gates_GateHwi_Module__FXNS__C                                
838244e0  ti_sysbios_gates_GateMutex_Module__FXNS__C                              
83824504  ti_sysbios_heaps_HeapMem_Object__PARAMS__C                              
83824528  ti_sysbios_knl_Semaphore_Object__PARAMS__C                              
838245ac  ti_sysbios_gates_GateHwi_Object__DESC__C                                
838245cc  ti_sysbios_gates_GateMutex_Object__DESC__C                              
838245ec  ti_sysbios_heaps_HeapMem_Object__DESC__C                                
8382460c  ti_sysbios_knl_Queue_Object__DESC__C                                    
8382462c  ti_sysbios_knl_Semaphore_Object__DESC__C                                
8382464c  ti_sysbios_knl_Task_Object__DESC__C                                     
838246c0  xdc_runtime_Startup_sfxnRts__A                                          
838246da  ti_sysbios_family_c64p_Hwi_Module__id__C                                
838246dc  ti_sysbios_gates_GateHwi_Object__PARAMS__C                              
838246f4  ti_sysbios_gates_GateMutex_Object__PARAMS__C                            
8382470c  ti_sysbios_knl_Queue_Object__PARAMS__C                                  
83824724  ti_sysbios_BIOS_installedErrorHook__C                                   
8382473a  ti_sysbios_family_c64p_Hwi_Module__loggerDefined__C                     
8382474c  ti_sysbios_family_c62_TaskSupport_stackAlignment__C                     
83824750  ti_sysbios_family_c64p_EventCombiner_EVTMASK__C                         
83824760  xdc_runtime_Startup_firstFxns__A                                        
83824774  numEdma3Instances                                                       
83824778  numDsps                                                                 
8382477c  ti_sysbios_knl_Idle_funcList__C                                         
83824784  xdc_runtime_Startup_firstFxns__C                                        
8382478c  xdc_runtime_Startup_lastFxns__C                                         
83824794  ti_sysbios_family_c64p_EventCombiner_A_invalidEventId__C                
83824798  ti_sysbios_family_c64p_EventCombiner_E_unpluggedEvent__C                
8382479c  ti_sysbios_family_c64p_EventCombiner_Module__diagsEnabled__C            
838247a0  ti_sysbios_family_c64p_EventCombiner_Module__diagsIncluded__C           
838247a4  ti_sysbios_family_c64p_EventCombiner_Module__diagsMask__C               
838247a8  ti_sysbios_family_c64p_Exception_E_exceptionMax__C                      
838247ac  ti_sysbios_family_c64p_Exception_exceptionHook__C                       
838247b0  ti_sysbios_family_c64p_Exception_externalHook__C                        
838247b4  ti_sysbios_family_c64p_Exception_internalHook__C                        
838247b8  ti_sysbios_family_c64p_Exception_nmiHook__C                             
838247bc  ti_sysbios_family_c64p_Hwi_LD_end__C                                    
838247c0  ti_sysbios_family_c64p_Hwi_LM_begin__C                                  
838247c4  ti_sysbios_family_c64p_Hwi_Module__diagsEnabled__C                      
838247c8  ti_sysbios_family_c64p_Hwi_Module__diagsIncluded__C                     
838247cc  ti_sysbios_family_c64p_Hwi_Module__diagsMask__C                         
838247d0  ti_sysbios_family_c64p_Hwi_Module__loggerFxn1__C                        
838247d4  ti_sysbios_family_c64p_Hwi_Module__loggerFxn8__C                        
838247d8  ti_sysbios_family_c64p_Hwi_Module__loggerObj__C                         
838247dc  ti_sysbios_family_c66_Cache_E_invalidL1CacheSize__C                     
838247e0  ti_sysbios_family_c66_Cache_E_invalidL2CacheSize__C                     
838247e4  ti_sysbios_family_c66_Cache_atomicBlockSize__C                          
838247e8  ti_sysbios_family_shared_vayu_IntXbar_A_badDspCpuId__C                  
838247ec  ti_sysbios_family_shared_vayu_IntXbar_A_badDspXbarInstanceNum__C        
838247f0  ti_sysbios_family_shared_vayu_IntXbar_A_badIntSourceIdx__C              
838247f4  ti_sysbios_family_shared_vayu_IntXbar_Module__diagsEnabled__C           
838247f8  ti_sysbios_family_shared_vayu_IntXbar_Module__diagsIncluded__C          
838247fc  ti_sysbios_family_shared_vayu_IntXbar_Module__diagsMask__C              
83824800  ti_sysbios_family_shared_vayu_IntXbar_mmrBaseAddr__C                    
83824804  ti_sysbios_gates_GateMutex_A_badContext__C                              
83824808  ti_sysbios_gates_GateMutex_Instance_State_sem__O                        
8382480c  ti_sysbios_gates_GateMutex_Module__diagsEnabled__C                      
83824810  ti_sysbios_gates_GateMutex_Module__diagsIncluded__C                     
83824814  ti_sysbios_gates_GateMutex_Module__diagsMask__C                         
83824818  ti_sysbios_hal_Hwi_E_stackOverflow__C                                   
8382481c  ti_sysbios_heaps_HeapMem_A_align__C                                     
83824820  ti_sysbios_heaps_HeapMem_A_heapSize__C                                  
83824824  ti_sysbios_heaps_HeapMem_A_invalidFree__C                               
83824828  ti_sysbios_heaps_HeapMem_A_zeroBlock__C                                 
8382482c  ti_sysbios_heaps_HeapMem_E_memory__C                                    
83824830  ti_sysbios_heaps_HeapMem_Module__diagsEnabled__C                        
83824834  ti_sysbios_heaps_HeapMem_Module__diagsIncluded__C                       
83824838  ti_sysbios_heaps_HeapMem_Module__diagsMask__C                           
8382483c  ti_sysbios_heaps_HeapMem_Module__gateObj__C                             
83824840  ti_sysbios_heaps_HeapMem_Object__count__C                               
83824844  ti_sysbios_heaps_HeapMem_Object__table__C                               
83824848  ti_sysbios_heaps_HeapMem_reqAlign__C                                    
8382484c  ti_sysbios_knl_Clock_LM_begin__C                                        
83824850  ti_sysbios_knl_Clock_LM_tick__C                                         
83824854  ti_sysbios_knl_Clock_LW_delayed__C                                      
83824858  ti_sysbios_knl_Clock_Module_State_clockQ__O                             
8382485c  ti_sysbios_knl_Clock_Module__diagsEnabled__C                            
83824860  ti_sysbios_knl_Clock_Module__diagsIncluded__C                           
83824864  ti_sysbios_knl_Clock_Module__diagsMask__C                               
83824868  ti_sysbios_knl_Clock_Module__loggerFxn1__C                              
8382486c  ti_sysbios_knl_Clock_Module__loggerFxn2__C                              
83824870  ti_sysbios_knl_Clock_Module__loggerObj__C                               
83824874  ti_sysbios_knl_Clock_doTickFunc__C                                      
83824878  ti_sysbios_knl_Idle_funcList__A                                         
8382487c  ti_sysbios_knl_Queue_Object__count__C                                   
83824880  ti_sysbios_knl_Queue_Object__table__C                                   
83824884  ti_sysbios_knl_Semaphore_A_badContext__C                                
83824888  ti_sysbios_knl_Semaphore_A_noEvents__C                                  
8382488c  ti_sysbios_knl_Semaphore_A_overflow__C                                  
83824890  ti_sysbios_knl_Semaphore_A_pendTaskDisabled__C                          
83824894  ti_sysbios_knl_Semaphore_Instance_State_pendQ__O                        
83824898  ti_sysbios_knl_Semaphore_LM_pend__C                                     
8382489c  ti_sysbios_knl_Semaphore_LM_post__C                                     
838248a0  ti_sysbios_knl_Semaphore_Module__diagsEnabled__C                        
838248a4  ti_sysbios_knl_Semaphore_Module__diagsIncluded__C                       
838248a8  ti_sysbios_knl_Semaphore_Module__diagsMask__C                           
838248ac  ti_sysbios_knl_Semaphore_Module__loggerFxn2__C                          
838248b0  ti_sysbios_knl_Semaphore_Module__loggerFxn4__C                          
838248b4  ti_sysbios_knl_Semaphore_Module__loggerObj__C                           
838248b8  ti_sysbios_knl_Swi_LD_end__C                                            
838248bc  ti_sysbios_knl_Swi_LM_begin__C                                          
838248c0  ti_sysbios_knl_Swi_LM_post__C                                           
838248c4  ti_sysbios_knl_Swi_Module__diagsEnabled__C                              
838248c8  ti_sysbios_knl_Swi_Module__diagsIncluded__C                             
838248cc  ti_sysbios_knl_Swi_Module__diagsMask__C                                 
838248d0  ti_sysbios_knl_Swi_Module__loggerFxn1__C                                
838248d4  ti_sysbios_knl_Swi_Module__loggerFxn4__C                                
838248d8  ti_sysbios_knl_Swi_Module__loggerObj__C                                 
838248dc  ti_sysbios_knl_Swi_Object__count__C                                     
838248e0  ti_sysbios_knl_Swi_Object__table__C                                     
838248e4  ti_sysbios_knl_Task_A_badPriority__C                                    
838248e8  ti_sysbios_knl_Task_A_badTaskState__C                                   
838248ec  ti_sysbios_knl_Task_A_badThreadType__C                                  
838248f0  ti_sysbios_knl_Task_A_noPendElem__C                                     
838248f4  ti_sysbios_knl_Task_E_spOutOfBounds__C                                  
838248f8  ti_sysbios_knl_Task_E_stackOverflow__C                                  
838248fc  ti_sysbios_knl_Task_LD_block__C                                         
83824900  ti_sysbios_knl_Task_LD_exit__C                                          
83824904  ti_sysbios_knl_Task_LD_ready__C                                         
83824908  ti_sysbios_knl_Task_LM_switch__C                                        
8382490c  ti_sysbios_knl_Task_Module_State_inactiveQ__O                           
83824910  ti_sysbios_knl_Task_Module__diagsEnabled__C                             
83824914  ti_sysbios_knl_Task_Module__diagsIncluded__C                            
83824918  ti_sysbios_knl_Task_Module__diagsMask__C                                
8382491c  ti_sysbios_knl_Task_Module__loggerFxn2__C                               
83824920  ti_sysbios_knl_Task_Module__loggerFxn4__C                               
83824924  ti_sysbios_knl_Task_Module__loggerObj__C                                
83824928  ti_sysbios_knl_Task_Object__count__C                                    
8382492c  ti_sysbios_knl_Task_Object__table__C                                    
83824930  ti_sysbios_knl_Task_allBlockedFunc__C                                   
83824934  ti_sysbios_knl_Task_defaultStackHeap__C                                 
83824938  ti_sysbios_knl_Task_defaultStackSize__C                                 
8382493c  ti_sysbios_knl_Task_numConstructedTasks__C                              
83824940  ti_sysbios_timers_dmtimer_Timer_E_cannotSupport__C                      
83824944  ti_sysbios_timers_dmtimer_Timer_E_freqMismatch__C                       
83824948  ti_sysbios_timers_dmtimer_Timer_Module__diagsEnabled__C                 
8382494c  ti_sysbios_timers_dmtimer_Timer_Module__diagsIncluded__C                
83824950  ti_sysbios_timers_dmtimer_Timer_Module__diagsMask__C                    
83824954  ti_sysbios_timers_dmtimer_Timer_numTimerDevices__C                      
83824958  xdc_runtime_Assert_E_assertFailed__C                                    
8382495c  xdc_runtime_Core_A_initializedParams__C                                 
83824960  xdc_runtime_Core_Module__diagsEnabled__C                                
83824964  xdc_runtime_Core_Module__diagsIncluded__C                               
83824968  xdc_runtime_Core_Module__diagsMask__C                                   
8382496c  xdc_runtime_Error_E_memory__C                                           
83824970  xdc_runtime_Error_Module__diagsEnabled__C                               
83824974  xdc_runtime_Error_Module__diagsIncluded__C                              
83824978  xdc_runtime_Error_Module__diagsMask__C                                  
8382497c  xdc_runtime_Error_Module__loggerFxn8__C                                 
83824980  xdc_runtime_Error_Module__loggerObj__C                                  
83824984  xdc_runtime_Error_policyFxn__C                                          
83824988  xdc_runtime_Error_policy__C                                             
8382498c  xdc_runtime_Error_raiseHook__C                                          
83824990  xdc_runtime_IGateProvider_Interface__BASE__C                            
83824994  xdc_runtime_IHeap_Interface__BASE__C                                    
83824998  xdc_runtime_IModule_Interface__BASE__C                                  
8382499c  xdc_runtime_Log_L_error__C                                              
838249a0  xdc_runtime_Main_Module__diagsEnabled__C                                
838249a4  xdc_runtime_Main_Module__diagsIncluded__C                               
838249a8  xdc_runtime_Main_Module__diagsMask__C                                   
838249ac  xdc_runtime_Memory_defaultHeapInstance__C                               
838249b0  xdc_runtime_Startup_execImpl__C                                         
838249b4  xdc_runtime_Startup_maxPasses__C                                        
838249b8  xdc_runtime_Startup_sfxnRts__C                                          
838249bc  xdc_runtime_Startup_sfxnTab__C                                          
838249c0  xdc_runtime_Startup_startModsFxn__C                                     
838249c4  xdc_runtime_SysMin_bufSize__C                                           
838249c8  xdc_runtime_SysMin_outputFunc__C                                        
838249cc  xdc_runtime_System_Module__gateObj__C                                   
838249d0  xdc_runtime_System_abortFxn__C                                          
838249d4  xdc_runtime_System_exitFxn__C                                           
838249d8  xdc_runtime_System_extendFxn__C                                         
838249dc  xdc_runtime_System_maxAtexitHandlers__C                                 
838249e0  xdc_runtime_Text_charTab__C                                             
838249e4  xdc_runtime_Text_nameEmpty__C                                           
838249e8  xdc_runtime_Text_nameStatic__C                                          
838249ec  xdc_runtime_Text_nameUnknown__C                                         
838249f0  xdc_runtime_Text_nodeTab__C                                             
838249f4  xdc_runtime_Text_visitRopeFxn__C                                        
838249f8  ti_sysbios_family_c66_Cache_Module__id__C                               
838249fa  ti_sysbios_family_c66_Cache_registerRTSSynch__C                         
838249fc  ti_sysbios_family_shared_vayu_IntXbar_Module__id__C                     
838249fe  ti_sysbios_gates_GateMutex_Module__id__C                                
83824a00  ti_sysbios_hal_Hwi_Module__id__C                                        
83824a02  ti_sysbios_heaps_HeapMem_Module__id__C                                  
83824a04  ti_sysbios_knl_Clock_Module__id__C                                      
83824a06  ti_sysbios_knl_Clock_Module__loggerDefined__C                           
83824a08  ti_sysbios_knl_Semaphore_Module__id__C                                  
83824a0a  ti_sysbios_knl_Semaphore_Module__loggerDefined__C                       
83824a0c  ti_sysbios_knl_Swi_Module__id__C                                        
83824a0e  ti_sysbios_knl_Swi_Module__loggerDefined__C                             
83824a10  ti_sysbios_knl_Task_Module__id__C                                       
83824a12  ti_sysbios_knl_Task_Module__loggerDefined__C                            
83824a14  ti_sysbios_timers_dmtimer_Timer_Module__id__C                           
83824a16  ti_sysbios_timers_dmtimer_Timer_checkFrequency__C                       
83824a18  ti_sysbios_timers_dmtimer_Timer_startupNeeded__C                        
83824a1a  xdc_runtime_Core_Module__id__C                                          
83824a1c  xdc_runtime_Error_Module__loggerDefined__C                              
83824a1e  xdc_runtime_Error_maxDepth__C                                           
83824a20  xdc_runtime_Main_Module__id__C                                          
83824a22  xdc_runtime_Memory_Module__id__C                                        
83824a24  xdc_runtime_SysMin_flushAtExit__C                                       
83824a26  xdc_runtime_Text_charCnt__C                                             
83824a28  xdc_runtime_Text_isLoaded__C                                            
83824a2a  xdc_runtime_Text_registryModsLastId__C                                  
83824a2c  xdc_runtime_Text_unnamedModsLastId__C                                   
83824a80  _pingpongSrcBuf                                                         
83825800  _pingpongDestBuf                                                        
83826580  _srcBuff1                                                               
83826600  _dstBuff1                                                               
83826680  _srcBuff2                                                               
83826700  _dstBuff2                                                               
83826740  _stack                                                                  
83827740  __TI_STACK_END                                                          
83827780  _dstL1DBuff1                                                            
83827a00  _dstL1DBuff2                                                            
83827ce0  __CIOBUF_                                                               
ffffffff  __TI_pprof_out_hndl                                                     
ffffffff  __TI_prof_data_size                                                     
ffffffff  __TI_prof_data_start                                                    
ffffffff  __binit__                                                               
ffffffff  __c_args__                                                              
ffffffff  binit                                                                   
UNDEFED   __TI_INITARRAY_Base                                                     
UNDEFED   __TI_INITARRAY_Limit                                                    
UNDEFED   __TI_TLS_INIT_Base                                                      
UNDEFED   __TI_TLS_INIT_Limit                                                     

[799 symbols]
